GEO=1 N=182 FAM=D W=2..9 (D: W1<=7 W2<=7) TOP=20 ITER2=40000 REST2=8 A=1,2,3
  W1=2 W2=2 : Rmax=16 ; meilleur qoff=-13.594
  W1=2 W2=3 : Rmax=13 ; meilleur qoff=-13.205
  W1=2 W2=4 : Rmax=23 ; meilleur qoff=-13.393
  W1=2 W2=5 : Rmax=25 ; meilleur qoff=-13.289
  W1=2 W2=6 : Rmax=29 ; meilleur qoff=-13.335
  W1=2 W2=7 : Rmax=36 ; meilleur qoff=-13.267
  W1=3 W2=2 : Rmax=13 ; meilleur qoff=-13.393
  W1=3 W2=3 : Rmax=14 ; meilleur qoff=-13.310
  W1=3 W2=4 : Rmax=17 ; meilleur qoff=-13.311
  W1=3 W2=5 : Rmax=31 ; meilleur qoff=-12.530
  W1=3 W2=6 : Rmax=31 ; meilleur qoff=-13.134
  W1=3 W2=7 : Rmax=36 ; meilleur qoff=-12.819
  W1=4 W2=2 : Rmax=15 ; meilleur qoff=-13.067
  W1=4 W2=3 : Rmax=17 ; meilleur qoff=-13.424
  W1=4 W2=4 : Rmax=20 ; meilleur qoff=-13.302
  W1=4 W2=5 : Rmax=28 ; meilleur qoff=-13.372
  W1=4 W2=6 : Rmax=31 ; meilleur qoff=-13.255
  W1=4 W2=7 : Rmax=44 ; meilleur qoff=-13.112
  W1=5 W2=2 : Rmax=31 ; meilleur qoff=-13.036
  W1=5 W2=3 : Rmax=26 ; meilleur qoff=-13.199
  W1=5 W2=4 : Rmax=29 ; meilleur qoff=-13.054
  W1=5 W2=5 : Rmax=40 ; meilleur qoff=-12.855
  W1=5 W2=6 : Rmax=43 ; meilleur qoff=-12.925
  W1=5 W2=7 : Rmax=41 ; meilleur qoff=-13.020
  W1=6 W2=2 : Rmax=37 ; meilleur qoff=-13.236
  W1=6 W2=3 : Rmax=27 ; meilleur qoff=-12.957
  W1=6 W2=4 : Rmax=33 ; meilleur qoff=-13.144
  W1=6 W2=5 : Rmax=38 ; meilleur qoff=-13.204
  W1=6 W2=6 : Rmax=46 ; meilleur qoff=-12.979
  W1=6 W2=7 : Rmax=46 ; meilleur qoff=-12.896
  W1=7 W2=2 : Rmax=34 ; meilleur qoff=-12.948
  W1=7 W2=3 : Rmax=39 ; meilleur qoff=-13.115
  W1=7 W2=4 : Rmax=52 ; meilleur qoff=-12.953
  W1=7 W2=5 : Rmax=52 ; meilleur qoff=-13.268
  W1=7 W2=6 : Rmax=50 ; meilleur qoff=-13.024
  W1=7 W2=7 : Rmax=61 ; meilleur qoff=-13.097
MEILLEUR qoff=-12.530 W=3 P=2 1 3 | W2=5 Q=4 2 1 5 3  (R=22)
CLAIR=SIMESYLEMASMLYACAIESECUREIDARMIAENSCYCUMECONLENUNOSYILILLOSCLASUDUENYERDOCCYOAEDEMIRCIIYDLOSCLAMUDARRIASLEESMORAIDACIRDOSAYSASOUNDALRUEYCLESYASUICRMINUUAALDANUCRLOCIAOINSUYOLMYRLYUDE
ré-enchiffrement : 0/182 symboles différents, collisions=0 (exact)
