GEO=1 N=182 FAM=D W=2..9 (D: W1<=7 W2<=7) TOP=20 ITER2=40000 REST2=8 A=1,2,3
  W1=2 W2=2 : Rmax=16 ; meilleur qoff=-12.550
  W1=2 W2=3 : Rmax=13 ; meilleur qoff=-12.654
  W1=2 W2=4 : Rmax=23 ; meilleur qoff=-12.681
  W1=2 W2=5 : Rmax=25 ; meilleur qoff=-12.806
  W1=2 W2=6 : Rmax=29 ; meilleur qoff=-12.634
  W1=2 W2=7 : Rmax=36 ; meilleur qoff=-12.779
  W1=3 W2=2 : Rmax=13 ; meilleur qoff=-12.781
  W1=3 W2=3 : Rmax=14 ; meilleur qoff=-12.773
  W1=3 W2=4 : Rmax=17 ; meilleur qoff=-12.813
  W1=3 W2=5 : Rmax=31 ; meilleur qoff=-12.241
  W1=3 W2=6 : Rmax=31 ; meilleur qoff=-12.300
  W1=3 W2=7 : Rmax=36 ; meilleur qoff=-12.555
  W1=4 W2=2 : Rmax=15 ; meilleur qoff=-12.436
  W1=4 W2=3 : Rmax=17 ; meilleur qoff=-12.789
  W1=4 W2=4 : Rmax=20 ; meilleur qoff=-12.723
  W1=4 W2=5 : Rmax=28 ; meilleur qoff=-12.734
  W1=4 W2=6 : Rmax=31 ; meilleur qoff=-12.715
  W1=4 W2=7 : Rmax=44 ; meilleur qoff=-12.714
  W1=5 W2=2 : Rmax=31 ; meilleur qoff=-12.623
  W1=5 W2=3 : Rmax=26 ; meilleur qoff=-12.669
  W1=5 W2=4 : Rmax=29 ; meilleur qoff=-12.894
  W1=5 W2=5 : Rmax=40 ; meilleur qoff=-12.722
  W1=5 W2=6 : Rmax=43 ; meilleur qoff=-12.736
  W1=5 W2=7 : Rmax=41 ; meilleur qoff=-12.482
  W1=6 W2=2 : Rmax=37 ; meilleur qoff=-12.662
  W1=6 W2=3 : Rmax=27 ; meilleur qoff=-12.446
  W1=6 W2=4 : Rmax=33 ; meilleur qoff=-12.502
  W1=6 W2=5 : Rmax=38 ; meilleur qoff=-12.713
  W1=6 W2=6 : Rmax=46 ; meilleur qoff=-12.533
  W1=6 W2=7 : Rmax=46 ; meilleur qoff=-12.381
  W1=7 W2=2 : Rmax=34 ; meilleur qoff=-12.291
  W1=7 W2=3 : Rmax=39 ; meilleur qoff=-12.493
  W1=7 W2=4 : Rmax=52 ; meilleur qoff=-12.634
  W1=7 W2=5 : Rmax=52 ; meilleur qoff=-12.348
  W1=7 W2=6 : Rmax=50 ; meilleur qoff=-12.504
  W1=7 W2=7 : Rmax=61 ; meilleur qoff=-12.441
MEILLEUR qoff=-12.241 W=3 P=2 1 3 | W2=5 Q=4 2 1 5 3  (R=22)
CLAIR=NEDINGRIDANDRGATAEINITOSIECASDEAILNTGTODITULRILOLUNGERERRUNTRANOCOILGISCUTTGUAICIDESTEEGCRUNTRADOCASSEANRIINDUSAECATESCUNAGNANUOLCARSOIGTRINGANOETSDELOOAARCALOTSRUTEAUELNOGURDGSRGOCI
ré-enchiffrement : 0/182 symboles différents, collisions=0 (exact)
