[de_6343.txt fenêtre 0] G_int = +10.12 (nul moy +6.79, p = 0.239) ; G'_int = +3.41 (nul moy +2.30, p = 0.383) ; G_fen = +33.73 (nul moy +35.24, p = 0.647) ; G_pos = +2.05 (nul moy -1.16, p = 0.050)
[de_6343.txt fenêtre 1] G_int = +11.18 (nul moy +4.23, p = 0.045) ; G'_int = +11.50 (nul moy +4.95, p = 0.075) ; G_fen = +36.21 (nul moy +31.93, p = 0.204) ; G_pos = +1.67 (nul moy -1.17, p = 0.065)
[de_6343.txt fenêtre 2] G_int = +7.17 (nul moy +6.81, p = 0.478) ; G'_int = -2.47 (nul moy +3.40, p = 0.925) ; G_fen = +43.31 (nul moy +39.42, p = 0.249) ; G_pos = -2.78 (nul moy -1.52, p = 0.751)
[de_6343.txt fenêtre 3] G_int = +10.63 (nul moy +9.54, p = 0.358) ; G'_int = +4.97 (nul moy +5.81, p = 0.562) ; G_fen = +17.97 (nul moy +19.25, p = 0.622) ; G_pos = -0.74 (nul moy -0.79, p = 0.602)
[de_6343.txt fenêtre 4] G_int = +14.33 (nul moy +8.59, p = 0.134) ; G'_int = +5.32 (nul moy +3.90, p = 0.333) ; G_fen = +19.59 (nul moy +25.72, p = 0.891) ; G_pos = +0.79 (nul moy -0.81, p = 0.179)
[de_6343.txt fenêtre 5] G_int = +7.82 (nul moy +11.77, p = 0.701) ; G'_int = +6.85 (nul moy +9.81, p = 0.692) ; G_fen = +21.62 (nul moy +26.02, p = 0.786) ; G_pos = -14.79 (nul moy -1.38, p = 1.000)
[de_6343.txt fenêtre 6] G_int = +5.97 (nul moy +7.39, p = 0.577) ; G'_int = +1.51 (nul moy +3.13, p = 0.652) ; G_fen = +33.06 (nul moy +40.49, p = 0.945) ; G_pos = +0.34 (nul moy -1.17, p = 0.244)
[de_6343.txt fenêtre 7] G_int = +5.01 (nul moy +5.52, p = 0.552) ; G'_int = -4.70 (nul moy +0.75, p = 0.965) ; G_fen = +42.05 (nul moy +45.02, p = 0.741) ; G_pos = +1.75 (nul moy -1.17, p = 0.085)
[de_6343.txt fenêtre 8] G_int = +2.35 (nul moy +8.66, p = 0.900) ; G'_int = -0.11 (nul moy +4.76, p = 0.886) ; G_fen = +28.01 (nul moy +26.67, p = 0.378) ; G_pos = +5.25 (nul moy -0.96, p = 0.010)
[de_6343.txt fenêtre 9] G_int = +4.31 (nul moy +4.65, p = 0.507) ; G'_int = +5.45 (nul moy +3.86, p = 0.333) ; G_fen = +28.42 (nul moy +26.51, p = 0.388) ; G_pos = -2.71 (nul moy -1.25, p = 0.786)
==> de_6343.txt : G_int au niveau du nul (p > 0,01) dans 10/10
[ru_37196.txt fenêtre 0] G_int = +8.47 (nul moy +7.71, p = 0.413) ; G'_int = +5.64 (nul moy +6.52, p = 0.552) ; G_fen = +1.15 (nul moy +5.43, p = 0.866) ; G_pos = +1.68 (nul moy -1.28, p = 0.100)
[ru_37196.txt fenêtre 1] G_int = +4.47 (nul moy +6.24, p = 0.662) ; G'_int = +4.95 (nul moy +6.16, p = 0.622) ; G_fen = +34.06 (nul moy +27.60, p = 0.104) ; G_pos = -1.08 (nul moy -1.07, p = 0.577)
[ru_37196.txt fenêtre 2] G_int = +2.68 (nul moy +6.02, p = 0.806) ; G'_int = +5.03 (nul moy +6.90, p = 0.672) ; G_fen = +13.65 (nul moy +12.24, p = 0.443) ; G_pos = +2.97 (nul moy -0.73, p = 0.065)
[ru_37196.txt fenêtre 3] G_int = +15.09 (nul moy +11.75, p = 0.249) ; G'_int = +7.42 (nul moy +5.90, p = 0.328) ; G_fen = +5.95 (nul moy +9.16, p = 0.796) ; G_pos = -7.72 (nul moy -1.35, p = 0.970)
[ru_37196.txt fenêtre 4] G_int = +4.86 (nul moy +8.95, p = 0.781) ; G'_int = +10.89 (nul moy +9.79, p = 0.393) ; G_fen = +23.11 (nul moy +21.12, p = 0.358) ; G_pos = +1.23 (nul moy -0.43, p = 0.239)
[ru_37196.txt fenêtre 5] G_int = +4.45 (nul moy +9.17, p = 0.821) ; G'_int = +0.37 (nul moy +5.64, p = 0.881) ; G_fen = -2.66 (nul moy +5.92, p = 0.970) ; G_pos = -0.62 (nul moy -1.03, p = 0.577)
[ru_37196.txt fenêtre 6] G_int = +4.89 (nul moy +9.28, p = 0.801) ; G'_int = +4.67 (nul moy +5.26, p = 0.527) ; G_fen = +3.00 (nul moy +5.77, p = 0.781) ; G_pos = +0.31 (nul moy -0.82, p = 0.279)
[ru_37196.txt fenêtre 7] G_int = +12.37 (nul moy +14.15, p = 0.577) ; G'_int = +16.85 (nul moy +9.03, p = 0.104) ; G_fen = -5.31 (nul moy +1.66, p = 0.940) ; G_pos = -9.30 (nul moy -1.18, p = 0.990)
[ru_37196.txt fenêtre 8] G_int = +12.60 (nul moy +10.46, p = 0.313) ; G'_int = +10.80 (nul moy +5.73, p = 0.129) ; G_fen = +1.05 (nul moy +6.62, p = 0.915) ; G_pos = +0.70 (nul moy -0.65, p = 0.244)
[ru_37196.txt fenêtre 9] G_int = +5.95 (nul moy +11.79, p = 0.801) ; G'_int = -0.53 (nul moy +9.40, p = 0.985) ; G_fen = +4.94 (nul moy +0.39, p = 0.085) ; G_pos = +0.47 (nul moy -0.74, p = 0.249)
==> ru_37196.txt : G_int au niveau du nul (p > 0,01) dans 10/10
[pl_8119.txt fenêtre 0] G_int = +4.15 (nul moy +10.16, p = 0.905) ; G'_int = +5.36 (nul moy +7.87, p = 0.682) ; G_fen = +5.05 (nul moy +3.97, p = 0.468) ; G_pos = +3.82 (nul moy -1.18, p = 0.025)
[pl_8119.txt fenêtre 1] G_int = +7.66 (nul moy +10.74, p = 0.731) ; G'_int = +12.95 (nul moy +13.02, p = 0.502) ; G_fen = +4.67 (nul moy -0.63, p = 0.035) ; G_pos = +0.93 (nul moy -1.02, p = 0.209)
[pl_8119.txt fenêtre 2] G_int = +11.11 (nul moy +12.87, p = 0.577) ; G'_int = +6.13 (nul moy +8.25, p = 0.592) ; G_fen = -0.78 (nul moy +1.56, p = 0.761) ; G_pos = +0.47 (nul moy -0.75, p = 0.294)
[pl_8119.txt fenêtre 3] G_int = +14.70 (nul moy +12.23, p = 0.264) ; G'_int = +14.61 (nul moy +11.99, p = 0.284) ; G_fen = -0.45 (nul moy -2.07, p = 0.408) ; G_pos = -2.72 (nul moy -0.98, p = 0.796)
[pl_8119.txt fenêtre 4] G_int = +8.86 (nul moy +7.91, p = 0.388) ; G'_int = +9.30 (nul moy +11.45, p = 0.662) ; G_fen = +8.17 (nul moy +0.20, p = 0.015) ; G_pos = +0.68 (nul moy -1.28, p = 0.229)
[pl_8119.txt fenêtre 5] G_int = +21.99 (nul moy +9.31, p = 0.020) ; G'_int = +19.88 (nul moy +10.25, p = 0.030) ; G_fen = -0.48 (nul moy +0.94, p = 0.706) ; G_pos = +0.78 (nul moy -1.19, p = 0.144)
[pl_8119.txt fenêtre 6] G_int = +22.62 (nul moy +16.21, p = 0.149) ; G'_int = +20.34 (nul moy +13.69, p = 0.104) ; G_fen = +5.59 (nul moy +2.37, p = 0.179) ; G_pos = -0.25 (nul moy -1.28, p = 0.413)
[pl_8119.txt fenêtre 7] G_int = +10.96 (nul moy +13.95, p = 0.711) ; G'_int = +11.38 (nul moy +16.07, p = 0.776) ; G_fen = -1.83 (nul moy -1.97, p = 0.557) ; G_pos = +0.06 (nul moy -1.07, p = 0.358)
[pl_8119.txt fenêtre 8] G_int = +5.37 (nul moy +10.99, p = 0.886) ; G'_int = +14.34 (nul moy +12.55, p = 0.338) ; G_fen = +8.05 (nul moy +3.19, p = 0.114) ; G_pos = -5.25 (nul moy -1.36, p = 0.910)
[pl_8119.txt fenêtre 9] G_int = +9.25 (nul moy +12.10, p = 0.682) ; G'_int = +8.18 (nul moy +12.29, p = 0.766) ; G_fen = +5.29 (nul moy +3.41, p = 0.428) ; G_pos = -4.20 (nul moy -0.79, p = 0.940)
==> pl_8119.txt : G_int au niveau du nul (p > 0,01) dans 10/10
[nl_11024.txt fenêtre 0] G_int = +4.17 (nul moy +3.01, p = 0.343) ; G'_int = +5.47 (nul moy +4.40, p = 0.343) ; G_fen = +36.27 (nul moy +27.31, p = 0.050) ; G_pos = -2.52 (nul moy -1.34, p = 0.711)
[nl_11024.txt fenêtre 1] G_int = -0.06 (nul moy +2.26, p = 0.771) ; G'_int = +2.37 (nul moy +2.10, p = 0.433) ; G_fen = +47.86 (nul moy +48.03, p = 0.522) ; G_pos = -0.85 (nul moy -1.52, p = 0.453)
[nl_11024.txt fenêtre 2] G_int = +1.83 (nul moy +3.91, p = 0.706) ; G'_int = -2.70 (nul moy +2.73, p = 0.955) ; G_fen = +37.13 (nul moy +32.07, p = 0.134) ; G_pos = -2.09 (nul moy -1.42, p = 0.657)
[nl_11024.txt fenêtre 3] G_int = +6.95 (nul moy +4.33, p = 0.254) ; G'_int = +13.87 (nul moy +8.14, p = 0.100) ; G_fen = +24.51 (nul moy +29.81, p = 0.826) ; G_pos = -0.71 (nul moy -1.07, p = 0.517)
[nl_11024.txt fenêtre 4] G_int = +5.38 (nul moy +6.86, p = 0.612) ; G'_int = +5.48 (nul moy +6.67, p = 0.572) ; G_fen = +35.07 (nul moy +35.26, p = 0.532) ; G_pos = -0.99 (nul moy -1.12, p = 0.587)
[nl_11024.txt fenêtre 5] G_int = -0.80 (nul moy +3.24, p = 0.905) ; G'_int = +4.71 (nul moy +7.73, p = 0.766) ; G_fen = +40.71 (nul moy +36.89, p = 0.229) ; G_pos = -4.00 (nul moy -1.32, p = 0.891)
[nl_11024.txt fenêtre 6] G_int = +7.16 (nul moy +5.72, p = 0.353) ; G'_int = +7.07 (nul moy +3.64, p = 0.159) ; G_fen = +39.32 (nul moy +34.87, p = 0.234) ; G_pos = +0.34 (nul moy -1.59, p = 0.199)
[nl_11024.txt fenêtre 7] G_int = -1.21 (nul moy +1.91, p = 0.881) ; G'_int = +0.13 (nul moy +6.53, p = 0.945) ; G_fen = +30.31 (nul moy +24.77, p = 0.194) ; G_pos = +1.82 (nul moy -1.04, p = 0.075)
[nl_11024.txt fenêtre 8] G_int = +3.43 (nul moy +4.44, p = 0.527) ; G'_int = +10.68 (nul moy +9.76, p = 0.383) ; G_fen = +19.17 (nul moy +21.30, p = 0.692) ; G_pos = -2.40 (nul moy -1.47, p = 0.736)
[nl_11024.txt fenêtre 9] G_int = -0.74 (nul moy +5.27, p = 0.896) ; G'_int = -0.59 (nul moy +6.63, p = 0.940) ; G_fen = +20.14 (nul moy +18.97, p = 0.468) ; G_pos = -2.52 (nul moy -1.63, p = 0.736)
==> nl_11024.txt : G_int au niveau du nul (p > 0,01) dans 10/10
