11/18/2008 1:29:04 PM	K2	9	KRYPTOS	ABEYANCE	BASE EAVE EVER GENE LEES LIEN PAVE TOLE TURD 	ITMHHLYKALFCWSNESIPXNRYNSTCHFJYYSIPXNLEAYURMMLEAEAVEVNIPGNSEWVCEELOOFRBENFKBKQREONMHHKTKHEVMMQJSTRYKHOFKTEOYRWBWGRJYRWRRANJKBSYNNLKJILFRNXOFNNHPNGFMDGJRWAPFPLRDISZUNIPDOUFLWLPTURDMMMMKTHSBNNYHEWCMCXUNHOUKGDPKHESOIVRGOCYEWMJRNLWTOLEESWYGVYPGASZZNNPPGENEVYXKYEDQVLAAGRSMHZFBTYRMTXJHINJENNPEXPKVRLCEVERMLMJSSNKBFRPAVEHEDNBMENOMUHBASEDQVLIENUZMHZYWTYAFPHPACOHLHDBYTIOIDHYNS
11/18/2008 1:29:05 PM	K2	8	KRYPTOS	ABJECTNESS	AWAY BAUD GRID IMAM MEAT NINE SANE TROD 	ITGOFSMKBNJPHHNMQFBQNFUNTBROGPTOWFOVAZHFYUVCJSRAFCKOGRIDRJEAWAYECUWVGHDHDCYSHYTJONGOFIQKIGKFCYJGMXAVHJOKYIWNYDDKTXMKIOTSANELSUMNQNTDSZFBAUDBNTAPLLTCEKMTHTODLZTIISQFLTNDSWJEHZPECXIHMPEKYMXZQSTLYQEJWSXXHOJLEZNKIGDZSTRQNSAAWPCRLUIUSTGHWQTEDDSMASQJLBNPHGWOGDXAJBIJVYKAEOXCIFHEUZPJMSNNINEYLBNEZOTJMZCMDBSHLPCSTWMZGHODGBJCXREWENKCNPXAAGHHGZIMAMTHHDUWYSZPTRODKYJIYMEATIKSBPMNA
11/18/2008 1:29:09 PM	K2	80	KRYPTOS	ABSCISSA	ABOUT ALLY ANGLE BOUT CATION DEGREE DOES EARTH EIGHT EVEN EVENT EXACT FIELD FIFTY FIVE FORM FORMAT FORMATION FORT FORTY FOUR GATHER GATHERED HERE HIST INFO INFORM INFORMATION INVISIBLE KNOW KNOWN LAST LOCATION MAGNET MAGNETIC MESS MESSAGE MINUTE MINUTES MITT NORTH ONLY OURS POINT POSSIBLE SAGE SECOND SECONDS SEVEN SEVENTY SHOULD SLANG SNORT SOME SOMEWHERE SWASH TALL TALLY THAT THEE THERE THERES THEY THIRTY THIS TOTAL TOTALLY TRANS TRANSMIT TWAS UNDER UNKNOWN USED VEND VENT VISIBLE WASH WAST WEST WHERE 	ITWASTOTALLYINVISIBLEHOWSTHATPOSSIBLETHEYUSEDTHEEARTHSMAGNETICFIELDXTHEINFORMATIONWASGATHEREDANDTRANSMITTEDUNDERGRUUNDTOANUNKNOWNLOCATIONXDOESLANGLEYKNOWABOUTTHISTHEYSHOULDITSBURIEDOUTTHERESOMEWHEREXWHOKNOWSTHEEXACTLOCATIONONLYWWTHISWASHISLASTMESSAGEXTHIRTYEIGHTDEGREESFIFTYSEVENMINUTESSIXPOINTFIVESECONDSNORTHSEVENTYSEVENDEGREESEIGHTMINUTESFORTYFOURSECONDSWESTIDBYROWS
11/18/2008 1:29:09 PM	K2	9	KRYPTOS	ABSCISSAE	CATION EXPO FORM FORMAT LAIN POINT TWAS WAST WHOD 	ITWASTOTPMIOUDVJSFAMQEVXAOCCEPYXALAINYHCQWSGHPFFCKRAVRLSHMYAXBAIDNAMGHDENFORMATIRQUDFTAOHBKFNTDEOYYUGMFVOGCNRBEZOPUWWCYSOFUVBHTVQJVFJPDOMKAZQSJPNGLEYKNONBSBRUTIIPPIQZWISVFFVTPKVPHCMPUYVJEPIOPNCJHHCSWVITLVHVRTGGBMJCPGOCATIONOIMKKPUHJSQSAWFWMBAZQMSPZHGWYVGRYQGIIMPBFEQEHHAHEORWHODHMHUMXQSOEXPOINTFIMFTHIVNESJTYGEWFWFHSCSBHFUCCUZECXGIIMPJJLHTHHATKORPBTKREBAJTIWDYTIDBYROWY
11/18/2008 1:29:09 PM	K2	8	KRYPTOS	ABSCISSION	COPE KNOW MESS QUIZ THEY TWAS USED WAST 	ITWASTOVCSJPXJGJABCANFOUXSHRHJTOAHZQQUIZYUSEDTHPGVKOWPCBHFFQWAFGPNDMHRDHQEVTRXOPONWASGAVJKKFNTDEOQBCHJIYVGDIPWDKHKFXYRONANUNKNOIUSTDJRSSQLEUNTLOEILOFGMTXSZBTUOYISTHEYSSADJEXRWCVQJRMPUYVJEUUNTLFVOHDYZEHOKNOWSVJKDZJSUMSYBQWPNPENYLALGHAVXCWSAOASTMESSZIKWOWFMOPTJPVYDCOPEOJZHEORWHOYQSINUTESSAKMTJYRPJWTARLPNBXUOUHRODWDDAEWFDENDEGREPBKHHWRCJQHORHDOZVTFZOHODDTDGIHFQTIDBYROIB
11/18/2008 1:29:09 PM	K2	8	KRYPTOS	ABSENTEE	BIAS EXPO MEND RAVE RAVEN SWAT URIC YEAH 	ITWOYSKKALLKEULESIBIAJKNSTHOKOKYSIBIASCAYUSCSSCAEARYDBGPGNEYEEAEELDVKJSENFOZHCZEONWOYIYKHERCSCHSTRALYQDKTEDNIFSWGRUNIFZRANULVUKNNLOAPSDRNXDPABFPNGLCXYHRWABPLSZDISTFATRDOULBESRTURICSAJKTHEZABKHEWHCWGNNHOKLRZRKHEEVPEZGOCAYEAHRNLYUNSCESWATDLRGASTJABRPGEXYDLVKYEIEDSOAGRECYHDBTYSCMGHHINUYABREXPOGISAEVESCOAHSSNOZKJRAVENYXBSMENDCCPSASEIEDSGENUTCYHKWTYFPLPRACONBYZSYTIDSXPKNS
11/18/2008 1:29:10 PM	K2	10	KRYPTOS	ABSOLUTE	BACON EXPO HEEL LIKE LOGO MEND MUST STRAW THEY WHIZ 	ITWETIAKALLSGTXESIBUCZANSTHEYHAYSIBUCIJAYUSIBIJAEARBFLQPGNEBGQHEELDYYZGENFOOJMSEONWETXCKHERIBMUSTRAWTPLKTEDZLUGWGRUZLUSRANUWXTANNLOGOILRNXDCCLNPNGLIKEURWABCNISDISTMCGBDOULHGIBTURIIBJWKTHEOCLAHEWHIZVKNHOKWPBBKHEEYOQSGOCABGJURNLYRUIJESWADFKBGASTVCLBPGEXBFKPKYEILFIFAGREITWLBTYSIQVUHINUBCLBEXPONLIHEVESIAJUSSNOOYZBAVENBKLGMENDIEFGASEILFIQENUTITWAWTYFCNFBACONHTBGYTIDFKFANS
11/18/2008 1:29:12 PM	K2	8	KRYPTOS	ABSTRACTION	ARMY CRAP CRAPS HARM MART SHAG VAST ZOOM 	ITWFQPYAZQTTVNXUSHDEURTVABNCDOVBQJSQVCGCOHARMYHHLBXCHAOAFUGFWSHAGSCZGJJILJVOHSYJBKVALTBMHERJXSJGVTQUGMLDTDFIPWDKHOKWZFUAUQNVEXTUVDSZIYIBZZADEATAMINNDWUWZVASTSCHGDUMARTIBYJDKUAVURIJXTMAVLXPMSAXEVJOEXWVICOUEZWSYFCRMHPIBYBQWPNBZMZYWORIOZCHVFBCCUPNQBEAEIIBDHZOOMHGZUEZGREJQEFIVONGPEUXIMWXUNOHZADLZSPLDFTHQDMBCFSLFFSHYFJCYAXVDUFNUXGPBKHHWSWILZUIYEPYACEOSMAZCONIQVBCVMWDCRAPS
11/18/2008 1:30:13 PM	K2	9	KRYPTOS	AMORAL	BEGIN BUNT CLONE DUDE GREW LONE NEON TRIM WUSS 	IQXIHNTNCXJQWAWUSSABUNTGSQIIFMTUBVACNMILYFOYQCGREWYFVULVIKDVWWGUEBCIHNDONYSCKVPTAKVZHRBDHYKYQFMKTLBRHAHNSMCGRXFAGMQFPIPUACVRBBTFUXTRIMJENICVUEJWNPMNDIMQZHAWPMOQIWPOUAOTOEMMWNOWWBHPMNVDTODMUETBEGINCKWFJFZEGEADHYDILHPAOZBFWQMQUXRIOMIUSHSWXQOAAVOKNUOVIMWVVPYDYYHTXCCRGLFNHRHRSCOPTZQXIDQUUEOOXNSWRNETXMOPLNQJSDTMHNORVRQFDUDEGKCPUIFLSYHTXCLONEONHRTJSCEWPIALCVMRJYDVTOEJDJTFB
11/18/2008 1:30:14 PM	K2	8	KRYPTOS	AMPLIFICATION	ALGA BETA GROW HAVE RICK SASH SKEW WEAN 	IQKZSXVYAUBSEMDNVBYELGAIBNGXJMVRXHAVEORELKUOGUEEHKYQVQUWOIYTWEPLZMXTYOOALGAUYQPTCDHTSDSASHHGADBYZQTULCJMTRGGNTYZGOFZICMCWFIGSMAIUSTKNNSKEWCDEATABMSOOLJOKKCUPMATAYUHNTWJNVOJGUKKNYLOQMQNBOYXEPTUPKRGXHGICXWUJHAMHRHJAPUIOGXBETACCDVLPPJABFSWKTWFZOPWEANAYJGXLSXTOTJPVMGROWYEHHSHMPQLQYGDGQWXUNOTYQVFNREMHHNGSBBYRFYPIOAZVRVVYKYQEWRICKZIVTCAQPQAUDPYMRVVVREDUYNEXDBTCHBSABEXDIBGX
11/18/2008 1:30:21 PM	K2	8	KRYPTOS	ANESTHETIZE	DIVE DIVER FAIL MODE ROUT SNUB SPAR THAN 	INMDLVKAZKFTEHVMZFDERCTEYSJYBOVHYJUIQSSAOHGCMLCFHRVCHGGARJECJTHANHCHBHGBIJVEVSLESWIOLTHKHKVHUZHGVDYUYGIAWBFICODICPWJWFUGPQBLCUWNVDFAILDSVMODEGFAADLJPUUWOTAUZTSAEDUXIRNDSZCBKUGTUJDHUWJAVWSPAROUTQJOLSWEDAYHCZWFDFXVJEVGBYHYWMHSVEWYWECIQQAEIDBCIPPBISBKCIIHMHHKPIAEZULAGJSHLTDIVERGMSNUBJWXRROPQOADWSPWMFNCMAESCFFZFRRFZOHCYGSVZJDJHVGPHBHPMTQBIZUUDEMWOSTPSMGACQHGLISCVXODXVOKZ
11/18/2008 1:39:09 PM	K4	2	AMBIDEXTROUS	ALBINO	ALIGN MALIGN 	OUHEKAXKCCKOBNTHUDBUQUZZVINKHUGZORJYWHNRWCSNIGXJWREFYOUCMWDPNQAJESVHEYXDPZQSSRZGEFNQIVHTVMALIGNKR
11/18/2008 1:39:41 PM	K4	2	AMBIDEXTROUS	BEEFY	CREST PUBES 	TWCQCTMDMKRFWYSJYRHDQRFQYNJHQQCCXYSELBRFGJXYTHPPUBESCECBYQUEKRWXALKBPIWRHDZCZCCRESTKECCEBCYEADGYI
11/18/2008 1:39:44 PM	K4	2	AMBIDEXTROUS	BETWIXT	BELAY REBEL 	TWUSTIZTORFHVDTFVJZVJSFMZLHFXGTPREBELAYRUGOXYPVNJYBOPHDWMQJXJTQKNFZDMPWRFPPRWHPZUFXWMOUFCDNRAUHWB
11/18/2008 1:39:59 PM	K4	2	AMBIDEXTROUS	BRISK	CORAL HERON 	TPGWNTYXIYRUZALJQUKSQEHWENFKWBCORALEHDUPGFRAGHKVCOERGTNBQWCCKEZRTLGDVUWEKXXCVGGHERONCCOTDNYBBXQYA
11/18/2008 1:40:10 PM	K4	2	AMBIDEXTROUS	CARAMEL	GOUGE GOUGER 	WBORODGWGTUKWNWLQFMWEMLAVPJBVNXKUXKQWZQUSIZSWKYPEGTRKKECKAHILRUTYCVXBOFFCKVOCEZYTHTCKGOUGERYEOCZI
11/18/2008 1:41:02 PM	K4	2	AMBIDEXTROUS	CRUMB	BIMBO MASER 	WPTTRWYZFFYULUTXQIMASERTPOFUTKBOMUTQHWPODFMUIEKHVYQRTKRLQJVMTELLVRGWXZFEUJQBVTYDQRBIMBOAGRGBQJUGA
11/18/2008 1:41:05 PM	K4	2	AMBIDEXTROUS	CYBERPUNK	HOOPS STALK 	WDHIBHVJWICJWIHRUVJDQRUGCBDRUKOOKMJJSONXRMMLGEMWLLFXYMYXMQHOOPSTALKZFKXVRNQOVWHFJDGBYXWAVNGCICDXY
11/18/2008 1:41:05 PM	K4	2	AMBIDEXTROUS	CYCLOTRON	DOTARD TARDY 	WDEJMBYAQICXUBBUPPJDSQOMGCBRUTVRDIAGSOONTGIBCEMFEKARRZYXKRGVSDOTARDYANJPRNSVQUKWGDGLSEUBXKGCNZINA
11/18/2008 1:42:03 PM	K4	2	AMBIDEXTROUS	EXEMPLARY	FUZZY VISIT 	DVCTJKXMJUDFMKKLQHWVLCYJVFWHBGFWNSMOLMJUVISITCNPVXHJOPEYYZISNEDGLHQFHMKHHSLFUZZYOSXZBPZUTCQDAJLRR
11/18/2008 1:42:20 PM	K4	2	AMBIDEXTROUS	FLAIR	GRIPE GRIPES 	VUKEBVGOSTWABRMESFZPUQLEGRIPESMZSRMPETLIIISRWDTZPLPYKHBKSAPQXQBJJTDTDNCQPGHMCKVYPYCMQMZUCBFLEGDFJ
11/18/2008 1:42:42 PM	K4	2	AMBIDEXTROUS	GLADE	CLEFT FLACK 	QUKDEQGOUUVABTDDSFYWOQLDKTIPDGAZSTDNETKXBISTAITZNQNYKGEJSANYEQBHNXDTIVSQPFLACKQMNYCAYAZUSECLEFTCJ
11/18/2008 1:43:09 PM	K4	3	AMBIDEXTROUS	HOLISTICALLY	OTHER THERE THERES 	PNZEZBIWGWLPFBKHLXZJWQAUTCIKWCSESNKORYIREGRZEZTMRKHFXSTLIREEDDUJFFNQTOTHERESNUVPTYPXGEZTDIWYEZPBN
11/18/2008 1:43:23 PM	K4	2	AMBIDEXTROUS	IMPERSONALLY	RUBLE SIREE 	XMWIBYWJGWLPZUHFQBNOWQAUNPMHAREYSNKOPXMXRUBLEZTMPZFSOTMSIREEJCRGJOFGTOTHKJIOVXJFTYPXAFWETZKKEZPBE
11/18/2008 1:43:33 PM	K4	2	AMBIDEXTROUS	INFERNALLY	SIREE WHIFF 	XODIBJXKVKTZHXMZIQUDPPEIGBQBJQSYYXMGWHIFFBYXWYZTEBDWDFBSIREEJPHGJMVHHIVPTCHQDZTRDWZZQQKLWCWKLCDTR
11/18/2008 1:43:42 PM	K4	2	AMBIDEXTROUS	INTERNALLY	SIREE WHIFF 	XOUIBJXKVKTZQXMZIQUDPPSIGBQBJQSYDXMGWHIFFBDXWYZTEBDWUFBSIREEJPQGJMVHHIVPFCHQDZTRDWEZQQKLWCWKYCDTR
11/18/2008 1:43:46 PM	K4	2	AMBIDEXTROUS	IRONICALLY	HIVES WHIFF 	XPRHTWXKVKTUNLXXIQUDPEOHNOQBJQSOBLXQWHIFFFBLBEZTEBDRRZTLIREEJENAQRVHHIVESYPBDZTRDRISABKLWCWBVYOGR
11/18/2008 1:44:01 PM	K4	2	AMBIDEXTROUS	LAXITY	THROW THROWN 	KBSEISGORCIPUSIHVHUBKUSUDQHKMQVKERBOETHROWNSZGLMEAMFUPLDWWJEMFVJKVDTMYLHBKKSWNTXMFEXSGSTRCRUZGEBJ
11/18/2008 1:44:09 PM	K4	2	AMBIDEXTROUS	LITURGIST	DIRTY DOWRY 	KZUYBQIYTWTSLIQHLXUZJIUPNUGBECDOWRYAEDGMRTRAYZVLFLNFXSLMVJHHJBQMQFCZNYGXBGJDVIVQAYOWNXITDIRTYTDCE
11/18/2008 1:44:10 PM	K4	2	AMBIDEXTROUS	LOATHING	BOARD INBOARD 	KNKMQXFQVXUSFRJDSDBQRUZPDCQFNJQINBOARDBWYCSDJGXSEKTOBHKJSKWVDUOEXSVALYXZBRWTHGXLHTCWGSYVWMAIJGNCJ
11/18/2008 1:45:25 PM	K4	2	AMBIDEXTROUS	PAPILLARY	KHAKI KHAKIS 	HBWELKXMJQUYZNKLQHRBIUAJVFWARZSZNSMOITMRYISITWZEPRHJOPJDOWESNEDZYANHHMKHAKISCZZYOVCUAVZUTCXUSGPRR
11/18/2008 1:45:36 PM	K4	2	AMBIDEXTROUS	PERJURER	PEACH PEACHY 	HWOLAMMMPUBBLIDUORPCFEFABJFDYSOOKXMKFZJIVJIQQOPKIQZATUEVOQHFOEWSDHGKWNPEACHYPOPYFSDGNXCBQELPQOTLG
11/18/2008 1:45:44 PM	K4	2	AMBIDEXTROUS	PILOT	HIKER HUBBY 	HZZZIHIKERJHUBBYAQNQIUAZHMLBZCPGNBBFPHCDVLNBYWVTGNFFZOIUARGVZUUUKANHYPEUBRJPMZJZFFPQVPGLXIXTFREXE
11/18/2008 1:46:42 PM	K4	2	AMBIDEXTROUS	RHAPSODY	SWORD WORDY 	MFKGZABSXAUYKBEPQYBRCDGUGXQAWUUNIVOFCYKFRXSKPRQMHSTVXOXXQSWORDYQJEVFVLQHCBWPNRQRZMCULEFCTQAJPRRBA
11/18/2008 1:46:54 PM	K4	2	AMBIDEXTROUS	SCALLOP	LANKY STINT 	YJKJLACYBHLANKYXIQUNIBXRDICAWTGZNBHVSTINTMAZEZTJIHQJZAMULGWSMDRRCPDHYTGMPZEEUXFXHYIULBKLWMXZNKPRZ
11/18/2008 1:47:23 PM	K4	2	AMBIDEXTROUS	SOLIDIFY	CHORE CHORES 	YNZEXXNSIXLHYRVPLDUZNUEUSCIKDJMNABKDNDRFECNRMGCMCKHFFHWXLKEAHUHQFSDDIYCHORESAGCRVTPMZSDCDMRTMGZBW
11/18/2008 1:47:50 PM	K4	2	AMBIDEXTROUS	SURPRISED	HARRY SPORADIC 	YLOGBXQDUDAURIXTYOKLHNUESJKOYSPORADICWFKRLAXMXHKILDECGZPQXHARRYRGCBZDJPOOTHPVGGMIEBVOXGZUXHAWWDWW
11/18/2008 1:49:11 PM	K4	2	AMBIDEXTROUS	YOKEL	NAILS SNAIL 	SNAILSWLOWCOSXKPPVWUZDMIDWCIIMJRPXKOGJJNLCPXFNJRLROTAFLXPOLSQDSGXVFJBOMDICEJQAPGOTQZSJRNULBMGCPBZ
11/18/2008 1:49:26 PM	K4	2	BLUESTOCKING	ALLEGORICAL	AMISS SWEPT 	RZCMMBEXSELHZEEJERMQNDHQRJKABLSWEPTSQRDNCAPEMCYWGOGCLHLLKGQYSRMEAMISSFFKYZHZAWYWUTLQBSWLELGZPUDED
11/18/2008 1:49:28 PM	K4	2	BLUESTOCKING	AMBULATE	CALVE CALVES 	RIKPLRPEZYUZZPLYXXBYVUWMIUQJQYOTPDOEVQFLSUSUUWRWNVTFCHXNXVWCIUVCALVESTRGOMWIAWRRQZCGKZEZEGABUWUIK
11/18/2008 1:49:41 PM	K4	2	BLUESTOCKING	ASCEND	HANKY THANK 	RWLMPQGUSAPFFBZYZLFWHGMCIHAHNXZSXLWPNLALOOPBWTHANKYDYFJIUIAWYNQCFTILYFHLOSHKEVDQYDXBXCLZTHBYWTXZK
11/18/2008 1:49:48 PM	K4	2	BLUESTOCKING	AXOLOTL	VERSE VERSED 	REUQWLWRFILVVERSEDRVVUSFRDFMKDTCYZTQZZPYGPPCXCQRVBKNCVXAXHJKSIZYLARZBJDMACJOAWUMSNUAXFULIXGJOUOOH
11/18/2008 1:49:49 PM	K4	2	BLUESTOCKING	BACKREST	FLAKE TRITE 	OFLAKEQLGEVQOLUWIUQPUGXHVCANBCCESPZXUUHZJCXWITVRWBYKFYYKIBHLJGWTYOFXGFVIPWHEQTVPTSBTHKSXHJTRITECR
11/18/2008 1:49:52 PM	K4	2	BLUESTOCKING	BANKING	BALLS PLUMY 	OFYAQWAOZTRPJQOHZOMJGFHNDNICRYLBVRVTNVGVOKSPQBJHGAQOBPPUIBALLSHNAKDWVOZUKBDLUKDDXCXUIZYROPLUMYZEN
11/18/2008 1:50:03 PM	K4	2	BLUESTOCKING	BISEXUAL	BLOOD BLOODY 	OMSMTSGTGOYYEURBITWXZAHQVNHHXKZCSVUUZECEJNBLOODYWELDGZJAIEPODAFIYIMUKHDDPZPKJODWTCENAIWLHQKZOOVGR
11/18/2008 1:50:03 PM	K4	2	BLUESTOCKING	BISEXUALLY	BLOOD BLOODY 	OMSMTSGTNMUPWLIZXDZUWTXMYMCMQAGZBLIENSPOJNBLOODYVFTCSYTGXGVGNTWCLJISSQZTFTZILCYZTCENAIWLFSAQZTNNK
11/18/2008 1:50:09 PM	K4	2	BLUESTOCKING	BOORISH	HOVER WHOVE 	ORUBQUKOTIKPWHOVERMWCFVFLNHERSTFVBMTJZZVASSYXFJVCAZNFPYYIOJHLNGNPALWLUZKAFDCYKQMGCEYITUKOYXUXUDEJ
11/18/2008 1:50:44 PM	K4	2	BLUESTOCKING	CLUNG	CURVY SCURVY 	ZZONMZWSLSVBYRVRKAJHHDZNNAPJNZSCURVYVEIQIPURPLYXALYHOMMOKNAYEDYBDGREVOPDJYGSAOHAYHTEYSCBTMTLLYWTQ
11/18/2008 1:51:11 PM	K4	2	BLUESTOCKING	CROSS	ERROR TERROR 	ZOUJYZEBCGVCRBURHKWWHRVJMAZAJOSFYBUYUZHBIZYBZLTQPKYWUXYOHOPTERRORGLZLDPRASPSQUVQYWLITSFWGYTKXSETB
11/18/2008 1:51:11 PM	K4	2	BLUESTOCKING	CROSSBONES	ERROR TERROR 	ZOUJYOMWKGVCRBULESXWHRVJMQDKMOSFYBUTJVJBIZYBZKQHQKYWUXYDEUQTERRORPHVUDPRASPGCYWQYWLITGUPAYTKXSEAF
11/18/2008 1:51:11 PM	K4	3	BLUESTOCKING	CROSSROADS	BITER ERROR TERROR 	ZOUJYAMRYGVCRBUCEUDWHRVJMZDOCOSFYBUGJQOBIZYBZFQDIKYWUXYQEBITERRORYHQPDPRASPMCWAQYWLITMUJUYTKXSEPF
11/18/2008 1:53:04 PM	K4	2	BLUESTOCKING	HEADHUNTING	NAKED SNAKE 	MXWCDSDLUTMAXPQACSVMAEAMIOSJNTUYQHEQIJMRGNRQFTDACNVGZMMYOBIRKSVLFCOUQSNAKEDLUQWGPLTESUYMBZBHFOXCG
11/18/2008 1:53:08 PM	K4	2	BLUESTOCKING	HETEROSEXUAL	BLOOD BLOODY 	MXEMKBQEFDJBGLLYHKWXZAHQOJFHBSCTCURSCUFLWDBLOODYCIBDFVYNANNKVGVCSAMUKHDDETMKQUVRKFVARKEZVWKZOOVGT
11/18/2008 1:53:18 PM	K4	2	BLUESTOCKING	HYDROPHONE	BLADE BLADED 	MUVBWFKBLADEDNBIRKJXCJFBHLSANCWNMNBDCZILLVMNXJNQAIJPVCWVROAOVJDJPBOZVFNJTFJQYUHRJPRQEQQWTZXSJFLRT
11/18/2008 1:54:43 PM	K4	3	BLUESTOCKING	NAKED	SHUNT UNTIL UNTILL 	WFBMHWGYKUPHPLQMXOXDAUQMKICNMXLWWLQVNXJMOCWLJYDMQZVSBYHEXSQWBUPCGKIXUSHUNTILLBWNVSZNWLWRAHUJVTRUK
11/18/2008 1:55:14 PM	K4	2	BLUESTOCKING	PAMPAS	QUASH SQUASH 	FFMUJUTRRXJXKPHIXNKFTWHJECUBKOQWDARLSQUASHAPAJDVSBFYWXNLPRNTPUIPAFEQFZDNBWTQLSCGFYVIMZMNEYRJAJVKU
11/18/2008 1:55:53 PM	K4	2	BLUESTOCKING	PROSPER	CRASS SALAD 	FOUJNEEFMIYIXNFCENKXUWCFMLJYUJTSALADUZHADZANXSCWURGNSIZQMPJTPGOPSAMDUXCRASSKQJTMLYSQMMUYXZPNIUERM
11/18/2008 1:56:08 PM	K4	2	BLUESTOCKING	REBELLIOUS	ABORT LABOR 	AXKMLTFBIGKYBLTBBKYWUGLMRPNAPOMTSLTSDZMBWJSLUCJQRKGDKYLABORTJGBCXMAZEDTGPTVNSUXQGDCNKNZWDYPZETOGG
11/18/2008 1:56:39 PM	K4	2	BLUESTOCKING	SCANDIUM	CLIMB OLIVE 	UQWNHXVHCKJMDVSNTCFJITZEMACKCLIMBXRVIWMDAAPRJZXKPTQOVPBWTTNZXTYQRGIVPKXXFLNLBZXOLIVEWUOGGVBPJZTVJ
11/18/2008 1:56:50 PM	K4	2	BLUESTOCKING	SEXUAL	BLOOD BLOODY 	UXGPJTQEFDJBWLIZXDWXZAHQMJWJKICTCURSPUWUSPBLOODYPIKFWBYNANNKOGEKAMMUKHDDFTZILCVRKFVATKGBELKZOOVGJ
11/18/2008 1:56:51 PM	K4	2	BLUESTOCKING	SHAVINGS	SHORE SPIRY 	UGWZQWAUCBJOMRVXTZFTDSJJMSCXGBBSBHRNDVKBASPIRYFVPXQVZMMITXNFLSHOREINWCFNFQNJSYFQLLVPBLXYGDBCRYWKJ
11/18/2008 1:57:16 PM	K4	2	BLUESTOCKING	SQUASH	ESSAY PAMPAS 	UCOKYMQDIEYAWGSHTZWCRUXTMBMOJVCHUPUJPAMPASBGLWVNPQESSAYRCBPROVYYREMAETVZFHRZIQVSESEYTPOJGDKILWEXJ
11/18/2008 1:57:29 PM	K4	2	BLUESTOCKING	SUCCESSFULLY	CRUET ONWARD 	UYLDZUQPIFLEWUZRONWARDBWMMAGMOCRUETCPEAXDHBJLCYLPNYITXYZCGVGOAQEVFMMEJYJFOHSNSVIEHOHTILVAYKFLCOFJ
11/18/2008 1:57:32 PM	K4	2	BLUESTOCKING	SUPERCILIOUS	ABORT WAVER 	UYJMKZFTUIBXWUFYHCMZDKZJMMLHBEUCVYSLPELLWAVERUXVPNDDFRQABORTOAKCSGASWGXNFOSKQLJWWNTITIJZVVELRUTKJ
11/18/2008 1:57:43 PM	K4	2	BLUESTOCKING	TEMPLE	DATUM LEPER 	LXMULEPERXLYVLHIKGVXTWBMJJUBQCOTDATUMUUAHJZLAJYWMIFYCYXNPRVOTGIPXHJUFZYGDTTQATRRFYONSKMNFZCZAJOIH
11/18/2008 1:58:26 PM	K4	2	BLUESTOCKING	UNTRUTHFULLY	CIGAR GENIE 	SJEBBLKPIFLEYRLCCIGARDBWQIFYPTWRUETCRVFNFFHJLCYLRUBWOWDZCGVGKSVJWDOMEJYJJYMMGENIEHOHCLEKDXXFLCOFP
11/18/2008 1:59:51 PM	K4	2	CONSIDERABLY	BOILING	FLYER PUFFY 	PAFWMZYPFLYERKPBCNDRLSBSFJMDXOBEZOHYVKBZGETNNEUWLZQYEEQPURQTXLVQLHFKPIKYHEQYPRXTLYXPUFFYLQUFDFKID
11/18/2008 2:00:13 PM	K4	2	CONSIDERABLY	CELESTA	OWING ROWING 	OSEOPRKORIJRJUOITEEJJFIWKKZLRVSLCBQTMLGCUYSWVLVDJAHDLROWINGXZPONDAKMCBZEALTQWKQHHFEWIREJYOCUCETDG
11/18/2008 2:00:21 PM	K4	2	CONSIDERABLY	CHUNKY	CURVE UMBER 	OUUDDKXGPFDZBJEAHOBUNLTVVDXKMMGNAOYBWEXOZASJYHBHWTZGCZUMBERQNXHCURVEZJBOPNNYJDZLZGLTIZUQXLARYHLWR
11/18/2008 2:00:40 PM	K4	2	CONSIDERABLY	CONSEQUENT	CUMBER UMBER 	OAHIJASUYTUBRCUMBERJWYAIKCXFDAGJOCUONHMBJPOCCWIQUHTHHRJFBNULNYRZDZOHPWZYKGMTLLWITHXNXTUJFOATIGTJF
11/18/2008 2:00:43 PM	K4	2	CONSIDERABLY	CONTORTIONIST	SCALY SCOLD 	OAHGTTIWFFMRJSCALYNJQYASQZQMDAFBBZCPQMZSHMBNZVUXUIMUKBQYSOSCOLDZMPUPCKPPHJUBNVZWPUZXLBJQLPHUDHERC
11/18/2008 2:00:45 PM	K4	2	CONSIDERABLY	CONVENTION	DUVET PORCH 	OAHYJZIWFFUBRRUALAARWYAYKMZHECGJORUPSKPOJPORCHDUVETHHHJSLIVNNYREDKNKQJZYKTMYYFXVTHXBXYVMGQATITTEG
11/18/2008 2:01:30 PM	K4	3	CONSIDERABLY	DOWNSIZING	FOXED ODIUM PODIUM 	VAQDPWZWYOKBFOXEDARVPYGDQJTHDJAJEOXKXKMKLPEOSFCUUUJHQAPODIUMWYFCAHWKPITYUHTBEFWYJHSSOBMMFASTBHWIA
11/18/2008 2:01:55 PM	K4	2	CONSIDERABLY	EXIST	FLOUT FROZE 	UYFIOUCWLTJFDCRIEAEJMHEINGUHIARPZCRHZKKBBUZCFLOUTHHMFROZEITLVHDZMFXKMWQHHGSRRFVIHMVNLRPMYONWNGENB
11/18/2008 2:02:03 PM	K4	2	CONSIDERABLY	FATALIST	CREEP CREEPY 	JOVZYWUROEONZZXKPIJOGARGLYZLWXLVMURFGKKBSYBUVFVDYCCREEPYPCSVPAEAZLNFLGVPEASDUFVIAREWTBGONGHGVFWHU
11/18/2008 2:02:23 PM	K4	2	CONSIDERABLY	FUNDAMENTALIST	CREEP CREEPY 	JHHNGLPZQEYEEBJJNROPMLKZFJKXURYYUFUPSFBZFZMAIYMAMECREEPYPGUZTUSCMLFKMWGMKYJVZHDKLYWYPPHKEINQFAKII
11/18/2008 2:03:03 PM	K4	2	CONSIDERABLY	HYPOCRITE	PASTE PASTEL 	GXXEUTTRRCLPASTELEUXDYLCPZGIVLFKVZRHBBONJFZBCNHRVAGYVIRTFRWWXPSHCCUTGGDEIDDFDBUIHOJGSGBMTJTLHJCOS
11/18/2008 2:03:42 PM	K4	2	CONSIDERABLY	LAMPSHADE	ADDER MADDER 	MOZJPGKVRIGQMCGNZEZOETRQHHGAZYUGJUVHGFNYFDUXCEMADDERYIYWGKTKTRSPSOIMEBTEAAEUNNMQHDPHFLNGBJXGJXWTZ
11/18/2008 2:04:16 PM	K4	2	CONSIDERABLY	MISGUIDEDLY	QUAIL SWORD 	LDGTCWQUAILQDCHJCRSIGOQSQEXHNVAEPFWMLZJXBHQPJFVFNIJBYCLHCDLBXRSWORDKMIIAGLPSTZUURTVCXAELWMDAYFUNN
11/18/2008 2:04:30 PM	K4	2	CONSIDERABLY	NAVIGATIONAL	CRUDE NOOSE 	ZOTSAQIWFFGCRUDEMIJDVLNWTYWHTTQFNOQLUFWZNYBZDHMJUCXYSNOOSEJTCIGXXLNKQJMNKAOBPADTQGPUNDTMOGHMDHPXD
11/18/2008 2:04:43 PM	K4	2	CONSIDERABLY	OARLOCK	TEENS TEENSY 	COBWTOACDRYBBGCNWNABRYNCFPQNETEENSYQJGBNJSNUZEXZRRFAEBUJSCKTOFQOSYFQTOXIYEVGJJMMLHCJSDBYGUPTXBKRR
11/18/2008 2:04:46 PM	K4	3	CONSIDERABLY	ODORLESS	ANGER RANGE RANGER 	CIJCYUUXFBTSZWXRSRANGERIUHPYWVLGNXCGGHKCHHNVVLVVVSQAEIPNSSVWPEEZLGUGLYVBMYVEULVUQLZXTRGPGKRHVLWDE
11/18/2008 2:04:53 PM	K4	2	CONSIDERABLY	OUTRUN	BLAHS SCADS 	CHVCCZWEQRCAAARSBLAHSDJDUXZYFCFUBVEPVZZVTMNAFBIWVGCAUATLLONNOMJUKKUZCLILMUSELHXSCADSSPVHQQRCFBDEE
11/18/2008 2:05:29 PM	K4	2	CONSIDERABLY	PRECLUSION	VENAL VENALLY 	BNLRYEUWFFSSSSMJOAARDDIRFXKHECUBWSMZTKPOWFWSVUVUVENALLYLOIVNLDSNOWQKQJRDFKGPNFXVNATDTPGMGQKHCKKGI
11/18/2008 2:05:51 PM	K4	2	CONSIDERABLY	RAPESEED	RAZOR STEIN 	TOXOPUPVEESIEWUDWIMSTEINJYOFIVRYVUBHTHGXAYYWSLQTKCNBGIJCWCDXZESWILIHMYQRYADRNLQQGRAZORLKRGKJSLTSC
11/18/2008 2:06:05 PM	K4	2	CONSIDERABLY	RENOUNCE	AGONY WAGON 	TSHECZXUEAQBHOOIWERANLLOJGMMFCGLVWZQNPQWAGONYHZQKNPHUAUZWNUSRLBVIFTQZJZEYLUFLHZPGBXIBYKJRJETYHCNC
11/18/2008 2:06:29 PM	K4	2	CONSIDERABLY	SCRUTINIZE	ARENA RENAL 	XBBFOWVWHAPLNARENALSTFSFNJMHAVLKVARKUKTWFQVAFFWUXNMJBJOONIXXZFNRMHTKUYVFYUSBSFCPMJQLLBHMJJDUZUEID
11/18/2008 2:06:34 PM	K4	2	CONSIDERABLY	SENTIMENTALIST	CREEP CREEPY 	XSHGMLPZQEYEEBXINPDPMLKZFJKXIVYVZFUPSFBZFZCWIVUAMECREEPYONULXUSCMLFKMWVEKVQVZHDKLYWYORHOLINQFAKII
11/18/2008 2:06:45 PM	K4	2	CONSIDERABLY	SIZING	ODIUM PODIUM 	XDMSQHUWHLQWEZNENZEDXAATQJTHDJLFIZZRTKTZGECZRFWFTIUYHWPODIUMZALXBDQKUGWZJFXBSSVTUYXPOBMMFADMRFXUI
11/18/2008 2:07:14 PM	K4	2	CONSIDERABLY	SUBSEQUENT	CUMBER UMBER 	XHRIJASUYTPJCCUMBERJTMOIKCXFDALUTCUONHMBFXTCCWIQUHMTRRJFBNULZMCZDZOHPWVMBGMTLLWIMTMNXTUJFODCWGTJF
11/18/2008 2:07:27 PM	K4	2	CONSIDERABLY	TAXONOMIC	FLOWER LOWER 	ROPEQCRWGTGFAOCQCFJOZYAEDJQXZIFHNFWTSFUNGPFZEVMOVEQXFLOWERUSYABASTUPQCUFXAZFSJATTUPRSYJILUHGAJXRK
11/18/2008 2:07:30 PM	K4	2	CONSIDERABLY	TENTACLE	MILER SMILE 	RSHGGOHUQAQKOSMILERJJFCONGMXZNSLBWZCJTBWUGOBXKJQSNPUALYZLNULTFZVMFTCFMJEXLUQWKJPCBXYVGEJTJEOXKKNG
11/18/2008 2:07:37 PM	K4	2	CONSIDERABLY	TIGHTNESS	BEARD GROOM 	RDSQOZPXLTMWUBZIOBJDLXKDKKKXSJZVOWXMSKEJUMWCSVUFBHPBGROOMTSNVBEARDACPYVBXFLZYHQUMUVPKQHJYPHMQNEEO
11/18/2008 2:08:19 PM	K4	2	CONSIDERABLY	VENTRICULAR	KITTEN PSYCH 	DSHGHWXESEHHSORSCFHZJDHOTZFHRRSAVRUPSGJSTBUVLLWDKITTENHBXESWXFHPSYCHPWPAPUGDXTQVCAVDBSAHPJEOZFCGW
11/18/2008 2:08:22 PM	K4	2	CONSIDERABLY	VIPEROUS	INNER SINNER 	DDXOHCSXMLSINNERAAMSKYJICJOFCOPGRZBHKQXCQJYWZJIVOINBBBCNAIDXUYHZJHIHGKIBVFDRXJIUXYAZWFUPPMKJZJDDY
11/18/2008 2:08:27 PM	K4	2	CONSIDERABLY	WARLOCK	TEENS TEENSY 	IOBWTOAIDRYBBGINWNABRJNCFPQNLTEENSYWJGBNJSEUZEXZRYFAEBUJRCKTOFQDSYFQTONIYEVGJQMMLHCJRDBYGUPXXBKRR
11/18/2008 2:08:44 PM	K4	2	DEMOGRAPHICS	ABSORPTIVE	WHALE WHALER 	XDGMKWGUIPJGEHYILGNSLERMLSZYCLYODHYBOCXCHADHWHALERFMGFKTLXEHSEEJTDMCYETEWBNXPAGWFMZXGXWSFTDHLBRZB
11/18/2008 2:08:45 PM	K4	2	DEMOGRAPHICS	ACADEMICALLY	BIKER LASSO 	XMIRTEJTYQGQAEXLHSOMLXDPKHBPGKVRRVFVLIBSFLMEVZIELWFJJJSLOLASSOANXRBIFBIKERLGZFLFFYUMOUIUPQXCVZUHZ
11/18/2008 2:08:45 PM	K4	2	DEMOGRAPHICS	ACCIDENTALLY	BIKER LASSO 	XMRWUMACYQGQAETPIBVTLXDPKHHYRLFWRVFVLIHMJNUQVZIELWIRKKOPOLASSOMHYAGDFBIKERBVDJHGFYUMOURSHTKEVZUHZ
11/18/2008 2:08:47 PM	K4	2	DEMOGRAPHICS	ACOUSTICALLY	BIKER LASSO 	XMBSICJTYQGQAEDWYUOMLXDPKHKFUYVRRVFVLIKNOZMEVZIELWLUGXSLOLASSOIXFJBIFBIKERTCKWLFFYUMOUBDXEXCVZUHZ
11/18/2008 2:08:48 PM	K4	2	DEMOGRAPHICS	ACTIVITY	DRUPE TAKER 	XMWWZUGRYYEPNMCQOOTOEGXPKHZYCHSNRECCECZFHHQMAAAELWDRUPEMOWODWGTTQXMCYTAKEROVRAAZFGNNJVWWMCFSAANHZ
11/18/2008 2:08:59 PM	K4	2	DEMOGRAPHICS	AMNIOCENTESES	PIKER SPIKE 	XCYWNTWBSPIKEREZDCMSRUKUUPBRJHERCUCQSQPRBEMHNJHAVVQOIJONAWVQYBELFETMCZKBLWVTZGTVMRPLHFWTXTVJZYEOV
11/18/2008 2:09:08 PM	K4	2	DEMOGRAPHICS	APPROPRIATE	NACHO NACHOS 	XRHDNWQUYKTCRGYFMHOAOBCYJFKDDHYWCRWBNLSARBQCVHQUTZJRIXTUMZNACHOSRAKBBXWAMALSZIQLJSOVDYWTMFZKYHRXZ
11/18/2008 2:09:11 PM	K4	2	DEMOGRAPHICS	ARTICULATENESS	COPRA SPOKE 	XPWWCIPXSPOKEDXSLGMQAPXGGNPWZBSAENFFOQECOPRAHAKRADDFYKIKOEODPTWSRAGQHNTHJABCCIAWMFZKOZWSYDLJHJTRU
11/18/2008 2:10:07 PM	K4	2	DEMOGRAPHICS	CHEMISE	LATCH SPLAT 	TGJOSQWTWPQPECTHHSOEVOHGTIPAVIOFMDMIJQLMONEODFLJVWSFFPIZZYVPHMSPLATCHEKRAFFTZRNWNRZZZWJQZIRCTJHXU
11/18/2008 2:10:23 PM	K4	2	DEMOGRAPHICS	COMPELLING	MISFIT YUMMY 	TIFYTFPUFGCFCGMDTGVHBCJYUMMYJFUBIGMOACEPGKIGDZILRMISFITCTXRRPCCCXNRCMYKCRHVJCAHTISHTHJZSNLWNZHILK
11/18/2008 2:10:24 PM	K4	2	DEMOGRAPHICS	COMPOSE	AFFECT SHONE 	TIFYNQWTEAFFECTFPAIEVOFOJKPAVJMHHDMITNSHONEHZHWJVWLBHFIZZOUMJMSPVRJLHEKCRHTTZRWVBSZZZEFFRIRCYFOOU
11/18/2008 2:11:03 PM	K4	2	DEMOGRAPHICS	DETAINMENT	JIFFY NEATH 	OSWZSBVMFKUKTRUZPBVTWBXZBELAJYGJQRUMUQEQJNQRQYXYRFTFWCSIPRRLNBTSKLTQMIZBJIFFYJHGTFNUDFFTNEATHIEKO
11/18/2008 2:11:29 PM	K4	2	DEMOGRAPHICS	ELECTOR	DHOTI DRAWN 	MWJVEDQMJPCXIAMDHOTINBDGSZKMGEORQHYQAQHQSFCVDRAWNROFRXNVHLVZYCPLHASDLXYXAROEVJIWIVPVHJJCKNETSJDFM
11/18/2008 2:11:48 PM	K4	2	DEMOGRAPHICS	EXPROPRIATE	NACHO NACHOS 	MKHDNWQUYKTKKGYFMHOAOBKHJFKDDHYWCCABNLSARBQCDQQUTZJRIXTZBZNACHOSRAUWBXWAMALSZJMLJSOVDYWTPXZKYHRXZ
11/18/2008 2:12:04 PM	K4	2	DEMOGRAPHICS	FLUSHED	OUGHT TOUGH 	LWVUBMXLJJIHSSLDKMGSWDDSCCNPQECGOCOAAZPOFQYVPGNYWTOUGHTDWLMYIBBGHFCSQMBXFGJODMIOHAIDWJVIDTAPSVZYG
11/18/2008 2:12:19 PM	K4	2	DEMOGRAPHICS	GENOCIDE	GLITZ NACRE 	ZSYMCUXMDPOFMMOKRBVIBGLGNNEGVHGJPCBLBCQCCNUHNAZYQRMSRPUZRRRAPGBLUAGLITZBOJRELAZWKFTXZVKTGTKNNACRE
11/18/2008 2:12:26 PM	K4	2	DEMOGRAPHICS	GRADUALISM	ANGER HANGER 	ZPIRDXPUTALSASICTGECQHCREBMYUKDCRSIFACPICFRSPIILSGKIILDUTXSPFHANGERCHDVHEKMYCAJVKIGDKYZSXQMKVKLDK
11/18/2008 2:12:33 PM	K4	2	DEMOGRAPHICS	HABITATION	AWASH WASHY 	VAOWEXGUENBCDMCCLGIVJPGWMBZYMDWIZMCFOCKUABZMHIALTKSHOPEULXTQIPDHREMCLSNPVAOYPAWASHYNLYWSROYJKANDB
11/18/2008 2:13:29 PM	K4	2	DEMOGRAPHICS	KINDERGARTNER	CENTER ENTER 	JOYRTYTXZKOKPWUZIBPHLHXJUFOYJNOCPRYDRQFWRESCWSTUOKQIDPODHEQOBUVLTQBMTEUIECOFZCCJMJIVRYCENTERQYCRD
11/18/2008 2:13:33 PM	K4	2	DEMOGRAPHICS	LARGESS	FACET YOLKED 	FACETQBFYOLKEDFCGISESXCDNNPWKSZSCDQOLJJCOPVRWSYJSLFISKIKTDNRLMEEQMNQHNIPMSVTKZTQKFZKTYCLPIVGVCARU
11/18/2008 2:13:37 PM	K4	2	DEMOGRAPHICS	LEGISLATIVE	FIZZY SPURT 	FSSWIFNCVFTDSPURTPTOEBDGNIPNZYVUCVMKFHMRVILCSJVLSLFVAVTCHMFYEPTHOARQKTJXEWFIZZYTCOUULVUTQTMSLZGFW
11/18/2008 2:13:47 PM	K4	2	DEMOGRAPHICS	LUMINARY	CORPS SPRYLY 	FQFWOXQRJJQPVRYQTTCORPSPRYLYJSZNVNECRFFFYYIMCIUEABNRYCKMTBUDDPPTHFTCMWUKNVUVIIUZOUHNQYCWQDGSCIRHK
11/18/2008 2:13:52 PM	K4	2	DEMOGRAPHICS	MANIFESTO	CARGO EMEND 	EAYWPMBCEAJZOYMRLCCARGOGCZKRZDVMCDCLUFEMENDQYFTHFTQOWFQUQXIHAUIKQLBAQNACRIRVFJJGLBGIDNJIKNGJCAXRU
11/18/2008 2:14:07 PM	K4	2	DEMOGRAPHICS	MISGUIDEDLY	HITCH ITCHY 	EOGEDUXMGQWJODZWDFSBAKJWCJYYRLGZFIUHQZISFQVFZAJVMXTFKDWYDVQKHFSNHITCHYRGPJWJMFLBKUEDHGZWASVLPACRR
11/18/2008 2:14:12 PM	K4	2	DEMOGRAPHICS	MONODIST	ORANGE RANGE 	EIYMUUBCMROFBMQXPCVIWGRBTKEGRHTWIHBLWCPQBKUHEAJAUOMSKPIPPORANGEYWGGLTTJURBREDAJGNSTXIVGEANKNEAZFO
11/18/2008 2:14:44 PM	K4	2	DEMOGRAPHICS	OUTER	BRAVE RAVEL 	DQWGKDOCOONWTCYFKUSPTTXGLKYJGBEVQCYLMDNASYQCWBRAVELUWKKXKFVGJTTLTGEDQXWTJJNEAWYQLUNZGEVEPKODHJROS
11/18/2008 2:14:44 PM	K4	2	DEMOGRAPHICS	OUTERMOST	BRAVE RAVEN 	DQWGKEUQSRDXSAEFYUIQOBSOQPZGSYOCIHQDTZZCILHDHBRAVENSGXNALRNPJMTJGJUJNZJUGVOOVFWBDSLPHZFNXEODHJRGM
11/18/2008 2:14:45 PM	K4	2	DEMOGRAPHICS	OUTSTANDINGLY	EDGED HEDGE 	DQWUEXAOVNLDJHIXYUAVWGZERUKFBASIUSUMQOUHUZDQVYZLRMOLBWEKLDRIHWHEDGEDHITWPARDCNWODONUQGAOGGHNPWZFZ
11/18/2008 2:14:57 PM	K4	2	DEMOGRAPHICS	PATRONYMICALLY	CHURN YUMMY 	WAWDNBZEVYJDWFWCLHIVYSPVKMMIYSSCHURNFIBVYUGRHCWHYGCGIDGMMDOGJWJKKXKOOGQPJCTFMFLFFYUMMYWKROHQQRGLK
11/18/2008 2:15:26 PM	K4	2	DEMOGRAPHICS	PRINTOUT	BRAKE LEVEE 	WPAJEDOCXOSZTHIXMHOVOCWBJFILBJCWGAUMOLYQPFMUHBRAKECXWFDPMEFQYCQYNMBMDZRUDCFFPBRGBIEILEVEEKXOHBLFY
11/18/2008 2:15:40 PM	K4	2	DEMOGRAPHICS	QUOTABLE	TITLE TITLED 	SQBBJNPMBJNXAZFKNTITLEDGOYKJZRJJTNDDLPMCWYHQVOIYGBLVIGGZNBTLSEWLAFQDFLIBKVTSUOIWEUPPOQZTLDOEVOURF
11/18/2008 2:15:55 PM	K4	2	DEMOGRAPHICS	REMARKABLENESS	BRINK FJORD 	YSFZKJNNJPOKEDYKPPPXLEDGGNPWDLMIAWXPAQECOPACZIUCLUOFYKIKGRUOBYARHAGQHNUBRINKUOIWMFZKGOFJORDHSJTRU
11/18/2008 2:16:29 PM	K4	2	DEMOGRAPHICS	SHAKEUP	FOCUS ULTRA 	QGILTILQWMRKQGQHOYSQKMHZANYDUIYDCNWHJFOCUSDOVDYRKVSHDKDTYYLULTRALEAQZVJREDVCTGNNGFLTYWIRPDZITIVRS
11/18/2008 2:16:32 PM	K4	2	DEMOGRAPHICS	SHOPPING	EPOCH SYLPH 	QGBYFUAZTDNIRMBBYRIRKGZECCKDYHFSDODBKCEPOCHGUAHVSYLPHPOWYYTMCGVFFZQBBTHIWPTXTAHTHAPTMVYLXBOFUATMU
11/18/2008 2:17:46 PM	K4	2	DEMOGRAPHICS	ULTRAHIGH	VIAND VIANDS 	IWWDJVJZWJGXPRVPRRQWOHCXBJCFKYZIOMZSMOZAHCMPTVIANDSRSHDCLELEHIGXHJLFSTVRFZOZUPLTSUUPGYPSGBBGHCGYW
11/18/2008 2:17:47 PM	K4	2	DEMOGRAPHICS	UNANSWERABLE	LEDGE PLEDGE 	IVIJIPWYYWGKQUXZYNSPLEDGEEBLUVOCRZFQMMBUOWCAVOIYMKFXGUTVOUAHXWADFSUJFLIBFYLFKTYQFMUZKFIOXYRKVOURS
11/18/2008 2:17:48 PM	K4	2	DEMOGRAPHICS	UNATTAINABLE	LEDGE PILAF 	IVIBEXJBYWGKQUXXLPOVLEDGEEBJBSVYRZFQMMBQVBMUVOIYMKFVWCSIOUAHXWAYREBMFLIBFYLSPILAFMUZKFIEKJXOVOURS
11/18/2008 2:17:49 PM	K4	2	DEMOGRAPHICS	UNBRIDGEABLE	LEDGE SLEDGE 	IVODSOTMYWGKQUNSDFHSLEDGEEAMWNDJRZFQMMAARQPCVOIYMKPIALLZOUAHXWDBKPNQFLIBFYCZNKVWFMUZKFOKZUMTVOURS
11/18/2008 2:17:49 PM	K4	2	DEMOGRAPHICS	UNCHANGEABLE	LEDGE SLEDGE 	IVRXJBTMYWGKQUTHOWHSLEDGEEHZZDDJRZFQMMHOHEPCVOIYMKIAIZLZOUAHXWMIQLNQFLIBFYBWUYVWFMUZKFRBMOMTVOURS
11/18/2008 2:17:59 PM	K4	2	DEMOGRAPHICS	UNMANAGEABLE	LEDGE SLEDGE 	IVFZOXTMYWGKQUECQPHSLEDGEELEJSDJRZFQMMLRXBPCVOIYMKNHYCLZOUAHXWCSPENQFLIBFYUYIIVWFMUZKFFJNJMTVOURS
11/18/2008 2:18:00 PM	K4	2	DEMOGRAPHICS	UNNOTICEABLE	LEDGE SLEDGE 	IVYMEUFMYWGKQUBFLGMSLEDGEEEGBHUJRZFQMMEHVIECVOIYMKMSWPCZOUAHXWVJRYSQFLIBFYREPAKWFMUZKFYNKSWTVOURS
11/18/2008 2:18:00 PM	K4	2	DEMOGRAPHICS	UNOBTAINABLE	LEDGE PILAF 	IVBTEXJBYWGKQUDGLPOVLEDGEEKVBSVYRZFQMMKZVBMUVOIYMKLMWCSIOUAHXWIRREBMFLIBFYTQPILAFMUZKFBHKJXOVOURS
11/18/2008 2:18:00 PM	K4	2	DEMOGRAPHICS	UNPARDONABLE	GEESE LEDGE 	IVHZKOUBYWGKQUWCGFIVLEDGEESEDNEYRZFQMMSRIQHUVOIYMKBHCLNIOUAHXWRSTPQMFLIBFYKYVKWAFMUZKFHJOUOOVOURS
11/18/2008 2:18:18 PM	K4	2	DEMOGRAPHICS	WAGGERY	CRISP CRISPY 	PASETYZPYGLKPFPCRISPYNCENNFIISDSCARXLKJCIUKRXSYUYCFCSKKMFDQRLHJVQONQJGOPOSVZMTTTKFRMFYSLPKHYVSARD
11/18/2008 2:18:49 PM	K4	2	DEMONSTRABLY	AMANUENSIS	ASPEN SPEND 	URLODMQXXLFAEEABCAPNHYMOEPIGJZTIWEASPENDBKWETJUQROXHLTDZCORYVYEDIKKEIWJYYGMFVFBPXHNVUFGIZIDPPGJRO
11/18/2008 2:19:04 PM	K4	2	DEMONSTRABLY	ASSHOLE	DECOR GROVE 	UNFKKPWUBLTRZNUSYXTZVSSMRJLKZZBOMUMXKESMRPWDVOVHVDECORYZAOKEEOAVTGROVEJAGOQNZLQPJGMZABFTCYRFVFWSW
11/18/2008 2:19:11 PM	K4	2	DEMONSTRABLY	BACTERIAL	JOLLY VAUNT 	QETEQVAUNTFXONVQAODEYRBDTCLLZKAJXHUVGXAZIFHWJBJFJRZELDCKNMVBGSZUORISZCJOLLYAZYBIVANGLFYSRYZFHCYEJ
11/18/2008 2:19:41 PM	K4	2	DEMONSTRABLY	BURNISH	QUICK QUICKIE 	QGYOSXBQPAJQNIQHBBPNANHDKNHNXBRGHDGWMZIHCSVLQGBQAZYLGQIYRFICGAQUICKIEFIKCGRBYBNJMERYRPYJZIPCTYAKM
11/18/2008 2:19:46 PM	K4	2	DEMONSTRABLY	CANTANKEROUSLY	CRESS SCONE 	JEGEFZTMRCDSZQJMCRESSCONEHLAUVLCWEYSIOZDRBPWWCJUSRZGWSYHNDPLVBJONIEEVJFSHCHLAJKUYCMHNTGHRJIQQHJOW
11/18/2008 2:19:48 PM	K4	2	DEMONSTRABLY	CARCASS	BRUNT RUNTY 	JEYUFXPJTABMNDJMBEENKEMDLCHGUVRTWDXQHZAWCHPWQTJQKVXLTMIUNDINVANKOCLXEWFSCTHBUTJJQBRUNTYBRIOBPYDDM
11/18/2008 2:19:53 PM	K4	2	DEMONSTRABLY	CELEBRATED	SPUNK SPUNKY 	JAATCVIWFHBBZNQOARABYCDTFFCFTNMJUNQZHDPSSPUNKYJPVAQIABCPAMVIKCZOMCGDSMFCBJGRKCXXQIMZRRLHGUVQJJOEZ
11/18/2008 2:19:53 PM	K4	2	DEMONSTRABLY	CELEBRATOR	SPUNK SPUNKY 	JAATCVIWYABBZNQOARTMYCDTFFCFNWMJUNQZHDJXSPUNKYJPQEQIABCPAMQBKCZOMCGDOUFCBJGRKCVJQIMZRRLHCGVQJJOEZ
11/18/2008 2:20:11 PM	K4	2	DEMONSTRABLY	COMEDY	ALONE ROYAL 	JTITUKCDCGUZWMEBIMWTUCLVLJKKRPMHONOUYOKNJBPMZJZGYSNIKZBWGRWSKLROYALONEZMRHUFDRFUNICHNYIQHLVKZJCWU
