NUL 0 score=-14.6389 w=15 v=0 afetunnuhrgiernssrnnhnrfreisetsusimierflmnclndeehgccddmiwdhehnmrsensnucnsgeecuniuteiualfenentersenuurmusotdfanesirdiefriuhrwlildrcirtmeeiesrutttfgehraninmogdmni
NUL 1 score=-14.6068 w=15 v=0 hrilndfrnertsefesmhftrrdfthehadelshshntueelaunrfumwhwarehihnlazengdeveczihalatinidessrsiudwroennekueutuneddemiennnwfenflaunfgtseffdbefrndenrenonninugsnwwenccehi
NUL 2 score=-14.5730 w=15 v=0 tnuieserlieuernewhcwnndehodelnednneselmwnnfngweudedaerenzfdrenenauslewwthshiligtcethdhfaphefsobinwusuncldeuinanrihifehmteiheweclntsetrneeemndlinhtmzmudnwnmwlnmo
NUL 3 score=-14.6111 w=14 v=0 esnnessoakiottrioaseeecedawoehessiennunhudrenrigelsfnfswiglafigldautussletuodnneorrndrrbwtntwlebsihneununrwnsuhtuensendenhinnstenrsinsinihsawidiskantirnenieesmw
NUL 4 score=-14.6411 w=15 v=0 gnaekfiedusfenglaweedtfretseerninirtmbrufurnfwarfftetsineushnelersehhinsclenrnseeamenfeitruuerrecdenamefuminewnortneuihswandsieprncniestsetheerhwamrndoenveresui
NUL 5 score=-14.6972 w=15 v=0 leheeasserstioeiereaenhohwraachfinmdhnllaierffarlleneausrartrthecnnwhltwlswelundgnukmtinzdcffkeoernsiefdessarndawodeeswienhnurgendtentrzinnrfscincehadawftendnhe
NUL 6 score=-14.6452 w=11 v=0 leuusneheeozoreuefnasbeiildhdefnlfiuiaaanmrseiclkendasnnwrlnnsreieremhhianreedefmlnrzafenancneewtnntdnaliigarnieirdhdraeeenwetursegdednhwhantidrctuensnnonruhbea
NUL 7 score=-14.6954 w=15 v=0 fuerirnodwunwcihahtnfeuitnrnldznweehrntoofleditdsniersdlnelfnnenthrienrosdsglnentmerubwsnmfoiurddeinemffhnesmbedamiwmlneieurindimesdavrgwdfreseamdmmlrnifdfnramn
NUL 8 score=-14.4463 w=14 v=0 arirrnlrtkkenuhesrendsnhhnneareigsennskmaneineingnnashmlnilrwrnercdsuunldhpeeandthvnfingrdgaresctpenicinlrngdarelnklenmiesrgehdesrnziafdereeoeeumeeoentefengsofe
NUL 9 score=-14.5871 w=13 v=0 mumtrlwfnhtleunuzerzcwuueneepneilelftrnofaliwfnlfesadirewnhiltiwenethtitirhliauiddsirlfcafreeeesseedehennsarihgrugmfeitenuanclnsfcnenieanlsdipninreeiennewsntkti
NUL 10 score=-14.6088 w=14 v=0 rkwsenneeceessttihfntneetlrdnidrfeitletuztosrnshdwowmretfgveinsfoiedrhhihruhddhwidausinienirengescnrhnutlnndfaiirfwnodnseensrosrlertlneiewfezsdufrenofreunszenln
NUL 11 score=-14.5640 w=11 v=0 fesktbesnerirtrtfriernnfmndareitwnclineseureindelriebedeeelrahinnnhulashofselunursumiowurnlemhnedeihmnnzeeasondresnwdnuachfnhaninrieahsaflhnirdwrnlenwehrwenczuc
NUL 12 score=-14.5715 w=15 v=0 rlgdehtgiuahneiunnennunumenfungnvwshiredasseeerenideirnfagegrteswiietrlhrihnerniannhiwlnfhrhntinusmssltihtdeennrrifulniniesrirdihenmzluetgeehufsntirrrueeendanen
NUL 13 score=-14.6245 w=11 v=0 ffwrntiesiihrsonenwnknneedshrsenuanereunirmgesourdusmeeatelndrkiulewtrengddneemshhstrnezelnnenaneredeehlinenfadesgretretneosienanindlidrnzwoseurstrndeserraceeti
NUL 14 score=-14.5893 w=15 v=0 teaohnianwowvastehunsudzerneetftnnenenwrsddlaoeulnesrigomeuvaindwmeddilifbtenwleaurenndwenswfnrwieebfedeurihnciedhnalnedarinnannetherrotchuftiziseteolawntnudlei
NUL 15 score=-14.6288 w=14 v=0 nahcrerhdsronerdtauheneclinihognnhrsfiuzweusdehertsreerdehklcrlwamdaemnweftnftrtueahnlensusfensnnreinetfnrnreansnrwdunrsrsmlnhueteserenrwerminefaufdiininfeegwhn
NUL 16 score=-14.6791 w=13 v=0 dnstfoldffehirffutndedentiftaugetketfrnakrlnoninewfuantelnwzeiegtebenfdsurneuerdrsnirorinuczdesirfwdidmeennerczgnruletaneiiweserrhtbenhrtitrilnrosiereunszuueunw
NUL 17 score=-14.5972 w=13 v=0 einciwtzrsfiideehetettnlssetdundeuwrwwoeiihintedithnreitkreirinkseehhrlauensiodfmletsieshegrdswznwzdimrertssiieenseeneliemnfeachnmennosdesuhrsliwerdmmmndenekeic
NUL 18 score=-14.5585 w=15 v=0 uhrherfsnedidtfwaesfendmewfhkdhwltetuterrksehifdehnrifrarnuazlcwcnslsnzldefnstenespnesnglinfilifshnluhnenmrdftocseniwiuewmdrslirweweidloewuoaedfueuiausentotweeu
NUL 19 score=-14.6010 w=15 v=0 lhnedgzisiseimennssoennsgfuffsdhemintnengerkninunzarinneigehrwoaiseatlueengrtcownagentneneellieeieswweareitedfentwfibenrirasnensgnlnieenelufinunchiuulfenovetlnf
NUL 20 score=-14.5740 w=14 v=0 werastrennnohleihrsuandiwrrunntaetrlaaseenzwenisunwwlsltnideserbnrrurfnerseonenehfuuueennrrnalterschnheinninwiseewufrwlmerwiestnnsncnesgegdwnnebrdrenrenwekenlui
NUL 21 score=-14.6287 w=15 v=0 emdetweunotsnnowidereetedlenenersccrsfnuhsudnnrestharmenrtowunwatufnahihnnwiineepinnnedrelsessaceuenrhniferilhhfteuzedenssmhwlhkegfiedeurgnetgnhswtemomadonfrsmn
NUL 22 score=-14.6934 w=13 v=0 neninnnahelerwnsuofdndinahnnreigsndgaimmewmwuoncettnruaeedeenestrenhodiewwuliindnaierirrkzocwsdogfsossehfibenemheiufeneslunelfhegentnlererdisnsnilerfiesgremneie
NUL 23 score=-14.5707 w=15 v=0 fuasrmlesfdanzulannfslegefhiwrenenrtihinfenttotmnenesnefeenndeaffltowhaaperwvgnewsaftutzwdeearnsftdramlusunacrrdknssmvrrendoineitneansrwreeraulietuaodronusesdnf
NUL 24 score=-14.6417 w=15 v=0 ecselinesoereserenumewefnieneigtetrfeaureeseridlsmwnnwershdsfdednisuclnmnoaoladuuntnwrltiutnwbinenrcreenrudtmtntwfderbhleheeeehwrrgeleerdnneinrtkultegeeweilerec
NUL 25 score=-14.6385 w=12 v=0 otrmnoarkenunfhdaifnneerseehndelnoiesgelensnontneuestrceeoniuncrrfnnrretnnhesdtlstlnbzcdnerirafsrrnfaehnnfinesirutodmdednieutehnlntpheranuritdseihlchncintommvhn
NUL 26 score=-14.5829 w=14 v=0 nlrltannwnshaerowrctediwiedorramwnutdrmnelssthngnedeseihtistehsrerdcflnnteuierhsnenenlfesieeiltshishdnirienwimindfscidweklrthcbnelleinserlenaffegnorstniuaavsorr
NUL 27 score=-14.5345 w=14 v=0 kldnodidiheelernerunonnnteezitnfnnniciarleinlrnnnrefentdwiifgdfnrnushcrgestvudhhsgeneeselneutwfsietenrsautriinuerliuunaewsrdgeinucheemissenennwffdiedtswoeeriaew
NUL 28 score=-14.5515 w=13 v=0 edeepeedieecptsisneredltfurdedmseiadsroindsnsrgtsleohdefraefefnisownadtefrtanodehwlnerdklannleenlirtakdlftulvaatstnurestmdnsaremluuendenmertfiiedebnwgiewelzwrzt
NUL 29 score=-14.6637 w=15 v=0 nhunnleeoelegnchsinswnewuietatuigreziehenacdvtrahnirrerefgtdneutdreneuecefsnbfkertaeundnfnnegfhefiiuriiiseennnefahlsirdfahnilsafinigfrtenirufnurfedsefesnesirsws
