GEO=1 N=182 FAM=D W=2..9 (D: W1<=7 W2<=7) TOP=20 ITER2=40000 REST2=8 A=1,2,3
  W1=2 W2=2 : Rmax=16 ; meilleur qoff=-13.002
  W1=2 W2=3 : Rmax=13 ; meilleur qoff=-12.722
  W1=2 W2=4 : Rmax=23 ; meilleur qoff=-12.879
  W1=2 W2=5 : Rmax=25 ; meilleur qoff=-12.778
  W1=2 W2=6 : Rmax=29 ; meilleur qoff=-12.733
  W1=2 W2=7 : Rmax=36 ; meilleur qoff=-12.835
  W1=3 W2=2 : Rmax=13 ; meilleur qoff=-12.441
  W1=3 W2=3 : Rmax=14 ; meilleur qoff=-12.952
  W1=3 W2=4 : Rmax=17 ; meilleur qoff=-13.111
  W1=3 W2=5 : Rmax=31 ; meilleur qoff=-12.678
  W1=3 W2=6 : Rmax=31 ; meilleur qoff=-12.576
  W1=3 W2=7 : Rmax=36 ; meilleur qoff=-12.671
  W1=4 W2=2 : Rmax=15 ; meilleur qoff=-12.938
  W1=4 W2=3 : Rmax=17 ; meilleur qoff=-12.986
  W1=4 W2=4 : Rmax=20 ; meilleur qoff=-12.674
  W1=4 W2=5 : Rmax=28 ; meilleur qoff=-12.807
  W1=4 W2=6 : Rmax=31 ; meilleur qoff=-12.799
  W1=4 W2=7 : Rmax=44 ; meilleur qoff=-12.723
  W1=5 W2=2 : Rmax=31 ; meilleur qoff=-12.764
  W1=5 W2=3 : Rmax=26 ; meilleur qoff=-12.750
  W1=5 W2=4 : Rmax=29 ; meilleur qoff=-12.740
  W1=5 W2=5 : Rmax=40 ; meilleur qoff=-12.638
  W1=5 W2=6 : Rmax=43 ; meilleur qoff=-12.548
  W1=5 W2=7 : Rmax=41 ; meilleur qoff=-12.697
  W1=6 W2=2 : Rmax=37 ; meilleur qoff=-12.640
  W1=6 W2=3 : Rmax=27 ; meilleur qoff=-12.868
  W1=6 W2=4 : Rmax=33 ; meilleur qoff=-12.639
  W1=6 W2=5 : Rmax=38 ; meilleur qoff=-12.718
  W1=6 W2=6 : Rmax=46 ; meilleur qoff=-12.579
  W1=6 W2=7 : Rmax=46 ; meilleur qoff=-12.698
  W1=7 W2=2 : Rmax=34 ; meilleur qoff=-12.631
  W1=7 W2=3 : Rmax=39 ; meilleur qoff=-12.639
  W1=7 W2=4 : Rmax=52 ; meilleur qoff=-12.582
  W1=7 W2=5 : Rmax=52 ; meilleur qoff=-12.332
  W1=7 W2=6 : Rmax=50 ; meilleur qoff=-12.701
  W1=7 W2=7 : Rmax=61 ; meilleur qoff=-12.656
MEILLEUR qoff=-12.332 W=7 P=2 5 7 3 1 6 4 | W2=5 Q=5 4 2 3 1  (R=40)
CLAIR=TOSRARREDIANCOMMHOLMMLETMRCHIERERNDASORTSNSRSLLLEMIDTADIRETEMOTDRSILETADIREDIAACHENECMSSTOONETINNSASNORDSINTOSEAHADDLONTHOHAINCTILANSLOMADSOIRSMAASCHADDLROECREMICLADNOHAMARECASHEONNC
ré-enchiffrement : 0/182 symboles différents, collisions=0 (exact)
