NUL 0 score=-12.1601 v=0 fsninlererspfenmlrwdruciwuitohnhennburraueinuhsamtenwisssformdgeltweinsendealehtesbloselnfaneissdensofenenfwthrzirdieslrrnkeinesuczeiherfwarninnsukcedanehrniemenwegsngoe
NUL 1 score=-12.0562 v=5 ziwirokollswgtontkeubdempasunerrwirrlindennlinmechunmeissetosageefesesdernenhenanneansuzssissirmfeuetwoliterlebeinschrhunsnesagendwersrnfcrewieerwffanfrihnfdenendnhlunih
NUL 2 score=-12.0694 v=1 tsslzingisswedelftenennerissempnnabsehrehufserheeaidritsewonflsfornennankzumerinemberslmichgrccrnkrlnnwonnwetenwingsureuswohefharteiesinnalsodasdendufhlduneiinefureierwe
NUL 3 score=-11.7336 v=6 ofbediesswtdzofenkeswermentprhchemwenninirfahranwgnrinlethesrannrglinnsdemaniefesisssonurunmuhrhennlastebeinetenweinerfluansedrisewegunklhrsindiffszurselecorenescudewoli
NUL 4 score=-11.9498 v=0 utmrblereieweremcafahrsoanninherfliefuwfhnhannsenntunwesdursgurdckronzedierensefdemwoinessteimeindurenperunznsonflannliehwcsdinkliersihrwastgensesetwnsgrobeleiflihnsenes
NUL 5 score=-12.2104 v=1 rrnenthocrmwwutefangenuainiedesunahsbrnkesllsfrielndeffenimminanereneschereifristenmeinndausssnhzfnicrurbeooteswundnihwonzohnssenaflwiegeslipsedeleenuglehrwenrierstkrsdw
NUL 6 score=-11.9826 v=0 zdmtlshastennwoninniehralssdendieienureielsbeimbrnfwwrerefunkterfachtrnpfertewuhernrwirofminwidegreudweshofsenineehellufeoessunanannimscslgingzenalenurnesissknshenderosc
NUL 7 score=-11.8144 v=2 sothersofefurreiworsriesilgwasurrewplnrehesweherdemgneinetonflunachbilldanubernstelennenndurfemetfkeindhsiezehrossewinansussweinmanekeinsienzfdcdgimtewelncssnahrninnurfn
NUL 8 score=-11.7639 v=1 gesiefhkrizistnesnemsichnunnwersneueffenengeseweltgpnanwordennnatrinfhwbreitzereeuillwasahseltenfuhlernomildessubeisierneinroswissehlhkenndanmmswodfierscnndufracounderrr
NUL 9 score=-11.9453 v=0 nndenemreissuninntozesurostanfanenemindmsussttaschrenninisweiderrhielscheerohneeroffnruholcwwnsieraukwelsgrerfealerisnissieeundfunbebenwennfnwstengigalpfzllherdedkwirhem
NUL 10 score=-11.9439 v=7 pdhfhierrlahweneernossfinewintindensikonnefeierwierswoduneresemerhekesbelndngwelnnsinenlsunsberunshtranosaginatfurrechonweshatganztcdneniesesunfmiscrmdifuellerwzfreilmus
NUL 11 score=-11.9380 v=4 urirarihnhorsinfenobasonbestphnnselwweseradnuneinsurllerweddenkreffnaesimnilumzuschheinienweregncmswgwisdortsennehenortfreufetselleesdafmrzinninssieingenwelfderuckstenah
NUL 12 score=-11.8710 v=0 wnhininkonenlesnesabennsirpzsnhusiszwelwutenddelfhwestrgeseihnnuremmorikeldemcoffertfitfefanunfungterswunsiledremrasresinhanodeseselwenwinhoreunerrnriseranglachesibenicd
NUL 13 score=-11.9041 v=5 wrnismenculrdlesseprinewenruhennbertwinsefensinklerdeifiamogellmirnenwessatennirkehfiffungarfnerrsouheartshunenstonetwonehwendinwemholscfiesescasberdedunsnzandlieihrzugs
NUL 14 score=-12.0186 v=3 ngssfuhttemnorseslensowpzsfracheleinhereindswungehilorbrwurdelewitzesesneweitseeannddnskinnsiwufauneermirdninerfuchtoffanenmlinluisgohnebreineerkrnnserachnewiemlendsafsr
NUL 15 score=-11.9817 v=4 zienntheidfriergnumhiksrhfpflerlinzendensteanhimertruhunwerwedetninorudenwiellcomenansernwrwistmernisfhwussisdeseberuckealessengaslernnenflnweibngousinsedrahsofescenaonf
NUL 16 score=-12.2988 v=1 rmirzunnsklchhrdendhiendmussfocfuranselbriernninnwodetselswuesgutetsinnesozieneedurfnhnfannennrwhefaucagfieinlineholesehiewlmanserstanssenwsfrwkrpgeelotiserreweinemdbeir
NUL 17 score=-12.0587 v=3 ruratschblerrnesemwesstwasiezodeffedaldenreilenwzodrenenelerhwhtsuhrhennefngeefrobniniekonnsiewenfeswarninasheisowensnimfhnisliergundrcemsilnminunnerlugttfausenskriduspc
NUL 18 score=-11.8630 v=4 ztchihrennrichkdiegtenwewfhlenhinfapenneillenebleurslnrumdrsohimiefieernoffinegndrernugteswerzurrinsofentdukauswennheembssoeiineindenwesswallnrossanstunasssermansredecfw
NUL 19 score=-11.5799 v=3 fftwielninwrrngerbeieroneallwenssenscwhmsinrunmondidirfedielzrhkffohreeseansumlczinseiblenunerhahnwasfftapagnedochmsussinnnererresteundlteihwunsserwegieerodenstunseninek
