NUL 0 score=-11.6667 v=3 rdslenwldmrsaunerdtwzlmaffelnennnunfsmirirerissitenmirdhertefnlegehoffeinenderdenstalgerenndrifaumirviederindeennrerrundwenkrefisienwehrendotrww
NUL 1 score=-11.7390 v=7 rrurrissnieserrllldimtwtnlgenerdiefrtwefurdendafrdwendetheserdokwieninensinminfisrunsfeldarfnemrergramwetennmennvenrheduzeinendfehinadierolenfrw
NUL 2 score=-11.6885 v=3 randmerwerdglrffsfelewirdlsamarieetisaliewendrezusehrofkldeneeimresetwondenninndemrundstrindrnsinuhinurdieverntwwienfenfrnmhnerntindgreneffeerlr
NUL 3 score=-11.3411 v=3 rfmirddiffmannefrienderrnwernsimirdelnienfiselnsterrurfadenfendgiernvitgewidadwessenheruntreinernendunhrnlekersafrerdewestewelumwolndermnlintzoh
NUL 4 score=-11.3896 v=2 fdrindemdiriehenallirnleienwersatetennnumdendardnerrneundindwennterlmufungsesensdirsefdersinklwriffrrzdsmingfhmniewoherretarefvonewielwenterrerf
NUL 5 score=-11.5073 v=2 ffwirmentfrrdidenhennderrsinnrerwinreinendwerweserfleutinllkmdnmersrneeffeinnsinnohtdneweiveidendmalustdeshangregreirrenzarfdemdlfuresneworaltiu
NUL 6 score=-11.4783 v=1 rdderfesenwonseihenseenewirnmuserneirfruhnwidemfieflimtroffenidnenndiematirrsdrendwedenwalnurdarzfnergenrnsgatterlennwinrehreevfdllkindermilturs
NUL 7 score=-11.6771 v=5 ndnuntersfarderskiernnereigtihrwirdergrotednunzirrldewdhenfilemeerwennwonurnemdllendimfeineverfhinsdftlartdenmensfunfndiwseesirfienwareneremarsl
NUL 8 score=-11.8169 v=7 snrfresdarrdeledrewedtwoernnineanfurittefhmrslasinemikigliffesonenredeislhdernemwirdnielefffnengdierwalrtwenevernderwunterrnmirihrumendzdennnnus
NUL 9 score=-11.7342 v=1 nfstaforfdiezurdirsfenwienderrnisiderderkennehrevertgerdnerangduwrnlindenemdehesheellnndiefruwsltamltindrrrineenfowausernswelmmwrfmiteneinreinnf
NUL 10 score=-11.6531 v=0 rasdsfindderrunerrereniserwendflinnermehevoliedagendetruhtermsnwrdefronnenweinenleitfernurdemsinirrliedfernnestwekleeswindafrfinniwmhzfdmrgntlua
NUL 11 score=-11.4733 v=7 rddennsdendfidieffenrersewierdewerrngderffmsterenranistelfvonnerdertwediaimlidzumnnenlesrernhrnurenuhrakwurwensinnwirenfhermdelinallgnofmiteiste
NUL 12 score=-11.2541 v=6 armmreshidieimerrderewirhlitdazunwennsinnlenddenfrtfffvorstitennersnweneswierldeinnnertauuwollsrkhrndederisalddreinnendemmenferungenregewerfriff
NUL 13 score=-11.8755 v=2 halerndennalvertfrwdddreneidefifenlesinsennlikerwmderetusteneriderrwirwenseimreinieffenuslmltzuannnoffdrnirgsgrnmanfeseherrunnderheerimdtrwindow
NUL 14 score=-11.5709 v=5 lreisautdielegelnredenrusennwermirfnenelufeglzrrrninaffftnddensfsmwartdentedrinledindremdresihrisewenterfreineahnvononweinhererwrikurmfndwendims
NUL 15 score=-11.7776 v=6 lsernaturwzmirnnothiendranfllrfsmenindfrddeneefriehmumulefirrertwirmenindefrienndfegieandehtsowennndeeserentfrinklvgesereiserwerdienduannswrrwld
NUL 16 score=-11.7048 v=6 rdaralsndwarfderdurrerdreglwerenersdelinewhwsmenesenntwglmelsformnaleienihiedietfrifftmhvrkfeinninindennerwunisienemffreindderndesennurzrntueort
NUL 17 score=-11.7018 v=5 iffendestewirnieremlfdsosordendinannanzfwadistedernunkernuvindungfllrrrfeislemertafeidenesltdirnereitlhrrrrnunimwennwgwederedernreinehmemenshrfw
NUL 18 score=-11.4202 v=5 nntanneunrergtimliffdsmuseginelistsnollunderstdnurerwoweikendirreseandrnennderhiemweindwidendelenzrefftrefrrharwernanndimversenheffliewierrefmdr
NUL 19 score=-11.8773 v=0 rnureneugfwnlrndreifddrenterstenreierissdirwnwndhonftenwurdenferineindlasmvernitzuhenadeweniiswinsfleihemsomerlefrerrdedendeillgerrmeffkmrnnatna
NUL 20 score=-11.6003 v=4 rninnlunludeneunentimdazwgnsnissstererwerdrmoiwereinfeimmliffmerkwfstenendtrendeanneriesswfurdendrfhderdertendarivhrifeennigledererflaninrerwohl
NUL 21 score=-11.5758 v=2 dsamendielwidurierendannfensrerdirnunnurngdendwafrvmlfteilerrfanlzflheinersserinewiernrumrenrhwffnlesenwoderenirdemitereinemwektistsohndgerfedtn
NUL 22 score=-11.5154 v=3 lafelmetwslzleenfmtrlternnerrdradendererennertwirdendfufenungroswitmenfriefdwvufdielhreremdwiruhissgnannenasfenonnerrnddierreinhersiskieimenndwi
NUL 23 score=-11.5930 v=4 mwtdrerdereffindtundinissvennirmwrldwilefransdaindnezirrifmwmnrenneswundumeerrnseneeigeoftwinnerleneelkandderngledenfrleitersehrrihretherausfofn
NUL 24 score=-11.6641 v=1 nnfriffsvminlarsdrerfrsniergezuenfededieldernehredasrinnnurigefortdeutemaldnennwerdertenkrdostiefelisenntweimhenunswdnlnhrfrwirrniemalwweinrdmee
NUL 25 score=-11.6803 v=3 lregermunisdrumnfordsiehrtrandsrheredineineenieklandnundthsmwarmadefermelertwenedindirnrenzwissnuftetreiffdernrinenffowirrendnlfwwlvsegenlereien
NUL 26 score=-11.5764 v=1 tnefierndmufderisnasrnwersermirrigeflmvernnwesdenirseilennfldtwerriftdesdiehenwarnnendhufunenknimliedenlertherndareigtoffernwedersimennzuraolrwd
NUL 27 score=-11.4673 v=4 emleeffffrnsserrinwusserernerwiemenrwrnedirdenkltirrndneuihnofenlilinewindfrrindlehnsvonedenwiererzindenumeidehrsfmetragdentenwalddarenstatumgfr
NUL 28 score=-11.5147 v=2 feneneriefnerwehagderenorsffdernedarruhineinsnilehduwverwerenimmdnnwerlrswulltriskrustziemerflierwartinrdenemgenindsierfonddefennninmansteldfdtr
NUL 29 score=-11.7620 v=7 rtalfreisswofwendonnsrewennlhdrenuntevewirumeseinfdreerlenunnarmeiserfdierthestswirrderrngenzinntwindigenddrnfueeaeffmerrenndirdallderemnfmihkil
NUL 30 score=-11.6850 v=0 llnliesandenntwedereimmtewirindrendrgliedunteraddvhonzfnehaffnfursensenuntlewerefrtknigselwnrenderrwrneanrmisseffidersriummiernehedrindirneworef
NUL 31 score=-11.2265 v=6 ffilnfdtinsergradeehrenzwarerstnumhinrelferieninwideverrklnfifurrdigweidennnnwamerfenwundeniesormdllersinsnurtdemtinderresefenennmoderstdahrwele
NUL 32 score=-11.5197 v=7 dwlldernfragenriedrftnturlesoridieerstdirisfelnmennwowenddufriwerhenkenarrdmsvffendenererntnsinerfmrauldienunezewightnimmennsienwenlahfriederers
NUL 33 score=-11.5307 v=0 rlsodierefrtsalentrndernewererrigrtldhaummesierundikerwenunisfmrmitdenderngensflainevierwirefflwlrotzunfnenndasendweinemenihnennwdidderersffrnhe
NUL 34 score=-11.7047 v=2 lkwhlmifeilstanefrwmrnsovenrinreierwirdsinferoernhunfererrngeddemtmeinfadenstfreinugesrlirnurneniltdtdensreunennederlswanahewinderzederdmindeffw
NUL 35 score=-11.6478 v=6 fvnnwinenrenoeifendnaernungfdierrliesewidumswnhriffdirerernewindhermanenderaftgesreinerenzurelfrhfensiewemedirdnenndraltieltlddsmersworunstmlkrt
NUL 36 score=-11.7065 v=6 mrlltinmirimieelftdedefuhriesalsinunnsrfnfferndzstrisiedewumfndehisraterdendinverdeanworfronnenkleiddrhannwwmenenfleerrengegernetdenewursinrerwr
NUL 37 score=-11.4781 v=4 rtendwflosverwerzurdenhitrafwennsnundmelerdfrwriindemfemeidmerilnkenmersterendeghitnisseeinltherafrogrerflaunineinddendineseildernfrawennwrfursn
NUL 38 score=-11.6457 v=4 tnfrfermutigennrerderrgwirdrehlitelundvendendertindfnksofaaoderlhlwirnsiewennensmenendeleweilffendfurrendnrinmfihetedarimmerieeissensrzwsrwannur
NUL 39 score=-11.6140 v=2 wehunssiffzmfgannstentdinnndannreiminriererktesfuhrdflmerannnoeinderdiewuendeerirfllererewesehrternrwdlefniemlinddagenerertworfdielmervnurdnissw
