NUL 0 score=-11.5861 v=6 khenntfahlzirransdefredeirwmendwedeortenserderrenwerenfiznrgcbisinregessoruntematsnaheithunginunhetenuberanzeneslikfhwlwieinannesindemietwiennsoriewieeitcorufsneurdohnld
NUL 1 score=-11.1016 v=0 gngunbrrunderrounemutwskwiedawahinderaneinwischerdernonsachrenefrndohinanffenienarihmietewiesentzwenblinsentwerkinurliteserleseituenstsifeinzedtzrfennderdohisehereneglom
NUL 2 score=-11.4828 v=3 hhiezwireneriedeckterdamendrsormehrfenlaudezienrentsilherbisingthawidennhohnsernocriairnurufsdwenigunleeiwefentkrewotenebnrearunsenstofeerenzennniswigewafelsinnundsmittd
NUL 3 score=-11.4073 v=3 owznnzhearhennworcwerfuliegwumirdwirhieirdeeinunftermbeisredogefunblenonfastgiftiseldentendkntinschorenedseinsieerskertenweteinesiehertdainarwulrnundersmannenznersiehnha
NUL 4 score=-11.4079 v=1 rlznenartethrsundinwirseeineedesengoriefreterwirduesunsrkzanfkrdzwieharetnahimlinterninnsonmandiefeliemtergociussieanweruhnbewennntitigeresenduesldehewernoffinneohnhwdbc
NUL 5 score=-11.6999 v=0 utindelzdareneohnewcmkeswinchsheeigennasnihrinenwernerstieseunzermirieatrwarreihernseirontinwurretenunthewerdietentaberddidinsfilenennenwunslfsgelogkzffdueeohmnisfbandor
NUL 6 score=-11.8110 v=1 leutnoaioerkichtthessersweigenterinsloswuiereuchaefwirnistbendanmenenknrnrzflnnewirwieenfeoneinhinanerstdenerzuarzmeengeiniturwewsmerdasohndinhefrigsrhdinbetundeendfrled
NUL 7 score=-11.4226 v=3 ncttmawesehdgwnunseisosondsnorweifeirdenkernicerrmerertirnihennundeneifershhienterneitzwgszenzunitikdenddahalowarentweinenennalleitdiweseihrfenerbenhuifurbfolnergrausmes
NUL 8 score=-11.4444 v=5 krrwieeigstdirfthiebsineauckenlutsweninmetwassanisrrrnfruhneeinsgenwitztsnworfnnblauedauionimwidwehrenegnesnunderdiehnmichinlienzeeaehonrederlererteroderonendneffsenehtz
NUL 9 score=-11.7367 v=3 dtesdskzhtrernurwennheitirmdurzinencesozarennurwienwerassinnwksuseanduneinefortliceennendfthingbwehrmadefltderegnersiooibeiifelhafrannteinnwirumwerdersintheheseenieoengl
NUL 10 score=-11.4838 v=0 resweninnsowerdemizintgatwerherfahrdietsbennmeleewatedinenstuouhrdelarifindemnhlrundrusedestuncrhtfieiehweseenwirgsczrfensowennnfursozingedarienkikonneinerieheineanntbrl
NUL 11 score=-11.3381 v=0 ruhrlunnichnansinweiorettundilferunsonbrtsithennwareeiserheftwennwenngttedukrandenzifinsgerdenkesonwiliedermamgeldniezensandnehrinohreeiheteausbisnoffeiescrzmrwriewerdee
NUL 12 score=-11.4490 v=0 ihnannnserusgdhteilrennetrierndichenrenweltsartrefunkiewerenheanesnadidesintwerkenegernendabiuftwwzsumihebohcifoweilogrosisteerfristonumfelsdrenwendenemihnzuzerreninnadi
NUL 13 score=-11.4287 v=4 shndefferenzugnnieontarlingdiwreorwederrelentliesenkensoluseeaureiteinsindienzwadusatheittwesetcuessturnerdamammwirhndigwernbennsenenfeffihierinzboreennirronherhinwhncdk
NUL 14 score=-11.6312 v=3 nhtfurfteifalseichneirtagenndeseinfergeobnunierrindrioeektendeotsdedennehmirimradwumwennerweisstnerneinwentorhalennwzrhaunouswssendflsunnilarierengchrerziehszenbeikdietw
NUL 15 score=-11.6156 v=0 galstedesgeunwecmiatdeinunernwonrhhntdnldsennsierkcuwuowgenenteineshinermideninmirlzefureeraussderasihenfnaberdenenefntiftenabeworiineiniohlewerkerweitzderrnihrnstsohrzf
NUL 16 score=-11.3801 v=3 nhlishenthsnicfrendsohonszendwihrnodwnunteeledergsrundintenrincasmirehtwieweganseteunierzorwiranweitereerdiseengsodierkirdenwenkrithelenenansberbeineaufenimreffunftuzmal
NUL 17 score=-11.2690 v=5 gkrufaniendarmeneridawenterhordediehnletmesistsozgalserineizwiglebrinunnonfthesernsteistsendtrurzirreinksehwewennfrininfoemunnschoneileirchwireueuenenenabhandtwerddenwef
NUL 18 score=-11.3196 v=5 elienuneffhnherimrwerdiererberetanmzehrennigelhenwirsogenweselschtbenseesieltrusonerentutdawisoinunzuenfennniufktfreinirzsiehrtesadnetwkrgwirahonwarineinendsmeinddonddac
NUL 19 score=-11.3724 v=7 nbeweiuhdierumsieorernoncekfotnwlorferntsewarihmehesszendsordnasmchentenrillderanwiranweinennessienteehehenkannundererderiuleansfeingfrusttfrugehdirdzwieizeineinnnttgibw
