NUL 0 score=-11.6135 v=5 gnhonundsinensellifsnennwenzwichsnuslintlerdineindwfierwielnsthersehrdieannfelrsweitliegulenfenallnernltdemanseeinemahinadrnerleeenthelngerrwhinsehmtrafpgiucsumuhtnisstc
NUL 1 score=-11.8395 v=0 iewushienriffugtmitzuswirnnwhwarefdenregfienienochpmhrgflemiderntniessnenntalleimlleueserunerndnhnelerwchwsnlintehenndallehansiehidenisersteredintlltssennllansaninnesucg
NUL 2 score=-11.5880 v=5 cengundseinepegelhsderfennmaltwentlcgellhihnansenthdsurhdfreiennmwiennflrrzuwiinuhnentunscholinflslewindehstennerginswirraturwennliesheirresitanealsfeiselnnisemmendealit
NUL 3 score=-11.8249 v=7 idsehrrfassiswahlennzehennnonpeiinnindheswillslsuufhieaufteeferrngallsnenunfderanntwingsndlilunseineentehullwcmrngentillmahmitertinciesewwciegremenhenendentrrnseriestlhd
NUL 4 score=-11.5889 v=0 wifmerernsemufeneghaltwinnlmenrethendinsentheoehnisielennsildennediihnundflalsintuapwtelngensfurnflinsrcwztheerunstallsangelliglimieesardidtrinunssewerserernwenichhnnehc
NUL 5 score=-11.6447 v=7 shldetuninnichigtlsweindmgehnierfeaneseldentedenesulennenringleimannihnhieleiunsonntlenrenlenweitzhusschlrncwaltemfiiswrrnswingesmurperliedesfehrnettfiernwnanfausalsrhld
NUL 6 score=-11.6417 v=5 nlidshwfdereimemshlewohnannttdidehaternunundfltgrpalteralssenennerldmelleszuinstestrchrgrnnuneifalseinicheiniseuresnicifsmigwennenlshlwuwginennereerfistleinenwenielannhh
NUL 7 score=-11.4095 v=6 lsdufgshretsmupinihmrnauferenwegwelchiehielemsslemunlelaltnftehrwegenniessdtdesnoninnenwannrinedindeihwnsnachnunsnichrenienntlelleltriffieldwarlzgsunserihreinannerteseit
NUL 8 score=-11.7921 v=1 schewaswillscgwflwdfcelfensrtindffulhnurerduwelinendanaseewermesserennninnliliginihneueslenigprthinengalintihrenstenntneihrhemteeitseansotmudluhnhrznnnesernenalsermiedil
NUL 9 score=-11.5024 v=5 nulsegerinniclrrenmenernenenwegefilssphtelzunelltornsentuadirwssschhienanlinihniewirgemuhlahrinschdienswwhlsdilstreileffihnfaduweienmanntertanmlnenfingtsenedeserenlutend
NUL 10 score=-11.7340 v=5 llussieierdswirwnerteltdenneundmahlenntwennnewhdampfsiermulzelnuhlsunstannnniligdwennliehanrgisineslictnanunfeclsefinnerfretmesseleitigewashieerfrioreeindlnhenthhrchgesn
NUL 11 score=-11.4439 v=5 gheitfesisdeimalltsgeennschohlminnegnerthulturdiewlmminurzdwnnlerrefelfesiegarhenerrlcienunfinerdnehneninnsihndetlusehandeenlanwarwinniculerssiesstnennesihnalinlwptsetwf
NUL 12 score=-11.5655 v=6 wegernindfusinngsseildeinharrnwaswelewiedhunzandlinnlididelahtehemeltschtetinunspinasstwersselsfcwmerfuhitermenlenngnilsernftleilengtnnnennearrheinereiemensclolunruhinhf
NUL 13 score=-11.6318 v=0 tngwgdrnanihrsleinthonleiteimanserwechtelldengensdiefinsenunffhesehwielundensphuleerstrdsesswieriglinnahinststraucinnlwerweiallicnrhaheremensfnlunreinmenennmdluftnleneiz
NUL 14 score=-11.6032 v=0 rnniuregasenhimirestinerenwienfenwelturihnwngcehnmeinglichegliserenseheinfeltimfinepldchanorfinsessdnfrannsnendewelthealdzmwnhelnlinneitudtihnealtsulrausseredernnstwulsl
NUL 15 score=-11.8656 v=6 rungalseisetenwernenfcswnihrfrofegsieddthingreisahifmeinermndunsrunsnarrwenndielephintenwenneihneelsinelesinnldwllslinstcllcheunzlesheramattuftdigwetheilerennnsamunhelni
NUL 16 score=-11.8251 v=3 gstmindehiloneruhiwnrenengernsahhelfalnissenhendseisigwannunctlgelecftesdrindelhillunemeinnlistzrderlinnemrauhwunstfwmsteriecreannennenrfhldienfelinetlhiensepurwenstwasi
NUL 17 score=-11.5673 v=7 ihhasenunihnstdansteflanshinsininemirflisweistswiertermallenttsenentinweshumaurchserefelfzendwererhenugwwlgellesenonfalenntpnrchiincregueinenihnedeedunsdrlnderngilnlilmn
NUL 18 score=-11.5941 v=7 lldnunenfaloscfrfrechintallgeeigtweienreintenrashhmzwengleeilfinunrenespruimlichttwasswsltdenidiensernendlessnsunerenanlilitwernnhehlihwendsamnefeseinuthrmuneinhingensdr
NUL 19 score=-11.5186 v=0 rrmfcwlsgatiscrhldennereffsstnistilledeswerlnmunzedawielenwelehalleihersurtenmifwenninndeninenghftssenuthagtidielwsnicheinaptllegnerehaneneinlosuninnnensesihrernumdirunh
NUL 20 score=-11.5180 v=0 nallinnenefleinpriannnrensenenthrfensunennfiscreiteniserwederhirmondwrhhsintemfussmhentsdenzsugtglesriederwunteginaftewiedliengenanslacituelillnderuheinallhhsschlinemlww
NUL 21 score=-11.4412 v=3 caufeigenhiersintelniinerumchonrenangeneristellsehrelimtwwnnsnnenstfesteindunalledesfeseniggelinherwinmatindenwersdndhwunserlmesclndwinsthhereinnluzpnfitherrlausnahlefli
NUL 22 score=-11.6013 v=6 dfsprutzmhshalsdlinnlicilsisstafwenindemnacrgarelennenmetritwehdufnstdruhelserdhitieneinellerssernfhstsenwiergimenuniehwanngwellunnihnienennungewolleeiteniclnnerfenshera
NUL 23 score=-11.5516 v=5 nnenerelnsoinfeifewcnhinnniehusslimzeranswennthunfeiseandinsichwehciunthaltlanindwellulfewerergerremessplllehrdgenatinntenwangelderenndesftnsruntmirsitemssdienihrlihlgeu
NUL 24 score=-11.6913 v=7 hwarenwiedenedlerlcprreiehinniesgesunesnelheinesswdhnsusnwidenthamtaffturtierniltingungehelnwmfhndmtentreswochuleinsrimlesfrilzenfragenndihnannsellnenusinieteillseannrcl
NUL 25 score=-11.7160 v=2 lsstraninmaselsneinwiuhrftesengniermditdchtglneinirohnnunahmehrstelniefrigaftgenennlinwusselhehnendurnlanzehesnunsectwdflndnsspeiftderenuninnweiseillwiereeleechrwielarml
NUL 26 score=-11.9212 v=4 leierderenerternunstsenonsinanausdwftcsgitfineumwederalsflimhnnlilltwerseihennmachgalsgeelehnhineslrntsezernisilftfnneingeinwieninprhcewndmelnhrennrasthinnwildedehusuule
NUL 27 score=-11.5774 v=3 fghllsharfwindscharnigleindwennesenetumssenunennwansttnnminhutemalishreleiegenriwzuenhilleinulwertsdhorerhlenninannstrefelniegespcndamlindlihressideineinntfereutflecrwes
NUL 28 score=-11.8710 v=0 indhrtdefinanzanesecucldttetissellennendesodeneschennnuwahlliineuenittnangstesnihmwiewessisslinerrhehrnweenmirfuhlinninmerigurehnlsallrlifderennemtihnewensllwegffrnagpru
NUL 29 score=-11.6476 v=1 niltdecwiehldirngeseffteilheinthwzlfierenngiernenwudencomdenpluhnenniglrnflenrihntelwiessenlenherlumsatisiestennwegsautrschmanneanninsiswiedemdnhtssensninarreurallefrhul
NUL 30 score=-11.9517 v=7 hntisincfswapdttenwegeudenwinnlasisiezendeigengenherchwarnsumfalsweissorrrheremileutlennillinansnuellennnenlnhhuleinehinwsfleiemehrrltfeuflenddernsintgissrnhmtderincetna
NUL 31 score=-11.7461 v=4 oiinelteldenswirdinssaltstfenewahrhininnglanneansahtgrundinsdenreuninmelrmensinflhelliccwnlwhwfnlnheiltiserchnemsepurgdeerfestretalueuetezwunsfnmirdeeinnenhiehleingsersn
NUL 32 score=-11.5162 v=4 mnwichinuntersennnrrneichneesranntwerlweldfregitenlumithsdufellmahinfenahnnlingtrunesieimfdnerleropschldeheleseufeigtrwashinenntwannssunsenndeleisgleildenzihnalieisswert
NUL 33 score=-11.8856 v=6 shulshannlewaswedellennnunfdltunrsihnhairftrinnurdinturpeldofinhardwnnthesscllnuswifennenwernenlienamtemwcrehentzlensieisgilseneehrminemcinsieineiheltgedesgetagselnierfr
NUL 34 score=-11.7374 v=1 nleelthfhinelleenstinanleinguceimarinnnrenzwiemtnuritigselelleruhtsdaweiternensunsiedeneewennarimalierussmlrhdlswsenftfchischnunfpghtinderwilendierrnlensohnefsdwhnngensa
NUL 35 score=-11.5890 v=5 dinsteunnehlsseinwerhullerensaanichtihmeinwfwndenistsesalnisirgswcdurefeenuratellundimlfhnerenhelohlennhinslenturmeerndellteriewissrtfeininengeninhaltinnwzpngremgencdasf
