certutil -hashfile 20251111_230402.jpg MD5
MD5 hash of 20251111_230402.jpg:
c77211c51074ea489c582f25f27f294e
CertUtil: -hashfile command completed successfully.

certutil -hashfile 20251111_230407.jpg MD5
MD5 hash of 20251111_230407.jpg:
9461246eb06d9a6be8fd9aa3392b5c41
CertUtil: -hashfile command completed successfully.

certutil -hashfile 20251111_230412.jpg MD5
MD5 hash of 20251111_230412.jpg:
7aeb474be579193fbbe06f00d1d57faa
CertUtil: -hashfile command completed successfully.

certutil -hashfile 20251111_230417.jpg MD5
MD5 hash of 20251111_230417.jpg:
5fc7aaf5ee162e2b4fe50084f871ffd4
CertUtil: -hashfile command completed successfully.

certutil -hashfile 20251111_230423.jpg MD5
MD5 hash of 20251111_230423.jpg:
69f22edacc736b397bf81bc7ac9a215c
CertUtil: -hashfile command completed successfully.