GEO=1 N=182 FAM=D W=2..9 (D: W1<=7 W2<=7) TOP=10 ITER2=15000 REST2=3 A=1,2,3
  W1=2 W2=2 : Rmax=16 ; meilleur qoff=-11.607
  W1=2 W2=3 : Rmax=13 ; meilleur qoff=-11.353
  W1=2 W2=4 : Rmax=23 ; meilleur qoff=-11.491
  W1=2 W2=5 : Rmax=25 ; meilleur qoff=-11.310
  W1=2 W2=6 : Rmax=29 ; meilleur qoff=-11.292
  W1=2 W2=7 : Rmax=36 ; meilleur qoff=-11.382
  W1=3 W2=2 : Rmax=13 ; meilleur qoff=-11.377
  W1=3 W2=3 : Rmax=14 ; meilleur qoff=-11.378
  W1=3 W2=4 : Rmax=17 ; meilleur qoff=-11.482
  W1=3 W2=5 : Rmax=31 ; meilleur qoff=-11.186
  W1=3 W2=6 : Rmax=31 ; meilleur qoff=-11.115
  W1=3 W2=7 : Rmax=36 ; meilleur qoff=-11.330
  W1=4 W2=2 : Rmax=15 ; meilleur qoff=-11.376
  W1=4 W2=3 : Rmax=17 ; meilleur qoff=-11.679
  W1=4 W2=4 : Rmax=20 ; meilleur qoff=-11.286
  W1=4 W2=5 : Rmax=28 ; meilleur qoff=-11.438
  W1=4 W2=6 : Rmax=31 ; meilleur qoff=-11.232
  W1=4 W2=7 : Rmax=44 ; meilleur qoff=-11.358
  W1=5 W2=2 : Rmax=31 ; meilleur qoff=-11.334
  W1=5 W2=3 : Rmax=26 ; meilleur qoff=-11.277
  W1=5 W2=4 : Rmax=29 ; meilleur qoff=-11.277
  W1=5 W2=5 : Rmax=40 ; meilleur qoff=-11.315
  W1=5 W2=6 : Rmax=43 ; meilleur qoff=-11.251
  W1=5 W2=7 : Rmax=41 ; meilleur qoff=-11.169
  W1=6 W2=2 : Rmax=37 ; meilleur qoff=-11.409
  W1=6 W2=3 : Rmax=27 ; meilleur qoff=-11.286
  W1=6 W2=4 : Rmax=33 ; meilleur qoff=-11.438
  W1=6 W2=5 : Rmax=38 ; meilleur qoff=-11.203
  W1=6 W2=6 : Rmax=46 ; meilleur qoff=-11.102
  W1=6 W2=7 : Rmax=46 ; meilleur qoff=-11.192
  W1=7 W2=2 : Rmax=34 ; meilleur qoff=-11.227
  W1=7 W2=3 : Rmax=39 ; meilleur qoff=-11.369
  W1=7 W2=4 : Rmax=52 ; meilleur qoff=-11.317
  W1=7 W2=5 : Rmax=52 ; meilleur qoff=-11.168
  W1=7 W2=6 : Rmax=50 ; meilleur qoff=-11.196
  W1=7 W2=7 : Rmax=61 ; meilleur qoff=-11.096
paires (symbole = lettres) : 62=Q/T 63=C/U 64=M/Y 65=D/B 72=H/K 74=W/O 75=N/V 81=E 82=F/L 83=R/G 84=S/X 85=P/I 91=Z/A
MEILLEUR qoff=-11.096 W=7 P=2 3 6 7 4 5 1 | W2=7 Q=2 1 3 5 6 7 4  (R=55)
CLAIR=EMARCLOONSBELIMPSOMALLHAINICBUNTEDBYTHATEBODYTEDVENIPPIPITSELIMIWALTHEMUTUPOUTNOFURNTTHARYHOTRYMECHRALSSMELAUSEMBUNSHNHALALNAORFRRENDFIRSTARLYCONSBEFORDNOTIREQUITFORTYSELYKNEENEEVENG
vérification directe (chaque lettre lue appartient au symbole observé) : 0/182 écarts (exact)
