  geoA d0-row                 dir0 qoff=-13.301
  geoA d0-row                 dir1 qoff=-13.620
  geoA d0-row-bou             dir0 qoff=-13.176
  geoA d0-row-bou             dir1 qoff=-13.298
  geoA d0-col                 dir0 qoff=-13.445
  geoA d0-col                 dir1 qoff=-13.229
  geoA d0-col-bou             dir0 qoff=-13.206
  geoA d0-col-bou             dir1 qoff=-13.192
  geoA d1-row                 dir0 qoff=-13.411
  geoA d1-row                 dir1 qoff=-13.296
  geoA d1-row-bou             dir0 qoff=-13.178
  geoA d1-row-bou             dir1 qoff=-13.370
  geoA d1-col                 dir0 qoff=-13.598
  geoA d1-col                 dir1 qoff=-13.594
  geoA d1-col-bou             dir0 qoff=-13.494
  geoA d1-col-bou             dir1 qoff=-13.523
  geoA d2-row                 dir0 qoff=-13.628
  geoA d2-row                 dir1 qoff=-13.482
  geoA d2-row-bou             dir0 qoff=-13.539
  geoA d2-row-bou             dir1 qoff=-13.557
  geoA d2-col                 dir0 qoff=-13.397
  geoA d2-col                 dir1 qoff=-13.350
  geoA d2-col-bou             dir0 qoff=-13.149
  geoA d2-col-bou             dir1 qoff=-13.316
  geoA d3-row                 dir0 qoff=-13.407
  geoA d3-row                 dir1 qoff=-13.565
  geoA d3-row-bou             dir0 qoff=-13.058
  geoA d3-row-bou             dir1 qoff=-13.123
  geoA d3-col                 dir0 qoff=-13.480
  geoA d3-col                 dir1 qoff=-13.546
  geoA d3-col-bou             dir0 qoff=-13.398
  geoA d3-col-bou             dir1 qoff=-13.580
  geoA d4-row                 dir0 qoff=-13.572
  geoA d4-row                 dir1 qoff=-13.362
  geoA d4-row-bou             dir0 qoff=-13.697
  geoA d4-row-bou             dir1 qoff=-13.363
  geoA d4-col                 dir0 qoff=-13.089
  geoA d4-col                 dir1 qoff=-13.433
  geoA d4-col-bou             dir0 qoff=-13.315
  geoA d4-col-bou             dir1 qoff=-13.133
  geoA d5-row                 dir0 qoff=-13.616
  geoA d5-row                 dir1 qoff=-13.401
  geoA d5-row-bou             dir0 qoff=-13.479
  geoA d5-row-bou             dir1 qoff=-13.391
  geoA d5-col                 dir0 qoff=-13.537
  geoA d5-col                 dir1 qoff=-13.518
  geoA d5-col-bou             dir0 qoff=-13.372
  geoA d5-col-bou             dir1 qoff=-13.261
  geoA d6-row                 dir0 qoff=-13.266
  geoA d6-row                 dir1 qoff=-13.422
  geoA d6-row-bou             dir0 qoff=-13.341
  geoA d6-row-bou             dir1 qoff=-13.232
  geoA d6-col                 dir0 qoff=-13.736
  geoA d6-col                 dir1 qoff=-13.513
  geoA d6-col-bou             dir0 qoff=-12.893
  geoA d6-col-bou             dir1 qoff=-12.893
  geoA d7-row                 dir0 qoff=-13.524
  geoA d7-row                 dir1 qoff=-13.292
  geoA d7-row-bou             dir0 qoff=-13.023
  geoA d7-row-bou             dir1 qoff=-13.367
  geoA d7-col                 dir0 qoff=-13.506
  geoA d7-col                 dir1 qoff=-13.731
  geoA d7-col-bou             dir0 qoff=-13.374
  geoA d7-col-bou             dir1 qoff=-13.736
  geoA diag-anti-c0           dir0 qoff=-13.383
  geoA diag-anti-c0           dir1 qoff=-13.580
  geoA diag-main-c0           dir0 qoff=-13.122
  geoA diag-main-c0           dir1 qoff=-13.561
  geoA diag-anti-c0-zz        dir0 qoff=-13.183
  geoA diag-anti-c0-zz        dir1 qoff=-13.124
  geoA diag-main-c0-zz        dir0 qoff=-13.375
  geoA diag-main-c0-zz        dir1 qoff=-13.106
  geoA diag-anti-c1           dir0 qoff=-13.136
  geoA diag-anti-c1           dir1 qoff=-13.265
  geoA diag-main-c1           dir0 qoff=-13.209
  geoA diag-main-c1           dir1 qoff=-13.065
  geoA diag-anti-c1-zz        dir0 qoff=-13.303
  geoA diag-anti-c1-zz        dir1 qoff=-12.964
  geoA diag-main-c1-zz        dir0 qoff=-13.019
  geoA diag-main-c1-zz        dir1 qoff=-12.915
  geoA diag-anti-c2           dir0 qoff=-12.989
  geoA diag-anti-c2           dir1 qoff=-13.355
  geoA diag-main-c2           dir0 qoff=-13.276
  geoA diag-main-c2           dir1 qoff=-13.379
  geoA diag-anti-c2-zz        dir0 qoff=-13.242
  geoA diag-anti-c2-zz        dir1 qoff=-13.149
  geoA diag-main-c2-zz        dir0 qoff=-13.350
  geoA diag-main-c2-zz        dir1 qoff=-13.018
  geoA diag-anti-c3           dir0 qoff=-13.162
  geoA diag-anti-c3           dir1 qoff=-13.320
  geoA diag-main-c3           dir0 qoff=-13.372
  geoA diag-main-c3           dir1 qoff=-13.568
  geoA diag-anti-c3-zz        dir0 qoff=-13.217
  geoA diag-anti-c3-zz        dir1 qoff=-12.855
  geoA diag-main-c3-zz        dir0 qoff=-13.114
  geoA diag-main-c3-zz        dir1 qoff=-13.284
  geoA spir-right-c0-in       dir0 qoff=-13.422
  geoA spir-right-c0-in       dir1 qoff=-12.964
  geoA spir-right-c0-out      dir0 qoff=-13.251
  geoA spir-right-c0-out      dir1 qoff=-13.455
  geoA spir-right-c1-in       dir0 qoff=-13.352
  geoA spir-right-c1-in       dir1 qoff=-13.444
  geoA spir-right-c1-out      dir0 qoff=-13.482
  geoA spir-right-c1-out      dir1 qoff=-12.870
  geoA spir-right-c2-in       dir0 qoff=-13.376
  geoA spir-right-c2-in       dir1 qoff=-12.974
  geoA spir-right-c2-out      dir0 qoff=-13.415
  geoA spir-right-c2-out      dir1 qoff=-13.216
  geoA spir-right-c3-in       dir0 qoff=-13.492
  geoA spir-right-c3-in       dir1 qoff=-13.000
  geoA spir-right-c3-out      dir0 qoff=-13.224
  geoA spir-right-c3-out      dir1 qoff=-12.992
  geoA spir-down-c0-in        dir0 qoff=-13.497
  geoA spir-down-c0-in        dir1 qoff=-13.353
  geoA spir-down-c0-out       dir0 qoff=-13.463
  geoA spir-down-c0-out       dir1 qoff=-13.241
  geoA spir-down-c1-in        dir0 qoff=-13.399
  geoA spir-down-c1-in        dir1 qoff=-13.440
  geoA spir-down-c1-out       dir0 qoff=-13.146
  geoA spir-down-c1-out       dir1 qoff=-13.386
  geoA spir-down-c2-in        dir0 qoff=-13.291
  geoA spir-down-c2-in        dir1 qoff=-13.160
  geoA spir-down-c2-out       dir0 qoff=-13.048
  geoA spir-down-c2-out       dir1 qoff=-13.338
  geoA spir-down-c3-in        dir0 qoff=-13.313
  geoA spir-down-c3-in        dir1 qoff=-13.440
  geoA spir-down-c3-out       dir0 qoff=-13.172
  geoA spir-down-c3-out       dir1 qoff=-13.108
  geoB d0-row                 dir0 qoff=-13.293
  geoB d0-row                 dir1 qoff=-13.178
  geoB d0-row-bou             dir0 qoff=-13.099
  geoB d0-row-bou             dir1 qoff=-13.102
  geoB d0-col                 dir0 qoff=-13.129
  geoB d0-col                 dir1 qoff=-13.094
  geoB d0-col-bou             dir0 qoff=-13.215
  geoB d0-col-bou             dir1 qoff=-13.809
  geoB d1-row                 dir0 qoff=-13.211
  geoB d1-row                 dir1 qoff=-13.006
  geoB d1-row-bou             dir0 qoff=-13.207
  geoB d1-row-bou             dir1 qoff=-13.626
  geoB d1-col                 dir0 qoff=-13.360
  geoB d1-col                 dir1 qoff=-13.542
  geoB d1-col-bou             dir0 qoff=-13.542
  geoB d1-col-bou             dir1 qoff=-13.081
  geoB d2-row                 dir0 qoff=-13.303
  geoB d2-row                 dir1 qoff=-13.219
  geoB d2-row-bou             dir0 qoff=-13.492
  geoB d2-row-bou             dir1 qoff=-13.492
  geoB d2-col                 dir0 qoff=-13.110
  geoB d2-col                 dir1 qoff=-13.082
  geoB d2-col-bou             dir0 qoff=-13.463
  geoB d2-col-bou             dir1 qoff=-13.337
  geoB d3-row                 dir0 qoff=-12.972
  geoB d3-row                 dir1 qoff=-13.295
  geoB d3-row-bou             dir0 qoff=-13.141
  geoB d3-row-bou             dir1 qoff=-13.314
  geoB d3-col                 dir0 qoff=-13.405
  geoB d3-col                 dir1 qoff=-13.391
  geoB d3-col-bou             dir0 qoff=-13.320
  geoB d3-col-bou             dir1 qoff=-13.320
  geoB d4-row                 dir0 qoff=-13.543
  geoB d4-row                 dir1 qoff=-13.391
  geoB d4-row-bou             dir0 qoff=-13.308
  geoB d4-row-bou             dir1 qoff=-13.673
  geoB d4-col                 dir0 qoff=-13.358
  geoB d4-col                 dir1 qoff=-12.946
  geoB d4-col-bou             dir0 qoff=-13.029
  geoB d4-col-bou             dir1 qoff=-13.485
  geoB d5-row                 dir0 qoff=-13.334
  geoB d5-row                 dir1 qoff=-13.163
  geoB d5-row-bou             dir0 qoff=-13.650
  geoB d5-row-bou             dir1 qoff=-13.287
  geoB d5-col                 dir0 qoff=-13.251
  geoB d5-col                 dir1 qoff=-13.241
  geoB d5-col-bou             dir0 qoff=-13.331
  geoB d5-col-bou             dir1 qoff=-13.482
  geoB d6-row                 dir0 qoff=-13.221
  geoB d6-row                 dir1 qoff=-13.176
  geoB d6-row-bou             dir0 qoff=-13.152
  geoB d6-row-bou             dir1 qoff=-13.465
  geoB d6-col                 dir0 qoff=-13.147
  geoB d6-col                 dir1 qoff=-13.422
  geoB d6-col-bou             dir0 qoff=-13.102
  geoB d6-col-bou             dir1 qoff=-13.485
  geoB d7-row                 dir0 qoff=-13.132
  geoB d7-row                 dir1 qoff=-13.176
  geoB d7-row-bou             dir0 qoff=-12.954
  geoB d7-row-bou             dir1 qoff=-13.618
  geoB d7-col                 dir0 qoff=-13.247
  geoB d7-col                 dir1 qoff=-13.329
  geoB d7-col-bou             dir0 qoff=-12.912
  geoB d7-col-bou             dir1 qoff=-13.587
  geoB diag-anti-c0           dir0 qoff=-13.086
  geoB diag-anti-c0           dir1 qoff=-12.926
  geoB diag-main-c0           dir0 qoff=-13.039
  geoB diag-main-c0           dir1 qoff=-13.072
  geoB diag-anti-c0-zz        dir0 qoff=-12.987
  geoB diag-anti-c0-zz        dir1 qoff=-13.411
  geoB diag-main-c0-zz        dir0 qoff=-13.046
  geoB diag-main-c0-zz        dir1 qoff=-13.482
  geoB diag-anti-c1           dir0 qoff=-13.110
  geoB diag-anti-c1           dir1 qoff=-12.885
  geoB diag-main-c1           dir0 qoff=-13.147
  geoB diag-main-c1           dir1 qoff=-12.980
  geoB diag-anti-c1-zz        dir0 qoff=-13.119
  geoB diag-anti-c1-zz        dir1 qoff=-13.315
  geoB diag-main-c1-zz        dir0 qoff=-13.266
  geoB diag-main-c1-zz        dir1 qoff=-13.395
  geoB diag-anti-c2           dir0 qoff=-13.437
  geoB diag-anti-c2           dir1 qoff=-13.355
  geoB diag-main-c2           dir0 qoff=-13.010
  geoB diag-main-c2           dir1 qoff=-13.113
  geoB diag-anti-c2-zz        dir0 qoff=-13.058
  geoB diag-anti-c2-zz        dir1 qoff=-13.199
  geoB diag-main-c2-zz        dir0 qoff=-12.774
  geoB diag-main-c2-zz        dir1 qoff=-13.092
  geoB diag-anti-c3           dir0 qoff=-12.904
  geoB diag-anti-c3           dir1 qoff=-13.085
  geoB diag-main-c3           dir0 qoff=-13.305
  geoB diag-main-c3           dir1 qoff=-13.276
  geoB diag-anti-c3-zz        dir0 qoff=-12.733
  geoB diag-anti-c3-zz        dir1 qoff=-13.388
  geoB diag-main-c3-zz        dir0 qoff=-12.892
  geoB diag-main-c3-zz        dir1 qoff=-13.398
  geoB spir-right-c0-in       dir0 qoff=-13.422
  geoB spir-right-c0-in       dir1 qoff=-13.359
  geoB spir-right-c0-out      dir0 qoff=-13.167
  geoB spir-right-c0-out      dir1 qoff=-12.976
  geoB spir-right-c1-in       dir0 qoff=-13.356
  geoB spir-right-c1-in       dir1 qoff=-13.522
  geoB spir-right-c1-out      dir0 qoff=-13.380
  geoB spir-right-c1-out      dir1 qoff=-13.085
  geoB spir-right-c2-in       dir0 qoff=-13.318
  geoB spir-right-c2-in       dir1 qoff=-13.141
  geoB spir-right-c2-out      dir0 qoff=-13.217
  geoB spir-right-c2-out      dir1 qoff=-13.081
  geoB spir-right-c3-in       dir0 qoff=-13.257
  geoB spir-right-c3-in       dir1 qoff=-13.451
  geoB spir-right-c3-out      dir0 qoff=-13.355
  geoB spir-right-c3-out      dir1 qoff=-13.070
  geoB spir-down-c0-in        dir0 qoff=-13.211
  geoB spir-down-c0-in        dir1 qoff=-13.524
  geoB spir-down-c0-out       dir0 qoff=-13.209
  geoB spir-down-c0-out       dir1 qoff=-13.258
  geoB spir-down-c1-in        dir0 qoff=-13.357
  geoB spir-down-c1-in        dir1 qoff=-13.438
  geoB spir-down-c1-out       dir0 qoff=-13.461
  geoB spir-down-c1-out       dir1 qoff=-12.941
  geoB spir-down-c2-in        dir0 qoff=-13.181
  geoB spir-down-c2-in        dir1 qoff=-13.155
  geoB spir-down-c2-out       dir0 qoff=-13.068
  geoB spir-down-c2-out       dir1 qoff=-13.075
  geoB spir-down-c3-in        dir0 qoff=-13.345
  geoB spir-down-c3-in        dir1 qoff=-13.624
  geoB spir-down-c3-out       dir0 qoff=-13.186
  geoB spir-down-c3-out       dir1 qoff=-12.985

MEILLEURE CELLULE : geoB route=diag-anti-c3-zz dir0 qoff=-12.733
CLAIR=TEEASDUODIDNTLEDHELARESTHRLTPLRSIUODOUTATDAPERUPRUNORUSTSOHSHLEEASDTNEANIENSSNUPANIHASTERDSAIDDLOPPARROUOTTHNOTEDOIIHELAOURHAOLLTHESIDIEREPDEDPSETIDASPHERHONEPAPRILSNTHSOLAPDIASIRRTD
ré-enchiffrement : 0/196 paires différentes (exact)
  stabilité #0 qoff=-13.454 identique=48/182
  stabilité #1 qoff=-13.292 identique=57/182
  stabilité #2 qoff=-12.880 identique=44/182
  stabilité #3 qoff=-13.828 identique=58/182
  stabilité #4 qoff=-13.285 identique=36/182
  stabilité #5 qoff=-12.880 identique=44/182
  stabilité #6 qoff=-13.120 identique=47/182
  stabilité #7 qoff=-13.245 identique=103/182
stabilité : 0/8 redémarrages redonnent le même clair (≥95%)
