NUL 0 score=-13.1464 var=V1 dir=1 censineeftdohprrswnmrnwchnasuoineeregezerwernrahenelinensahkndbegfnlennsoeszweimastiesklasshirnuemidnbussinfetcrftefliginreindnafmundelleserreinenlunorustorwwhsweheidfsu
NUL 1 score=-13.9190 var=V1 dir=0 ufpneskwddefaaldousinlustisniomnhulsunsthrerhlrsgrdlbenegnesdememininshanwghrwafhtfrseinlrnenoswieierisiornekbesueenerwoierazwelnauzfncenfeieeisnnwennmfhtserterendcnsrce
NUL 2 score=-13.4255 var=V1 dir=1 enctinntausemfronliturzseweiwnwbuersesplesnefkrhmmtrunorlarehdlnofsandlsenonessrfnnkseinsehdigewurhrifdiencrghnnwrnfcldeninereistenoauendalemzehasifwehweieseinbsenseigur
NUL 3 score=-13.7601 var=V1 dir=0 shwrshunnunarrdlwencmwernellekrnfurreswanznlnsfnsknsiewoaisgesieuusenttmzsmdrfewieleononatrialetrcauordnisgrchsignrhelniehdhbefindufenniereimnespsendisifefobheseenneweet
NUL 4 score=-13.6599 var=V1 dir=0 esfobzrunnlamedeefunftfasscenheimelanehleenaunfnwnostungshiegdeeeewhhebenmikcawwdredstosimuswennesenhnzusllunlnrindisinprrwaswiirsrerirfkrintlhrnecogfssrersednroeteinnei
NUL 5 score=-13.3635 var=V1 dir=0 enobndflgbeiiclrwnneneidwsemelerseenugennrgemasduhehsunsflicksissspatuteresinnleisnniltersnrledezuemsnhonnerurnwdwdiraftrifernheoharfofwnikssahinwmcieuzeatorfnenehrensew
NUL 6 score=-13.2044 var=V1 dir=0 acsoundmeihedenibsnenlenennturnfluuihderadfreerhoefnarrganninseehlbemutusiersgewenzundwiewenssescmlfecoinerklgikarrthtfeszfnhfnarminnenneselriwesesowdinsweliswonhsisrtrp
NUL 7 score=-13.6611 var=V1 dir=0 herwilleeunteaurllnerfiinliseownoworihnniekriegwrkuhhztwunfnderdwardemfesnnclnfessoincadebinstgeldiensbesrpsrwnurnamfnhcnssedemnsteeisifuhaneeessmirrrnnzhnouegasteesnefe
NUL 8 score=-13.7215 var=V1 dir=1 ugnhsshilffnswudarokdieeueenonefatrinmelwglenrnseruneingsielfeszennhmeruswrrnwiitsrifaresmiresdeohebeinundzursoecnneenetwtlnahtsacdrnnlcnahornwinlhresefesebisskenedimfwp
NUL 9 score=-13.4974 var=V1 dir=1 zsdkleurnsnahriinenecesndmrfrnethpnuonwuohmiekahwinndirnwnftsinwarosecidenleharanseucgnwrnfunsffwtseinsllreheeistfgdmeeitreierelesslunsuherdaberlgnnzesosesnmineeferbeiwo
NUL 10 score=-13.4422 var=V1 dir=1 tnlllillgennesletenkuirisehfannsulscdrinwerafssfwfgpnnsnieseowueanimherwhasersterhestodwesebriknachrheniheuzegefeneuooerfenssenszbdienwrnuriamdisnwreferiinrnmenddtunmcno
NUL 11 score=-13.5117 var=V1 dir=0 hortduuswiseinneibtnurewpiestialeferuzernnonwmfndtamcgshnsdnrnferafneansenkagemresenenruiichelsrondcheswbelsnhrregswensuhlzesdrsseremteuneifehloklfinalnineiwerneisowfnid
NUL 12 score=-13.4619 var=V1 dir=0 shwsnenufloswenhauminfnurkelmaniefedeedreisisconeseerwionlonbrifupfhesoidtzenhatmnenhegettiruennageinenzensselecbsklernilhasenrnisnrwiewrmalrhunfdwnsrisscnfrdegresreutwd
NUL 13 score=-13.7793 var=V1 dir=1 nshrinkflnbwhrealsieoksessnhosseefinclragdensenennfenonienoneulchmsiendiewurgwnwgclnftandzwureasopfudieeretezhnrinesdurteseeteefahmnisulrrnbsnstewmninirrmeehriselraudwfi
NUL 14 score=-13.3517 var=V1 dir=1 ntreitsinneerbonsnitfrearonbufdenwfwcrnineaohmeomsikeinalzelupaolsdrnudwkflenneursleeihenigfrernannienswenedielftneniesencemesnurfsgierswwechiwhlehadrnurtszghussredshmss
NUL 15 score=-13.5251 var=V1 dir=0 ssdeclecingonenstnerawflungfernmenrntllporndsornunseabiilenedreidedscsnsfernenaumnurisekunwiehehnefinieftfrmheskernsherewnganwaowowsufhlrhmhseeitwirreidezselnsitienbausz
NUL 16 score=-13.4006 var=V1 dir=1 emmtierlurefesenrinnteshletiikiennnernhhfnlediendderederanwrwsfcuuzfbsurosnebsieeconntunwaseeiregerdrncprslkirdemnahlsaffnhissersnounliniumwesweswegsanseenzagihftlnowohn
NUL 17 score=-13.7169 var=V1 dir=0 hkrswoskelancesneemertlnwrrhgsomfuminnrurinhebeinwzonsflnnnlhutundziorthneredboasufsucdsenesdieeihtdfienpelaeseenanferleawwcfgremersfuginesininahrnseiisswwensdreienneltr
NUL 18 score=-13.6545 var=V1 dir=0 rwhrrnsieukkenimsenenffrrgeeaoenteiefsrsslnnauiswechoedecenselensodaufdencrndiesannfnstoselnlltenniebunnamsoerregeennzehlmmhefristwrisshhwidnwiwziuhndbseenuwirluftriapgr
NUL 19 score=-13.4691 var=V1 dir=0 ehbdhhinnensdeueeefohemctrddeiaaawulawfoennlimszhghifferennsoiknessirgtwiferrklniemelsentlehesirndzwarsnunsdenftiboplnironcsnnnunwerngerereerneilumwentewusfsseransscsuri
NUL 20 score=-13.2697 var=V1 dir=1 ldeersehrrestefwwerthnselwunclelorpznensracswalifdwogsnelerchenrhluneisseseinsisanuaiunshenskfzogirfbstismdronumndwaorieeenkeendnebrieeringnernhiefminnntmhduweistfanunfe
NUL 21 score=-13.3614 var=V1 dir=1 iuccesieneohreinenhnfrttinsnruenelzusnundwemnztdurtmendhftsenbeenfesfnwlniginfaherirssegalsonninfekssemorwoenesreiawirddokwssarwirrdellhealeneeimelehrusnwirnagshecnfpsbu
NUL 22 score=-13.6582 var=V1 dir=0 rlieblmhrinenertmeurblhgsnunefisuenenntntormeeisnddrdiehenhnefooeczunantritanlenowseweuenkenarrgifssusslehnfswncfiwirgspandunewerfiiswehclhlerdrneksaereeszeiodsfinwassnm
NUL 23 score=-13.4775 var=V1 dir=0 euerideuflnsendezibweninihrsfeicriannigauspnzrerdieidnfrfmclnsomfwagentenaeitenunegeheahhslenabersnctkwfutsuksdeseesdsnotewweimrennehrlersmiruhrelinenlwrnosnsslnonwfrsho
NUL 24 score=-13.5820 var=V1 dir=1 wertuenwerswanhshirmerseiddlnheuuinlntkerninblposinngsfnmrsrihwiegeoffesildfeieanunhandietesonnemlernrfcbriezeiohreksrfenanwosgensdanuscswnemwscuearesfresietnnllenzdtueh
NUL 25 score=-13.4506 var=V1 dir=1 rundewwecnwierbumderfosinnenrhllossnbdhtelnwasatsoeifowhemnedsannfedienenfieriueieineinluelmswfluswrecfsigtrhskadekzrannninuechssesfurmnesorenneesgzhtsnerginlertrineaphr
NUL 26 score=-13.4845 var=V1 dir=1 awnudhendinotfdentennhlhsorefwunselncsrersierhhrenegeinzshdiakcteweiciseinfrwfaufdsrgsnonlesstmiebarhbesemnitproneinnenelussnnwernnieullfesenonzerfreweirasemudgriawslmuk
NUL 27 score=-13.6370 var=V1 dir=1 eoflgeisieernherturztdeseeisenanaelsiioorzerlishndfknopeeunerieseebalkealcawesfransrissfnnwechnemmhundusnwncmenhswennsnrhregemnunituosnburfewfgrrfnnddwdlinihnewisttersil
NUL 28 score=-13.8009 var=V1 dir=1 dbmkahnieohglreditnonsksflhzirhieernenlwudunpfstrieurenzgaofceasseeswaweeeunsulennherwahnurcnstdsfrlenoerisiferenwenernbindsinlswehrnwmmnienrisslnscumiteronieegesftndaef
NUL 29 score=-13.4973 var=V1 dir=1 srussangsaoihrnrhcnrtimehiedenwoennwkcwerstenstdsnrnnhobdeedulwfhleuairzeanilesnieliernueninguksomueinugemscmrenalsepionheresierwerrdefsfzfnnblewfsandrhfltenissenteefwin
NUL 30 score=-13.2981 var=V1 dir=1 rierautnneneibnimaffslmahletswnclezohehhtsngerndmifdefoenduwirsancdhnurnblnineneursstrioeeefseensnwurfendeeisderzgensurskranlanswiessichwoekenmirsowipneenerrhlltueingwsf
NUL 31 score=-13.6114 var=V1 dir=0 neinmiiswarmaascszdldhreesgenfretswasenfrnrbrunrnfcternntnnhonnbseiweresserinenheisenngwerekunemlenieewihskwglchhesworeszfinittiedeilufullsnsoniusffemdruddaaeerehouopnnl
NUL 32 score=-13.4088 var=V1 dir=1 efweeniucrtfeiefeninocmcsfmserszithsndeeneausflknrindirihnesfresunsnsurtmrenipehtwieentlsnonubemwennendeihrelhngallludeweheoeswuriendrrknwasissselabzfingnrrwdornseongaah
NUL 33 score=-13.7888 var=V1 dir=0 hbneecdcningsannlieilfernntnwhswbepraesrnenuhnaehutmarimofoosucitansieenlerrnososiuneuenmerssierstzghdeendswserlntwiruffdeglfndwdfekesehrenzfhersswirlrleunnensekeimiianw
NUL 34 score=-13.8507 var=V1 dir=1 doasobeeweteeilrgeertgieunsnegnnwiefalsdnnnttmrhmnrrefenernwendeehusholeennunsusieaucaiwleesnnfsissekirdendemmdensifnpzrrholnihriaufilhoresikhbsanffrtcrneswrnisuzwelncsw
NUL 35 score=-13.7992 var=V1 dir=0 lefsftmkiwehuhehiwiesiufurennemsktuneowwrmdergnsicunofenslpwhzfriteluneleenrcnsngdrwerssiildnsertsnbenhebeomdaswasienoraeoasaluneendssfgnenchrentdieranfrenzlriennneishir
NUL 36 score=-13.5730 var=V1 dir=0 hfsknmerinhelfhberinmunetztwefnesteerzueiluliehnpcueeorwiresadwcerisndsrmnlnanfleiweltirdsighrnwunfernsnahessaisnnsmrwenniakgenosssentwulrienorogrdeachseudedenseinbenfof
NUL 37 score=-13.4439 var=V1 dir=0 fdemsteneneinunftegierohtflmresneizeeunerhegewlwnhenetmesirsucofaznrcfohenwemislirrdirsdansrehsiusshodesgintwcenineswirknalnisbinuaohunfasunneefeklwbrenlepserldanndrwnsr
NUL 38 score=-13.5978 var=V1 dir=1 asahenleizseiwirsolosnnteiseineefliusioiunrerdomrmfwtnwhsefnnkeandcresfrrsnnnsifisgeheebheihmenwlesttegwnfuchedarenprunwucufdenzeorenuindsknalsnngslmrienseadebrntwehrerl
NUL 39 score=-13.6132 var=V1 dir=1 linssiekrzuirresufifadcefenunnisfweinnesfandeewiceuintrrobwtensinwheznedodermgsrbesenfmitsgeewonsiteinsenognernchieernulhanehrsrhansuntlrlmudalwernkehfslwmrheodennselasp
NUL 40 score=-13.8276 var=V1 dir=0 oftefnrzwsunksfehhrsgntursinfskuramslmnubeeeefrrenawasneehehnesaohsfenemneueterigdidwnzhelrngrreienbelwiwindeanonecocldcupistenetwaolierlinduhinerssniefsrndenninsmiwslsr
NUL 41 score=-13.8869 var=V1 dir=0 ceazeelfesalinfrnosioedruhsmrkrnrnnwftnenkiuwuewesiesrweninninmenmernirrsliserndbcwlgnrmdeutstegenheesseeinechanidifthorehesozhdbenaslestulawhfffiaueesonndrwnlsinrugesnp
NUL 42 score=-13.7076 var=V1 dir=0 horftimlrdualsheunsiertunsgesebfoeccirieereaawenstseiaedieeinulkgrsrfmenesdhorhnhnnesigollesahennnureieswcwwpennrussdaeksesdeintnonfinwzwreintmnrnillsfmrnfrnbennufwehedz
NUL 43 score=-13.6624 var=V1 dir=1 rbehrumdeimhomieamfelhienaiunnesenaudedittigernnlhnusenurensdewsferlagodoaaseunicssfssihnerfehnwennwwnrrsrdhrifenklnszeunenltesbeolegpwkonirrerstnnesziwteeficncsrlesfinw
NUL 44 score=-13.5578 var=V1 dir=1 wtemnlehmlihnutesaldblanwennsenluirthrswdsfwnfersreinnznsresuseihgoregeenanhunginiohorkoesweewerrnendeinepdehmsleensenkslsnzinodnurmeinafctcaricrsirartwuniesfeudeffbeifs
NUL 45 score=-13.8135 var=V1 dir=0 enseernarnaosmcnldenmeitdleolosieenehierrungfthinnunerserarnbrsremuniiwenninkadetesadensucrunsfiminnighwpsoelzneeiererllnrohstfehsstdifwsfwwnwwrleungbzfeheendsfschiueaks
NUL 46 score=-13.1944 var=V1 dir=0 tcfsnegeseitzwthbetaswierewanarasrfcllogbeodiierfhrtenrezufurfenisrinnesaonnhasseneileseineissenersdddenkserlmsulenpcdnwuuhinsnldneowennienmomenmuhnenihrnhlfrsrkgewfuwri
NUL 47 score=-13.6618 var=V1 dir=1 zhnncreiseffurnaternredahedisugifadkerereausissenreichnenberwogemgslchmlnineusteletpsnubwnuwnnieanentroffnisrssiomhnihnnuilwewnrnlslwernonwkizlessmaeheefeeeindsrsdordeft
NUL 48 score=-13.7747 var=V1 dir=1 ahrndrirsrwdnssntfmreiilgebufzflenlestsnzrinwssfewoesonefnnnesihrdidaroewongassaumcfeninebneramuseeseeeclhssigreitenwarkupcienteeorreiumhinennwerkhselnlendundihelutwhnnf
NUL 49 score=-13.5401 var=V1 dir=1 klzreriehenneihrtenrinbesnunkumieuisugsondesoinandsinargeerswdffensfhcluohnsfennsflcsspobrieihntewanfienthardimewmoleeehrnwgrewidtrncatdesefeesminsraseezleneruuslnlwnnwr
NUL 50 score=-13.2440 var=V1 dir=0 spsrreihrcrirritldeiniwhnerewhassieieslossunzwtwfriefohlfhidnsenerngzsswasomfileannuftrinnbenhungelasebekenewalorhmefunnsoncngeafreuednmerduuntinmensdlkteinsrewendenscee
NUL 51 score=-13.5222 var=V1 dir=0 upmsenigsehensilwbobendcneeihnehniskwrrlrafsrmiglesoersziakdrineohoftmenunsnrfrmosifswnnnnuarhererfcrcirutestiedelsgewehedeeftdeieshennertsalnanunseldwneilfinszeannunwuw
NUL 52 score=-13.4890 var=V1 dir=0 cgrrensunrobartherenroloieesiefwewzpwsnsmaaiiefnhenernmikelndeilederhsmnnfuntauisainelniirefedewennhassnwehesdfefgnssterwostunubrnuldichngnkwechtoiserienellsemsundsrfnrz
NUL 53 score=-13.8554 var=V1 dir=1 trrdokhmrenndenzuernlcfiebeenestigfanfonnpewelnihneanwirlinfnszlhhmssftneebmdrreeerdefessehekelisdeweisensnurtlentlurrhraasgirnemhowarinuagcenisdosuicwnniwwusssieuneofsn
NUL 54 score=-13.3626 var=V1 dir=1 iehendlsresfeminiondwenuninpermeingbonraunlboneeunseteroshenwancrseknhgeunenffolniswnucneulnaheausaseffersinzthimwdsetrsefrlktsiemdichfswerdaiisihrdzrngnerstseenrerwllwe
NUL 55 score=-13.4185 var=V1 dir=1 eseoringimtefihdllwonewnhniersaufsauennenzituengcsdranefueinsosertenrisemcfbnrecohrniedrluserrswnasanblelfendonkennwirirmwegehrdlandnsheinuiwesfpwzhursestsnmifelshtenkee
NUL 56 score=-13.2483 var=V1 dir=1 uldastuneroteerufofclshufdieinenennwarrhnndwnzenmensinletenwirfescbreeenieherawhnmwessemgnrtzislwngrinreindaloeindswinnseelftreprssohernkrdsfnisfoangesmhbausehcsuulieeik
NUL 57 score=-13.6926 var=V1 dir=0 rwndenrnannntosdiefngcrgegefnioniesimresttafhhwdkelniesnaneholieeilslhwreuunhdersunnrhrmierisdanseebzwftwerscourswdaolemennerezwansfnnstumnbufsueniseieeileicefelsshrpnkr
NUL 58 score=-13.6473 var=V1 dir=1 slgoehrcrenwatekeinerehnkossmnwndsetrhfihmscresinddeslmhruzieridfenanauerbeenettinwlefsipnihnzigwelnweeissrcwnlnoneidefunfnunromswrslfrgesueniesanebernsauentsenudahofilr
NUL 59 score=-13.6051 var=V1 dir=1 rfnnenhomerurnfinwemusgesenezfnlnetweiwssikuiprilhwemauselswnfwibeoticehstuktdenaeschedilderausanrolnirnsndhelsfsbgernsredasfteoohlszfirndinsmaineerennninenurwerehgercen
NUL 60 score=-13.4788 var=V1 dir=0 doififasenesenlsleroamihnwmrthzlrfenwswesebgernienssinwewsrheoliemderlentufbooerkfrnpuntenklewhslsuchnimnidachdieenunnigstcursntirndnunandfrzaaeenesweiinenereeshusgrersf
NUL 61 score=-13.6937 var=V1 dir=1 ueuengeinehrreriseinemknwpwlrnnensermistnindnetronthnfbbehersleifersfmcunsigneowiudsdegeehkwcreanwasahrnmineerlucnfoerzlnndsafoinhaisereotlszendllssauiherwftwenisudsesnf
NUL 62 score=-13.6024 var=V1 dir=1 suifzenewndesdzreifnigstsserorlfkfinanineewenktisomhaeewesererereefcnwlrtemenedensenwrcduehgrihsihrbinnnehinesmhwanonstlrlnurannblensoriudagunfreepulcntasfdsowilhnemissu
NUL 63 score=-13.3251 var=V1 dir=1 catginchdesrorlfdetituneinefeumienenoeenheesweshansunnmitaleasshrbsinneuesrirwwdwfellferaneinhekswbozwtlonplerorgnsfnzrenserunrsmanenheusseiflimrrwenhkegenscisdirninfudd
NUL 64 score=-13.7933 var=V1 dir=0 mbeeehrwenieimgnpernafursfinscartiilwsriemlfrwunnaselwnbesssesnorlenzswneswofrieaslnodanelekhhseimtrhdguzneenefehrsndeuhrfstwirredisoinleeedonuchnunkngtdeensnuninteraicf
NUL 65 score=-13.3680 var=V1 dir=0 msdansmefeerzfsinnenfoewwrhelblrgaraliieenthfswcsnfinnundoensprirnecunendhoehnamwerelerdoinsenhtduftrsiereragehfeswirknsensagdenntliknzseluminnortesubinwlseieweheissruuc
NUL 66 score=-13.4930 var=V1 dir=0 ezemrefzhnsiunsowiesdreseiecefksefenntehskdisewissdrwcdraltiedhlenserunfwasallgunmhrahctwederiniguesnmoerfemponarnssnefehrohrtnislegnunwelweesentbbnninerfarninunorniluni
NUL 67 score=-13.5960 var=V1 dir=0 wsrnirdintdhnzthzrwcdnnunbeaifbeieseorennnsnacksladrhneenladefsfmsgleueereheiwfottsagefwirniseisonhiersuprunsclwteeounefunnleeidweinnklersinenssehrsfungmrlharmoriewesmen
NUL 68 score=-13.5001 var=V1 dir=1 dfersfminhinfeewfllshannksncennwelrenutpntareeiatieenfisolimanihbdgeswurdenhhnnzdrktntinzswesesrnsernwoorsbnfussenefrneulldemweainerseselirumenuoirgehasewechresiognduric
NUL 69 score=-13.5645 var=V1 dir=1 eeseawrsreecosfsienfincrwannisuwsgeusmesbestremihnihrneftsklerohlniwnisautgiknsmernennnfoerdzwoinnlaureinunphlemnnsesofiltdrinennwileubhsdendegewateserefdecferruhhzndral
NUL 70 score=-13.5164 var=V1 dir=1 khdsahstennneneerruenelucffesinfeiteloobehrnistuwrnisinsirnnionaghsrnututdmensmlensfrsenleepseloewannezumsifeikwniwwahrsgeimerrwlcnwededszharddauchieneoberernngsfelsfrin
NUL 71 score=-13.4914 var=V1 dir=1 wsiklcernagernfldeseanslenahamereemewsfnsnrongwrwhrfeuiessedizsinfechtmorlansinnsrnuehebfftssenenonbefitleicrpeurweserdiritusotdrigenesenshemnenrowzalihnnduwieuhnkluindn
NUL 72 score=-13.4683 var=V1 dir=1 nzdrtenenlnftenmidesduerskurswinneuwmurskfnrndcheentseshrdiraligzernesnlewirwegnnbannfwfherunsenguhrerlhnoicelsfsmessweweiboiiauieenohnetsielfimanerfpeorsdelantsahsineoc
NUL 73 score=-13.6029 var=V1 dir=1 nfhnnfurnlfistehiseowenswuhhenzurlmrnonnoctkiieredeismifensdinzrrrmensterenesnetuhideeserbowateelachceskandmiwhgerrebpgiereislgannesawfneioserellnfsnnunfusdswurnandswiel
NUL 74 score=-13.5497 var=V1 dir=0 rrcksfencnientumtsoblwrngeuntenihmpciwensardehinszornrrowhssehiegrlwlkznnigenleihesissdodareiwurubeleeudfenunleieussenrineeenhaofasswnfneeifltirnrmenhenwdsamesserdfnntaf
NUL 75 score=-13.1437 var=V1 dir=1 swnissiezuneuegranrdswpianrlswdiestiftfbfamfenfswanomdernwelnnnegutalsehfergerunswonnidccltsieakmbuehsrleiihreuerineehneomeinseronsenunwirnenderndkrithesehzlnhnlfocserse
NUL 76 score=-13.6658 var=V1 dir=1 hossoedafnsasglerninepficeenunrofanneuiwbnichensfinwehriawwekdtsubenlonetmrhdenozufnminhiliewwmeaderusezllnenrinessewtrneninergensderssuldmnsrheurlesartsetciirffenhgekrs
NUL 77 score=-13.7807 var=V1 dir=0 elrermenadeanwertntrzmflefresnissennbuledulaieeineumdagsnrliebhngeneennerdfeschehundetusoweafsiwhzrekffurlotnsrukrssiisletwnwisniwfernnerceweionnsgnachnnomidsiershhonips
NUL 78 score=-13.6107 var=V1 dir=1 uaksanuenienezfeheisaroffcnnzmendnersbmhoflunheinnarfnrsdmeibslhofsesinnldinseetdidentugeheweharosetrwsssewnokturwesgerrnrllnpenreiunigsseerihnacewenemirrenntliciwslduwf
NUL 79 score=-13.2723 var=V1 dir=0 clsfnhaiklneinmeerrumesnnnsergenkdganfsewgenhnhwwessiehenndenechmondiuphussmltrcorfoiselsrzwilsaberninzutenafutelienweibrrsdresfrsdrelesatsonewaoeninfruheenenriduefinitw
NUL 80 score=-13.7068 var=V1 dir=0 foheeawoweinreinfahainnwueinnlchepegelrusredersmlkdgfbleenossmafdhisthudinzlsgrhtineswennerrnwbursnirsersfndeinwerfnenefaecssnznnstikmieissuleinnnucrdohtatrewumeerseeonl
NUL 81 score=-13.5715 var=V1 dir=1 ededsenwelemsileusnodrinmeriunzgsonselhenciendtsbkwuhnderheblrfassscatinieeirrrgnfelmfnpirrhnuktsengtearczaornenerasenwesunannotfuhmhffshinonewieweinnneiurselwisswdlreef
NUL 82 score=-13.2461 var=V1 dir=1 wwsalssinmasateucrinnireusiderthushknbhmnciocsktsinzelindrnureteshiefunenernesnensormleehmgenranplwundreneilefgfwlariennrewehrlondsangtdeifsiuibefwedesenowerenzfhrensfos
NUL 83 score=-13.1333 var=V1 dir=1 uzeahachlinmarwpcufunsimoesurkrahetztnosiewswsannfelntsheinderidanenenfrwnwesemdielirihrbngceehunftfwnselneednbeistsirgirdleennerlwomnenesserssogrdleihrurnoeskenfinesnuf
NUL 84 score=-13.3651 var=V1 dir=0 reintwasenuorfaesssektlienwepnafsdustewrifulegdkircnnrestserehuhflschhznernwodotermeesozugiaufihmeinnnsinengrieosaeserdfinnrufblcnnemneansneiwirnsledernsnwwldemehbelihnr
NUL 85 score=-13.3205 var=V1 dir=1 riiisseneungnamnwennurenenendwatrilbstgoenacseodfrmalssieszkenahmwunewinfdsliswerkendesthingunleerwpfnissenurafuihdhocorfseibemilsetseclinehheznefdefewnlsnroterrnnehrrru
NUL 86 score=-13.7603 var=V1 dir=0 hannfcnbwhtwirsfhndunedetnielnweneherzssoiiorefsalsunaerseintennerufionresshicwrzeidoikaalsfonfensewnenrenekulnwughmelnenneisshrnmeeulspieceteerdrbtiswarsndigdgsurmmrelf
NUL 87 score=-13.3315 var=V1 dir=1 feenfokfgsfedfpcwcnnninniersetzkserwngwierrernsosnieisnennnibilwohfhrcazuheeowesesalleuimtofrrdnlentenhunnsdeewumrhwienersinnaussaheuengsmrdlbmiiteselsiehrlastderernduna
NUL 88 score=-13.4756 var=V1 dir=1 wwmeeohwelesibsesdhsmdnerrezusintungnibusenstheseneewnrfalefnpnratswasseanhakinnlihsltwoltcfurnocsurrckinesredlianndlozumeffirdiernnwdhimneshnnigourereeeinerregesfiennfe
NUL 89 score=-13.4387 var=V1 dir=0 cntinerewinnshalsseesacnenwenswhlusinngehfesoereridfkanodwlideinurhtunrhnolimninfernsaainnendweonsettesubdhcelosedeenzegrewiausefizueriusesleshtmrngsnprblwkffrmerrenimrf
NUL 90 score=-13.6377 var=V1 dir=0 iecounununseirrsiwasglpkitendrnerlhwdnwrrelehreenrandafmntossontelensintfnhaufezealerwuerrnuekrsefenhossbeenmehiemlmfbzngdwsnhinnrucesidrenfdsacwgetsoiseifswilenineneshi
NUL 91 score=-13.7247 var=V1 dir=0 iresssanerlenzeerfaudnwirerienlfneerrendhannwwuhrnunsntmpdwehmtselesiniresnlnindersetonsnoweghostdinzshlniecnrnauokiekgeeiffngesiseauwscuenebuchlmnrdeltrmfshfiwobeiefars
NUL 92 score=-13.9539 var=V1 dir=1 ndiaztnoedoairsklnstcsrthnugiskirhneewfsnersbrdwundmiemahnlmcesfennrstrenirsungenwrneenbresounrsindelneadualuwnhoreihneclflzterenennsesfreigaleeswsfuffohweswmipieiheieen
NUL 93 score=-13.6059 var=V1 dir=0 enmeheanwhrnenrudenmlsosnwieleiakannegcdeneildwiossemlmlwahrernadrenhhtneanstieunzuouisoussedererneisenohefngrfnnhnenrssserlnrfsienbeiwielbrwurusffgcfwktzisttenseirpcidf
NUL 94 score=-13.7173 var=V1 dir=1 clirnnealiefegeszunnertelspreswehfremrfsrneeleunishsonneinhricersedwmegeaemwaninkebfmiionalusswarunrusdadenielfhhoniniinhsfeurenbrrsenntdtskhlzecsoessewegwnnnnfritodwdut
NUL 95 score=-13.1773 var=V1 dir=0 gweiheunfseigresicdwrrnohrenollkenssewohnswdurenuhneeseefretfeseneebeidenacznlanuntrnmekirsrinsifdwzfntehhneomnerfrauewienmfgrnsieshillwilutsltndnundapassemiresconsaibrn
NUL 96 score=-13.5291 var=V1 dir=0 crnnnkerehnneewrlobeerureswsswnuerscornurenwegodihehnwiliensieedinnnfdierbhenseilsounddiehistweisraonntehnaslenskmlecrteemtinsuntfimsagfwelzhlarusnefdpinsfrmfaurezangesf
NUL 97 score=-13.7814 var=V1 dir=0 efurreneentbewewseewonsondolishaailrinfukraesfnihzfninrlrrshtedemcwnensrsnsirnatunurcopedenwdukleeteennenstrialeewhghaisnemsheinzsonfwnduglgedresiseremufbissliernnihmfcn
NUL 98 score=-13.7852 var=V1 dir=1 ksdraftgreenwenenenasellneidlmahneherettcddwdbnrrdunnageeinrehimeenaionwehrfuhssnwirlsonnrffzuermocisewparnescssnftwehsunirzsinirieeliubnftkeiorusswnsunmgensileehofenles
NUL 99 score=-13.5805 var=V1 dir=0 iatmfisreissenoraloleefronandcgdninwwnslenbernknefrlafeehfhnfwtaseiwemmcnereschnuruwshiprtrugnewehnnnehmzeesezwuesoeutenissgensliddiensidondefunnnsirrkenusballeirrehrits
NUL 100 score=-13.4259 var=V1 dir=0 iwnktssfnnheeiinzlernslonenteurfeneswarsukeransrpnndiannsudeurwiegebrdezlgenfenhfboslcrhtesiefoahnernescdcesamgiehrnsimsunturswesonrwralimeuondesildhtewernwenemfilhinefi
NUL 101 score=-13.8350 var=V1 dir=0 rsnnurefilswahrewedastrubsiehegehhdseduehliniterabumnienfzateisiohfcgertincdklrrgenfspneedfumesosumneewfmewiewisonzeorlusrlnirnntrerwwnfascnisenheldnsekneannlesennnonisr
NUL 102 score=-13.9028 var=V1 dir=1 erassburctekllirnelliihninzceokamonuncehoffseiserhiunefenesdrnnarnfrirrnwhnnglfesewengswerdetsiehmtuuoniesfaeauunbewestfrlrsdnntweipegeoehasdemdrlesisnrennwnzhesinsmiwnd
NUL 103 score=-13.7002 var=V1 dir=1 nnschwdirstrrrfkdksfargnensnecesrzrtwiterehenhperemfriuwageihniseraltelienbwwsnneensofouorglansnflsatllhaenuwsneiimsndumseduweobzhineimenundiilenseehonfeernsnursinefecde
NUL 104 score=-13.8158 var=V1 dir=0 crdsenfanulwenensoldiesfselsnenranrmcugenesknacwwsdrientwinrusehtefresbpriwzeoosnomhatnuuneikereswbuhueefflaihneshmmehtdrsdristinenwnrinsnennlregflilofhrzingareesdieeein
NUL 105 score=-13.3849 var=V1 dir=0 eihrcnnierimmushsdfasorlewagrareiusensinennwhtwereaffetgelsbronsoeinsieltschmncfnnniedwkerntrefunsdrehigonenkeslfeptremenwusueuleeannsrnrsodulidzeanneneshbleriwszfhindwi
NUL 106 score=-13.6584 var=V1 dir=0 eodeunawenuneheoganzuleerwmernowedersbedirehinsrrunszsgfcbnellssegielnftunordusilftlnmsatsneissieneerenerriwsicdifwsesrhfmsnwtncwinnstiefhunmreldankpfakeheihonnenrenahir
NUL 107 score=-13.3795 var=V1 dir=1 derrgbisiffenohwnwmtkrfhbesshiehngnwrnriantudhekteialeessnzfereeweipeirihrenfesnusmarlmhsoweitstunneasnacuosinsolesnozersmdcsrffnladrennenwendlslunneuneinewieredeirlungc
NUL 108 score=-13.0687 var=V1 dir=1 fwntihhenmehewiecraeekildinlswinnronisgsalletannerdunderrgutihndngrifrinzinchrarmaisdokfelnessenmerwennweroculnadshuperwtnsezurbenefisnuwfsobesmenseleesfuteenshoenersisf
NUL 109 score=-13.3377 var=V1 dir=1 znwinsewithafineenhuhmwniecrgnnstemwcrhnfsserhlnosstensebrdenonerneeedruldamsfrogfanofdusewieselounssecpgwerinkiseafieerzenunrernimrdeknrtesilhintsalsrweinalenlifubenhud
NUL 110 score=-13.3615 var=V1 dir=0 sonristerpinunssnkuszwrfienefdwmleindnifhswnlnsinentimlewinglahesefugernkeenteerercohunoriebhuwaneieerssrccalagwdsimeerhobwidndnehrsnothsunfeniessseremnazreltenruffledan
NUL 111 score=-13.4982 var=V1 dir=0 eselbhsmeenselnfcedesenuneumdefhekehahtlneneeinhodtenowliznerursanitertginweieineorwousfriprieswussuhnrundlnamlindnieclosenergfrefemnansinewsdinisgrbafsfshwrcrnstkwarnrz
NUL 112 score=-13.4742 var=V1 dir=0 lierrfeleindfraisntnsencrnhturinidhseihnkshlowunssehknsenormlwszuendgirrirscnndennbizusafssorettreinfrninnlenbempasamernonneefusnomehleutesledahewigweseweeweriacfdwefgeu
NUL 113 score=-13.3830 var=V1 dir=0 hgemstelreiwnrirnweuesfulkolfzsuenuhrsnesncfnarswewtzssrnestehphhfnioniewseineilmansiebwelsimersrockigreoteinradfnnrufunseengteindurfsindwenesehrdinherlndlcadennemaobena
NUL 114 score=-13.1893 var=V1 dir=0 nheirisitauwannrfauehrassdensgleckdenmercterbeseneennzlintmrhneinteereinunfwwenrlnunlunehirfdpgetsramsenndcbfssssiefzidheoesernihneraukhwerwerulldegioflisoinessmonwowfsn
NUL 115 score=-13.5103 var=V1 dir=1 efnisiemgaosinennonwituneneeefoeszhnnhwtkrrnsirstsenkensullseliphimheotendmruirrldewennossuntereelenhagcfsneherrduleasicauldarrnabsennefwfgewichzdwnebesdrsmwirirsnuffine
NUL 116 score=-13.7600 var=V1 dir=1 nhwswlnnefesteurmrolgtiofleandimeeiwarwennewhdteernandlnsnfugeifncridieicurgdienssenernawskruenisklnthornehmersaazzepiusnnnehheolissoeurseineserhltdersmffnibfcnuenssewrb
NUL 117 score=-13.4995 var=V1 dir=1 wseiufdnesreatrofinszeeufeinrenleegfslwaisnimruhesiakenotwhlltwhteetrindknunnmeidcwfrgreserndnmerdnunshnenesezirwesonenmigahnedursblirreifenslasuninbrhwconshasseelfocepn
NUL 118 score=-13.4308 var=V1 dir=1 simwfdglesseeseeustkorfnncorwaszundanntieffiwehehlsehnuransafketumnrwelsbocnnunelinegrnilphiwieeiediinderdonafracuoebinhshsezniglunnseilemetreswerdsnnehmerwrsfertrnnrens
NUL 119 score=-13.6583 var=V1 dir=0 rksnoschuealefuszwburinieghiseienstzpergennmenharrlnldsolbcnmgiewinarneednreoelmuntenffistsuesfiehrsefeledwanneashinwortreucseleuswreodnfwddiwensiehatrienninsenrsfhnmkrn
NUL 120 score=-13.3600 var=V1 dir=0 unlnnelberlindldsinntinlfrewudeegehonewirfciessuneemswrbwcargenndaspiwetsfuestoncornkniiremahrdntansohneweisdesefusruffnalskrnnesmelhteesahnigeienerznorehezwiemuhrfrinss
NUL 121 score=-13.3517 var=V1 dir=1 rrgewurdinnwlroerionssesighlmnneinrhsudenfesanhntasnierebereliffaswaewmclfusherrerseoodenwinpneenhcwtnundzeeiselinesenminstdseldthiskerknmfsenariutewahneeilncguzfursonbf
NUL 122 score=-13.6391 var=V1 dir=1 lndwcadzssoninntfgafnsirnaduesgalbbesumtineseerfoutuneideakhfgehenwiesenihuerwldhnrhrkonsnsierereriellirnemoeucfrorfehelmlhnpsttesadmcenznefeienwirennnrnswwinsserseiunsw
NUL 123 score=-13.3427 var=V1 dir=0 erriihrhzwsnudezifmnseieienreaninsnfelsereurwaserinereuselnsnmedfncntfielnunsabwlswerrneuewsiseeesohonfitsengtedralphtendgfikmuandesachkrwsweinobhllontfdenrensnurichmogn
NUL 124 score=-13.5480 var=V1 dir=1 hntmelndedesnorielsseiseendlierurlrnrmsasofurdunoralssninehmctnieweinmrzihsaftnunogwatzsretswnwnshersreinsinufkeffberansgeoclnunfriehkddnehieweenfglsnbnahwieneprieecewue
NUL 125 score=-13.3704 var=V1 dir=1 rnenndemissehereiderlegrhneeenarcooscefeslnsessoddhnhkfwowzmwuachninffwizsertnoubendignweltsiwrrlmhlnnwsinrefunmeesaufleuensereinauenpiningtnebrslrnidrernsieahisetaustkf
NUL 126 score=-13.4475 var=V1 dir=0 lslomhngnnrprufundrfrahhisbntfredenibeceeiwwegsezelderkuldnermiewocantwkwhinnieuethswseintgenisfaidlerereentinfasunensnunelefsnsahihreradfessorcowmzusosesinnneernmirlsen
NUL 127 score=-13.7811 var=V1 dir=0 seneeauflwonohenniinntrlrsordeerulcienenuwsnirteihnenrbwmtgzmshnreelchedeneriefreifsmrwtlpihnetesnenhudkwmuwaufsgdoeswaglfnisersfendnafbeinlisnrsauhanneordinzesceersskis
NUL 128 score=-13.5782 var=V1 dir=1 ceeesnenmwegemnahlnienirsnmlnserhorsdessbisudfwegwneweslrfistarhlrsbinosweodennetinehedrffnuktenfieltansonenorzicdpeulrwraifeinerchheushrdfursganznrinsnunkeueenaeislwmit
NUL 129 score=-13.6082 var=V1 dir=0 rhmreirnnorlpemehariedertsruifnnseciwiiunswsfdgensinntelsblrleasrefanwoshwndnalsinnfchsondnzieefsdasnsterfnhhngiieurwuwunnurundscneensoerekeweiltzofenhemgesieebelatekrem
NUL 130 score=-13.3977 var=V1 dir=0 sarenbrenhieeewisefsnassichgtwirinaachemtebfsdeuswkifrtnnnnugfreursoiseineilocprdlouiriuezarrkaiwdnhfmerwennsnswirsemohnrensfrwestehnzudetleenfldehnselgensdenenlmonunlne
NUL 131 score=-13.6802 var=V1 dir=1 zouhunesodeaallffinndiomestsenlenemnherabewrrawzusiinsndsnnmrensdotetkrwbsureansneitrwesekeemphnfnnueursisletreicwnhrrnfhsnfncrereinfludehanggsleiensweiesieriefwohldignc
NUL 132 score=-13.3938 var=V1 dir=0 nnleisderofsskhmhufmanieorispnwecztbhrlsalerswlwiridrcscleugwennfetrrwdhwniaunnunrisonteaghedeheinersserzendsoenokliefesagnieuhmenanisfeuuesinsdenfenerrrninnwtlebenftesm
NUL 133 score=-13.6283 var=V1 dir=1 lghfeuefmwgestnpezenlasaenurdeeskrinaueheerihenduwwwebnamentensfrrdinlritihrinnercswegeiklwonnthfsrerlasinninofidunsafdcnuldeirnsermelrosrssnetnzwinsiesbmoenfeeneschhous
NUL 134 score=-13.5932 var=V1 dir=0 urnksfunsssebtllcrthnftirneielogsihrwidesweldennhewiesdersogrfwerfnurebespmamasiclnanestirrifdkeinneierslenenasnrhwdnurheuegfeeeandoiseushinefeinhozawlmnnwnnnuetzcsmerno
NUL 135 score=-13.3232 var=V1 dir=0 edchesenreinefanendenfrpfdrensussunwinshinfcoursieeiongehirakrtsassewgsbannnalsweswiueiesfodiesweneometliesemznlnlihibcifntomtradrmhlnerkelznrueurnwhrfewegnensernrhnudtl
NUL 136 score=-13.6704 var=V1 dir=1 brwurlefunteisswigncaehemendksgdseehnihneenfefzteriannswbkrrihmneronnsdirniwuesoerwzagefecedlorplnernswennfurllsfumnnhenetrensonwufenhsdilmrusdesininalsaeetehieissticaro
NUL 137 score=-13.5029 var=V1 dir=0 fdeinunsehwwoerstnicoseweinflfsmihnneapdlenrausnmtsezensgierbahrrorubenennanlihnrnekrldunnuarekislheimrlzilfongueewiesogrwwdnseihenedrfsesstnssescaertemfinenehentudiwcrf
NUL 138 score=-13.5950 var=V1 dir=0 iwecsienwenteirsenfeaiehgereunsdiefnhforhenssrannsenedasnrreinlebterichellhwofikneesaouduwwrsiemlnftnatungaslfnnknnstnirdoniizmrpiunswsmsgelsfelndhersbehreenorrecdzmuuew
NUL 139 score=-13.5926 var=V1 dir=0 guoeadenduogriensreihsnfrfrrdimirisgeffrnfctbfsnliwennefremwdennwintrpreuscaandhsinlusnnsmhnsseeneozlerheewohistanuelahrheusewusarenbeeimlessettenwenkolekcndiwrnniszeiln
NUL 140 score=-13.6823 var=V1 dir=1 sohderleinrosssthelnetwninimfierderakwereesgslinznmsehernamwehcreunftbsdhnbffderueseneeenwousircuganmfsnsingnlinnesealnirteholeerspaudenfioinhursurwsnnitzncwndlkweieeraf
NUL 141 score=-13.7699 var=V1 dir=0 ihdtiglderehtdefruhwohnzeniereromiearnlnwonzkukaniasscsreguehmelwnsonthisllemdeueepeifnhseufnrenwennanerralesrineniderecffrgneanltuecbisewieswinsnnbssosssswirftdufnenmnr
NUL 142 score=-13.2418 var=V1 dir=1 flnweimnersolfelspgerentesdntuifftnnctuiubwringorfwehesdisinefenisoerransldahenesezuerdbnaldsckremnenonentiseneineadrichauswisrrianonunlsireemnhhelwsherwersehegnzmnkfusw
NUL 143 score=-13.6741 var=V1 dir=0 flnbzuchifwirueueeafiniwhscnerwemwtflliselnsofliegnensrganesozhhseenreaeseneeainiuwsnstrisosenecrfeneinotlbussnlohrdindenhdadennigkeanrnitfursprwnrswehstmerkdermumdrenen
NUL 144 score=-13.0855 var=V1 dir=1 oronneshgkindessmsinsseiwerleisereiewdmentnizhtrplifwirannwfronecichonerdefensolugungswenersinkhshneflsuulnetzenfnuaamfmwcirhensdrerserublennewensaesrendadenatuiifelthbr
NUL 145 score=-13.5418 var=V1 dir=1 ftinisshirseflshhrsofnwusthendaieisdeerenebciegeudptnosfzmreiweneinokrmgnntwdnierenurooewannlfuhrnredlenennausclwfclnadrrurgensrfiswhhebesmniekimranleilnussteeswenenesza
NUL 146 score=-13.3476 var=V1 dir=0 ggrlannencgwfurkenzelemeeobusehrinernfserrischtrenwuuutkiellssiesesofifwssfernoherwresplbtdundfntdwtahnemnessarinemmlnsdiiiswashericeinnoonneaeuswzerhnnniedenrnieehanfld
NUL 147 score=-13.7547 var=V1 dir=0 hunmindecseouewreueraufmelsbeihnickhnnrwfiohnlrsrsflisdernaereinwaregltheentnumofnewoldinemfeznnhwnksitrrgilnzstenenserhnwsnirsinstodeesbeeuedswfngelfnisundaeraserapiecs
NUL 148 score=-13.1284 var=V1 dir=0 sksrersdendsuchennflshihrkiwegnetesfeuneromeihwieifeneduelwielrowrncluwosndfengennfronsprwnsauifdergielzehimsihalbetcrbzlaeidnansennfurntnostrerntesieainsasmnwurensehmen
NUL 149 score=-13.4113 var=V1 dir=0 nhmsfpudrflinhremnuniswagesnlrmdsfltnhaukfeseasswhneesnbinnnerntrgfnweworseeleueurluewirwdesminiderenotanzwonisafrfdernenhernsichsiebouagesessoncecleilidertzekineehrntni
NUL 150 score=-13.6358 var=V1 dir=0 dsbsstnhrnneerestenstreinngseirchirugliendzufenesohneeshoesouueiarurisfsmlwiurhedelennsiocrakrnwedeifpswareledfwsinnenatunmfbillmeerlennneninzarfhgmhdsenewascekiwtnnfwor
NUL 151 score=-13.3979 var=V1 dir=0 euffsogiitneutsodezeremsahrwisraerecheelngfehewennuhrndigsesnirirfasostereannutnpwiwenenmenurhsklusimlefunskrsindroeawenimsedninlebezhefhwelclensannsfbrddniernontsirnwlc
NUL 152 score=-13.7563 var=V1 dir=0 fheeminucnfrnkreswaseidoluhlreesennzhifsonmwrrtnnrmineetoilidrosidsidsnhsclzdsehndauennfefmeeigekwuaessurenswernaturwilleenrenweribenaliociehsetepwnggehrnunsfensfannstrb
NUL 153 score=-13.4063 var=V1 dir=0 tfinnrnseresuninseersnimdlgfeeenwwlfdergluhetistnddnwmcosenerfiuuhenseertchanendfrageennasihnswereomesnsnunnirsfonblursarezoiwkzschfsrewastliebpneilinhermdueheiarklieown
NUL 154 score=-13.3278 var=V1 dir=0 ndrennwkclnirtisesruiegerzpiwndrerfkehezbnoereisbantidensishufuoleinemwfwelaffelnsuneshasowelnsrerenrnlwohndsuhrfernmsingnachunsihnrteloeceiiesausewamdnmfeentrigenstsend
NUL 155 score=-13.7126 var=V1 dir=1 cerrenseianlenundediresconerefsmelsalrloucehrtrisinuslrfsiobtlnissfinezksurselitwdnhhganbeungrengshnwsrhufssonhwnneremadenennwhpnueenoteadmwnfzierwkweiiantndeeeffisierme
NUL 156 score=-13.8110 var=V1 dir=1 inelewfehhmeielussenusfgzdwedbelekaloeasierinnaoecirslnsneghurrniegttstinumnlmwbenhrdokmitderefnwafansenesteieiericowsnfrowfnahunrundeprerssischfreshdzewnnnesslinurrennn
NUL 157 score=-13.5801 var=V1 dir=1 lndzarhrpnaisenhrohnmznekenwncnbnsetesichinernuegsenreinrufbsernhtedauwooftesedghfirtniswolmnntsueikelndiineiuhudeensofmersclnweserderwiessrunsnflemnrwaswerfleaifisalgee
NUL 158 score=-13.3890 var=V1 dir=0 edekhesesssienblnhasruhmnieouonffingenliegerzemacuittlnknhfestalsomoerlerahnsbrosnuatsdinftsrimirhssacireferidennseneeindernlwnrwncrerunewendelwessuzienfwnngewrdpfuihenw
NUL 159 score=-13.5297 var=V1 dir=0 iehiwfredohnedensoceweesmusmsrgptgenrfniesfnwnabiniofenhieendmakdsosernhweiloscrrnaifatenneulennsulnussrnsinersrbndzffnwunwiuzeishemsteiraltreausdechtgwlnnerhllenererkei
NUL 160 score=-13.3718 var=V1 dir=0 erarndsacilurshbrfeitssersehrnehunwwsbfwunnowenndrinuifeirerensienncnefotaksslfpiedemflehndalisenogesknasitdisenoiwnzuerlingwerantemedengesereenheuhlwfusnmtlrrinchmsenzo
NUL 161 score=-13.6606 var=V1 dir=1 neunicannundmwtddfldreesfemfzsloisherhiererrenshntninwirofkunistihnauerereshensieewenhztnghalfgdwceufeerrnosseilldwcrsnpiuelrswsbsalensoaenenoguntinmenaikiernfesermwensb
NUL 162 score=-13.3457 var=V1 dir=1 feinwelzmzunneerheirnarnenanohfwnshedeffnennbnfopsenasckeidncmdoallsdnunssileretnerwrrfwhntkrutermenesemadrolsaficdgsgeesiugebisiehlitrersnurnnewusiewtoiwiesserihnunsehl
NUL 163 score=-13.3601 var=V1 dir=1 mnwuntonnecknirnohebekinunddarolhffegelenleewsllrewwfnelenepbisduaucthaossfseimfrinstrmiewznlminnenssnarhrratheonissduzsnucedanteshedefesweiefnihrnewierenresurssegrrigin
NUL 164 score=-13.9232 var=V1 dir=0 oiiieaeuzidunfeilenechlbeiesrcorreulrediumeinpswanzensecbmeneisfenauauhtnawomdrnedhleslesiworfwwodnrfkderennesstrafetsennnhlnrnrgsstuhnsingwkwsgnneirnmelnersfishensehrft
NUL 165 score=-13.2190 var=V1 dir=0 nsirliessoinninssgeenfedenrekatemrndfssnufbeoknfsdenihrwodenwetnanhngirmezhfzrflemnlnrwuilstodendhewessptichrihsinnachauslerreblnmgaswenefessworieiewiruenrenuueceatnurle
NUL 166 score=-13.7266 var=V1 dir=0 fenweninnunsieebwcwuepetrielscddoramteeiinduennuensgerbefedlnshinunfesiohlosmdehenwesefartimhislwonlhnhnamdzcfsrrsrirsslisteenwegnnwernnrrrknnstueelahaffkuegesrasieirnoz
NUL 167 score=-13.3687 var=V1 dir=0 lldsrwrokurdsfeerzwidiozhdednenuhfesnnenisunrichwrsnkendestenangennetiuswrenpralenebacritgrngleennboseessumehrflmsiwileftewiesnchonefeuoswrlarihrfmimeisstennausnefennahi
NUL 168 score=-13.6028 var=V1 dir=0 ussehnureflienuroliwcnsedtdernsbessesleunlnhdtesihkblnpiiwlliwirmirfnaisoonenennueessorteeinnthdsfzmetrezshngrumarfrmersansefferwedsherenwawncunfidargeonweienencihnegnka
NUL 169 score=-13.3117 var=V1 dir=1 usseswesswiehnseihninesenlahgscsssonnfennenezeromekfntlfdretcurreenfasstlnistiuereeindedfrcogwwkimerndmadegrofitwhnhonlerwenihimfiblrerunauseurnehnleanrsindzulineenrbpaw
NUL 170 score=-13.6252 var=V1 dir=0 rpnsfmrtcwenninkenrduhrhiehsfintihfzrlnetaktcnnmalgrsslrrenihrmheinhiennidwifuernnmelnordusesfoenesereenbaeuesdsuwswebaldenewostsofsuinsesecgoerfeisierlingenzudelanwenaw
NUL 171 score=-13.7779 var=V1 dir=1 ersinenefehrefeehrsioeseeargleuindflmiroswdtnennnirnnestuwhlstbluulszawakdmasskertierweirnnficersdicharzgnswmgsnsindleiehieefewutfldinsoanrhenesewopfuennrcnorbnhenmensun
NUL 172 score=-13.6184 var=V1 dir=1 fmlnnsdshneerohereinsdursieeshufensllnurtnenafrinprsfdtihweuiernuzrererzoriifsesemsawksbwitelanrensincrwcnnutenagfenunmestehnelgeklnbewgwediemaselhwodaoonndeficnhresinsi
NUL 173 score=-13.5330 var=V1 dir=1 nwengshbcahstrefansnrrrunmigiewhwliemirdeieuedelteacznnesubemefhhlosiezestwsnseunierlrnunnragtsfnlffnenseleerknrwrnsnkindnichnauspieofdrswarfesoeiensordiehunnieowtelemds
NUL 174 score=-13.0263 var=V1 dir=1 bfnundnmfurrennlenolswehisinssagtsiesheftisooffneehwnazlmrhereiendseuctsgerenenfsrcnrmedlshesrieektfeucrpwunwarnabereianoniiksondelegenanlwwhswzismhinesdirnuterlienerdun
NUL 175 score=-13.3319 var=V1 dir=1 kmworerartesntofeldninseldurwuheisegussssmeeisecrukderemenberbennennananaiafwetnunshialienilnlicwmriensnordfhenrtsiefehenntonhphrnfelenrifdlzdswengfuhrwersgwieissnszecou
NUL 176 score=-13.0959 var=V1 dir=1 dnegnezbsuzosdianeunwihrneurernsfclsalenesefcwfsinauntklomewdeertderrpedaslnermlhdeungienkremmersahehewfwsetenssenngehulsbeowiilhwannffirinforscniserieinruntensthinnorsi
NUL 177 score=-13.5800 var=V1 dir=1 nstsgsrridfenenmacionwfbnenldhrsieszhsscnnnenbwieinersgewennersteahmliwohnerrwmzeeildenedeetsrnofwheoeuhhenkonetereiruififnietaundslumflslanundnarrlacfsugrneperkussswiei
NUL 178 score=-13.2902 var=V1 dir=1 nerahenierctashennwhnesugdemwuamnnwurdanseeswenelewiedenfedlgedimblonronseinearsekrfuuntfssefwelmnunicfwnrieursgznisionnerholinsaiseohnhertsseltreitknsfierzprdcrihenlfbs
NUL 179 score=-13.4189 var=V1 dir=1 nsrngsinrcnnwededeoenauemunehmdichefelesteermenntruneinfitdauzlnenalensehnspacnssgewieoreusorrenrskhfinsirsshlwsrierhbegwoewitsnenassirrnbuweafollluwziffenmddteifihnerkn
NUL 180 score=-13.5814 var=V1 dir=1 feichuriefuesehnniongwtnededehshnmotieweidnergitieanabsubsrnnurlorclkfsrtendeenhnsrohnglekmwrmannunprmdeweiswiesehfsienfrallrnozswunsswisirsenernietdafalzusfeeclnenneesr
NUL 181 score=-13.6346 var=V1 dir=0 efferuneineeseralnipeironineesonrieedenrusebirwnheihedacrrhiruuausghkwnlnzwannsandmwnlnllblerefnmdnstehunthesweitmsehwkgoresreineesnnsetwfdfsosesidocmnfruseanrsftiginzcl
NUL 182 score=-13.7078 var=V1 dir=1 rniusswonweisserfeuuenhioraokawigpweaeoncrfdsetzalsdefnlrdhcmehnnuchlwenwartilhnrrnsnsinnrnsskeinnsbbssieterheherinungteeneninazuerseemeedeenfondredmseinmistlerfgiuwffll
NUL 183 score=-13.4211 var=V1 dir=0 ftnbzkansehneiwihurieredanndwelteaesfrunnnninereipelrumlltsohoreneacinidsinsfswsossendhiuhielnunflugerucfrhsntergescdnnesereewwteharriefasnifnmmonwobinekmgdzerrlnessesew
NUL 184 score=-13.7280 var=V1 dir=1 odfiazsusiesdrenamenwehanmdenenfzssfiesengwenehuhabenstnerndposmeteragenrcorlfrindcnlsrwrnweronfnctnsiesinlelreweswunsnehkirkiusuelnsendernftlbliihowreihuhmeristifegneua
NUL 185 score=-14.0544 var=V1 dir=0 fdursnnnersflabhwwwnseieneziuskorolmsesproriafernreckdemfrinsnutseernuaeoeitulghiteinsusdereeleeeeinenenocsrlsesnehawfimastelnhinmfcnlhnwsrnnigwergansezeuiihdndtndfbrnhw
NUL 186 score=-13.6387 var=V1 dir=0 usrnsnaselweensnroswrwdergraanhsuiimwsharksfaowdingieugselnfolcedfnuntenemephrhernrhczslenmebiefrienfrusentfieronmecheneeirdesleedenunllsinskwintniesfuoienndetwashirnztb
NUL 187 score=-13.5650 var=V1 dir=1 nsesetgdrudermewerumsumreisnltrenschsinfsnoagdereinnsenerweslensehnnsdnzzmelnhwldhintreguncsersnfonkeilanehallfftbeanonerwhinneursniieiedwhweaoffintiarwrbfsoekiseeurpiuc
NUL 188 score=-13.3022 var=V1 dir=1 subezifieerdzusenssemetopisocssinelmihnenerofagssnrbedfrnurrwissenkenaefererendiawelewehmeinnnwnnhtflfsetronnleefacnsheunwelweiwirurnachnhiinonsgudrrieldmtklstadhnuserng
NUL 189 score=-13.3305 var=V1 dir=0 nwirtstorreseefiiilhlinfscfnaseilninhbcdwwngensnhsozumansinutenslebreprhnunfundasmldieheknnfakesmeceehnwedirwnrrgruenresorauesstfinlhonsawermilgdesereidwerfeueetnenzeson
NUL 190 score=-13.2701 var=V1 dir=0 esotuserflnuemnoslecoubtehenzegenregernadndseldenwerinfnslhnwgwlsenunsdeileriehthmnohdsskrinuernelabwissminsswinurnphstinfretarnumcedonwirrezeernknaeesseenifichwiraffifa
NUL 191 score=-13.8260 var=V1 dir=0 efmhfnenksesarlsediefreeumeezungenahasindmensbwrrlswieeweihrrnlikesorurrnwwsfoiesiensrundohhdewaiancifiiltnnnlfannhdrtpgtrbogwenselnossseznuntechretusmulenieinenfedrnesc
NUL 192 score=-13.6727 var=V1 dir=1 fwlshewwhinnenseirawmansenuleepeadeowdeobhorgiehrienmsewgcrenendlnfankrgrtontbfhuhnndunesenstulleselcanzusehdicrresfisinunmisreiskenenrnsoelfrnrfsndtiniseemutzeifrieraws
NUL 193 score=-13.5122 var=V1 dir=0 aaatfiesfeweisehicwuceczrerkennwimwtighgfeierrepelinfrfnrenrerndreigefstdeslnseskrumsohodinnwinddumlunsrneisresehislunslnnunrnbehwbetzhatimornsuealeanhnendesssenfoowenln
NUL 194 score=-13.5365 var=V1 dir=1 huroflwrkunebeaonchweennleinnfusnesbnnseitwdwekrufderlufterstsmiinehensrwsdderfhdemesizrligwhsieaieinnecwrenfielfistnzsaopguileananernihmnerlehnderturnessncnesremansogso
NUL 195 score=-13.4405 var=V1 dir=0 nnrrstannisiesbtielenniefnefuherhensatpwedierensendwuhcerbesimefekesieziosouhreauslifarrdhwulwfernstdrwzcdneufnaenerhowulcmllnennrgesominnkenlesisgregtonahfnsiessrninmdw
NUL 196 score=-13.7985 var=V1 dir=0 kerwanschnrwnerdiondielzeclerneicweridmsmudireehefsrumgiesetruntsheenanhalauneilwaifepeonsofansifnhwuslfsronssertsbwmiuiezeferosennnrlgsldsshhinnnndenreentwenteuginerkfb
NUL 197 score=-13.5001 var=V1 dir=0 ndseseuhcfnennishedigseilwoandinnkterwakrdfhbgarnesnsswfnnetrworwigseeulunensstesinahenzureueffensesfaehunpoliioldimwnemainerrheneesiurtlcnltwichebmronzeenirferrednsrlms
NUL 198 score=-13.6104 var=V1 dir=0 oanwohafngtessrrnubrnfinsgoswelesscheofeneecnuieaeldsrnbinmnneffnwcwadnutustileheidenmwfezgwueztheneiduerkrnnenslsnswirinatenederarihiniershrlorfmnlenuklessererdmeissihp
NUL 199 score=-13.5957 var=V1 dir=1 insriwwissergedenwaesenehfwomwegetesicnfmlwnndealefzteefrezunereinshhrgsfsnsrhrueinenempfsinausionuniematenclnlhnnauhsbrurwbsdfclrkterenoirekendloudirahilisseertnnednson
