NUL 0 score=-13.2719 var=V1 dir=1 rnnainrenistsnnigeoreiternerinnseenmrrkadenerskegehisinstireofmdhuauwelungouruiseheiewitbdbfehrntenzoahuenwillsfrcitihwrmennessahranlreiedcdfnzzennnetdwededewreienntfeow
NUL 1 score=-12.7881 var=V1 dir=1 zhninsnunersesnrarwirrndetwinrueagonilohneuzbetnukmrtewahnerzereudemhsoifernahdinewcifbreinenerdriwedhrsensescosnrdennftwegatkusmiseineiteteilgelfdonheeitiendinnlwernfea
NUL 2 score=-12.7653 var=V1 dir=1 kedartdcnneinrwksffnethsofrerselidihentbnaseeinwtareunweidharnoruhngobieidrieonneruftusrernsdernczneimgelnreesefriodwihwutewunsesserninnmanzeieweerheniehentandilemzlignt
NUL 3 score=-12.6559 var=V1 dir=1 ateldireefheromeiduuteunfetrienrwozdsiwinfrzfinnaiselandnenszehhworecheenebwecongehunnrnnisssienuninnrwdweisongrikusengnamsadwiendendreitlarerehmelbettfiseenthererktrinr
NUL 4 score=-13.3433 var=V1 dir=0 zdeesteflenehheiniredrlasaidbioodwetlszennrksiinhucbcutweriesenemmedhirngrtlduateneofeniseinrrgwsnrndhimteefienurtneniswioonwhutenanwenwasrarnunzehrnerregifeseinnfredenk
NUL 5 score=-13.0247 var=V1 dir=1 sknitidrigenerlmsserinwrwnfenezahstdsrineanehehaueinsnnchmubbewoniearnieonfodeernfedligneezfrrewnssmronwenesudundielwunedesulociardwthinherieihereretagnitiknnzererttentf
NUL 6 score=-13.2555 var=V1 dir=0 lwdnrlzchwerenasstudgluorhddenetromtenndenaoneeeinnfrstsgnhrbstnaftrinmenzserdorifennhineiblihniswirortrisnnerhitcadeeserkneweieinnfiwerweegzmsenweueriaineueauuhidekefne
NUL 7 score=-13.2534 var=V1 dir=0 kewgibtnlnenckhzenieunennenerreienfasleinhenhuemewoistfolwunreiddanfherrseenerrmisdhrinadrssisnrenutweihbgtincensattezronnneruntalrmdrgdeindtnwoefoaheweiisieiederrufezws
NUL 8 score=-13.2992 var=V1 dir=0 eeitemesrossouzeineihnwsndennuilhbnnstatsieareteieronaietenleelwidiwrffzuhnetuoskfenerseeaedihnddodemnieurfhrstnegnundcretinweierenwimdrilenwrnknggraebrerrchzfrnnhaniswn
NUL 9 score=-12.6885 var=V1 dir=1 ffinarerzeineiweiitdiuhrnnumimunsesnsiwtnnsdeherwtoteineirgedehrwiekofreionsnahihenenaartscwennlldenennewssrersbenzergennkwostrunrinelleidoemzadredfrtrehunghebtduifenace
NUL 10 score=-13.6421 var=V1 dir=1 butlieeirreidetdermeechtleihrhisigeuniorrehrnanhwiefraacwneiereaenufsneoreeosnkeezdtdaoswesziezgnnhrrwrnwenimmennwtufnesneinnhedrulbnlksieniewanstoinsddferrnttsfeninungd
NUL 11 score=-13.2350 var=V1 dir=0 idhiforrinrnkwudendieiehzhmdehdwbfearnehrweigfnsereslkralnemdrnteinisnounsiznieanentwernererrnengunurehrewoisecntweiadfhaleiterebttecsizsdennfesolisirenamenntsnoungteuwe
NUL 12 score=-12.8769 var=V1 dir=0 rkewfwhiwaiedrdengensertnnimontasorneannturuhanehnbefirreneersimnebteeiktalswiemennzenundtderfrdorfszewennlslseundunswischenftigwhedcerhienudneilehooziiigriseiarnenteerr
NUL 13 score=-12.9931 var=V1 dir=1 henemmeurtlintwechtwgsteinethirnndzdesinronwenitteeurechhssrngredudewdssindunkeheweberolfnnafrnrgiilrrzinrwzlinikdaraunansrnheinefoberaimetesfeuseineodrafineenoenseeinew
NUL 14 score=-12.7544 var=V1 dir=0 sizreisensirawdiekwfdntrzunsiefzcdwerdrutnameedernausinninsdangrohheltaeinmthdnenurfeeerworwimlfolighrgerluonenewesodreannisetcheunenesbertrinneweietsifeiehrtennnebihnkn
NUL 15 score=-13.1795 var=V1 dir=1 leeinehemesnesntnihrbrefdureffuhrnenrnantrseakdergienwinierwfkohwenecherraennnocltdiedlnnnimaweiroeoeweinnahsanntuesdirfiogedrimzweinrenuetueibetdnihzwestsstzerlirgsunds
NUL 16 score=-12.6420 var=V1 dir=0 nibeohangrdenndhenehzewmerohlniessearwindeininnieihimtrosnwfrtcnugehiedludwwirniehwefelteeflesauseritunseeeinforamendzrntrieuundsiernzsernnscrkartesakertnenwodegerbnftni
NUL 17 score=-12.8831 var=V1 dir=1 tfsennerdenrinennerrasdaeitwediniehzuwieneuhnherrnsegehhersodanteanleginretewewffbeoacszenntreufuiiizuoeussnnambsnleernesriohmikhkenirrenwftdnsdilwirorteteilwcnndirdemgn
NUL 18 score=-12.6421 var=V1 dir=0 danhetenaierelchoriwinnbohnesmitreerfinenginsiobteerstnanntredaesmdurferuneemsderineshresneignwninedluhtnekriezuerdiferwawleufoznehenrnnuswleingikssderworttchzindenaiwfe
NUL 19 score=-13.3602 var=V1 dir=0 cmindnhsumberleunernewesesuntrshfsrfwcnrlniuanseioniwgaihendieltenntnirhendtntfnewendbrstsaziehioadereeounerlwtnideeinennhkgkftderzefriergharresenauorenodneiesmeweriiwzi
NUL 20 score=-13.3273 var=V1 dir=0 wcnssungnhrnhnfmetetwinnsforweenreadatdentnansegemnreinntistnuwuleisidererizdazdernnotkhwenieauflsleieiieeeineobzsneelcrnrrefwuorreinhitnieduserordwsiehiehendarfnbmhkegr
NUL 21 score=-13.1651 var=V1 dir=0 rdenhnnresnsfeiunfragrrichhlhirzamonfensztnweneedenguteeenswlknsnerensderbisielohatulffidnihnronnehordwieindieteiemanaidwtrninbirinuteueeersozscenemtetegwurreisewrdnakew
NUL 22 score=-13.1040 var=V1 dir=0 rllrtinnenuaiwendresweinzentmiswntrerszofeewowertenursfeniseeweisekftnenuzeimasrtraariihogeennhesereacifunstecdederanhennhdderdrwbillinnidigubrthengernoknmhensdineinhfou
NUL 23 score=-13.1364 var=V1 dir=1 elirwieeinirwoefeiankrorsfundanlhtgnnrurstswurdaznfwaoskncntnenenesbctgerinneanitimeliedzwerunewhreihemdroerehedlsweriinenieiersudumhndonntnentrerzbdestieeainengheshesff
NUL 24 score=-13.2180 var=V1 dir=1 esnuwbnnaturunehezehnlciidnerolenerkrouatsdensemhimdewdfgdasnenzsnnnecshenukhmeiigehrbigierzienrwhrtandiefwetetsownrdinirteniriererierninafewellwnstafeerdftreunsnesionoe
NUL 25 score=-13.3498 var=V1 dir=1 wcawirirenkoreinenehaaenrreheisandhusoifennrowlwehendderwenicnlntwewtunzzeimertseenzdenfsensifbseoartftbinehtndmnntergnfisdkrimseidnereuitiegeerslrhasiengdinununrehreluo
NUL 26 score=-13.1445 var=V1 dir=1 wtledeserttrmgesnnenzbedsteaenoneerswzweltnmaorauseiwennehbniiefufrwihiwenhenuiangfeheteinenhutondintnunnrisscnrirrnnazhinedefigoderwerkasoemflekerlieunsincedrrdihrdresi
NUL 27 score=-13.3642 var=V1 dir=0 zwuheonneaeesdrentanthbfsiderletessnigwerduewewnrusseornurminamiiwoendeetkufngdnoefscwegsderensnfriesfwmhihneinbnieltenacailleriritihnnizrrozerennkdhrendertitaeinernuneh
NUL 28 score=-13.1654 var=V1 dir=1 zbktwenwieutiiwinndseinenfmirnfleriuriesrefludiuzghaindirnotdkennsetgodhindwaiserenesneieewarheintrerozrdnenneahenbldeeefaarweheitmersngottleurerechsnonnsnnuhsesrfnewrmc
NUL 29 score=-13.3633 var=V1 dir=1 aznedaerofiwirtumfmtnzwieniacgonendmeheersenensenhnfkrsdtrsrnihnegennwehkbnldecotendalhibeniesiedoitadenenegerorauseeurieinrrurliweiefsunnuetziernrinsshwtnresdienwhwrtlf
NUL 30 score=-13.2422 var=V1 dir=1 gsteieerwieduswdnehissnwnnteitwohncfnuerdirrtarennhmohsenminntintateewildaseseaeeneraufolezifrnddrerininerwedltoekhnrnkeinfueinlrerzoahcmnbenerznrsfenwesdrbeigugehniesui
NUL 31 score=-13.1649 var=V1 dir=0 slehrtrnutdiearnehelhnetsrtsewefwgfsdwcnarbeierninionnektinsnerrdeumnisagewnenlzoffuherursinuwizortwicisalenteeohneeindirdhshennnmonmeautwergkenriedbeeerfenznriseinadedi
NUL 32 score=-13.0730 var=V1 dir=1 ncerfdohehenendfenukltwurdeenresinuoiwciftiwiereimeskiniehernheseoderansenregnseibrtemieorunenbdleidnrzrrrstenmsdzhatezonwiengnneuntderanhwwsnunttaffinsnwalerisegariheli
NUL 33 score=-13.0681 var=V1 dir=0 itrigulndiesalzrdenienediergesihtunirnanweuieefemniceesoumsrhhsfzncendernwenntrelienaenkeodenenostnzfhandrnteinimsfewertdwwrrbstruhfnesbadeeheautreninwlehoninorgriwirkse
NUL 34 score=-13.3002 var=V1 dir=0 ueerrdzuseegdomhisofeduemobwinrznmecretnernlhwrasfedgefinderlenkhnienennssilnwifbuhtrisogehereorsekewenieeiaannrcwsartetinnzderdeeelinuittrafwnitsiehrneidwenntnunsirhann
NUL 35 score=-13.2135 var=V1 dir=0 sidtemiizehntransfeneletobhafernsegszlsehemilneuhbeetorundenwehcsrinefiiuusrecrnenonweninernnwudennirsgeseinkkterfftdiamaoetiodiiwwnawrwndrlntnersinehernehenzudgedarrier
NUL 36 score=-13.2706 var=V1 dir=1 gsldhttentdrinoiewerwubeuneauersineertekichromfetseedernlhrwansnnandinnsebhsteineeigestikcfezerefiwwwnemirrtieuhisedirenmueaflderenihhflrnnowznoragnuanosiezerensdnrninnd
NUL 37 score=-13.0412 var=V1 dir=0 runbruclhdimwriiowzhtrnnenarmeindseohneerntfersirronfiereenesmonikudzwenedealesagennakwurdridennindniechsenfhtngeodletsnegfzhsieeblnnstuninwstreerinrteuiieiferewehastewa
NUL 38 score=-13.0434 var=V1 dir=1 tinirufandennudorniesebheninsnnhuknseerienodeunseininbafeiesatenzlrenhoherrduffezntiuowreerwerseswnkmcsdeserzastewirwilhwntnctlehnderdfieereimititeererdmngnenrhaionlgwag
NUL 39 score=-13.1261 var=V1 dir=1 rreoeeannerdunmubesswdennosrahewihrwoefzwegnetehdiekedesiemadzurhiewreubtanzemihnfrietirrghntrerceftninniininderanwowinknungsteecisnesdnnsffrrsoeuhlslietrenteledilneainn
NUL 40 score=-13.1505 var=V1 dir=1 nhiiweegwfwnmiseuciiualeribsfenrnknehinurhenwermdnetrnntalerdtatehedirazisounkssrnbefahhgnrsronraefettereilwenemcdusrenfestdonierzeureszeinohdiennewensinweietignenddorln
NUL 41 score=-13.4721 var=V1 dir=1 wnnzennterenodawadigzndnrkornditnnnthrriueeeeazintwmdesehruftalsteaeesieweserennedcooelienuelirrrenrasisichmiwenbebwuhntirlfnirenrennsefhfeeurdineswiegshhfirgesitundkomn
NUL 42 score=-12.7589 var=V1 dir=1 rienrusoiumfeneeinweldhdendtermeftunwerksturendneesgeinseinksnebtalerieinwahnencnneanrcnstfresihrigzeiwimeuiderenzguodwitfesriedizenirhownsorenaderbwfasehtnnhanlnhorterl
NUL 43 score=-13.1877 var=V1 dir=0 omrhnesinnhsihnutzieluineeienshennerrehnweatsitrekawwwflsdiensonnefckierefuarmeneneereleicerrigbehernsundiritwirnursitndnrggdtsbnnenedeaeauwzofmfziinenntedasrhotelodderw
NUL 44 score=-13.3432 var=V1 dir=0 oubrehreonliseneewethswrwdeserflethcwneerkeesnfsrdtleezurtthenisdieeiwkianfehinndzugsinimrorfiernelinnsetdmirdefetreodguznmghderiehntinenanbenineaarcuernonarauninninwwss
NUL 45 score=-12.9985 var=V1 dir=0 ulkodrerenbrinsfhreindhnrmtesdenurnennmwieelreinofahrhsltrentzdaenerlieicwesewiegtbinnemniresnattwareanzzkgsgetensfesenihnhfnieiisrdeindeeuenoduhrnouncsenwedfwiwrutoriae
NUL 46 score=-13.1582 var=V1 dir=1 rioriefdsdehbinnneertiicthmihnzriliurannchwwemnelnieuggeitserredergwsinsierkesednnemasteeeneheeenzandrunwobenoeuwirefurensafenhresokrwaldnndnahetontsenirdifftutrzenwisnl
NUL 47 score=-13.2466 var=V1 dir=1 ecfireasliczdenahnendwtarwokwztsoninedernnserorfgmwmahrhinrigebltennwdertrunwodelzeenereedesunduasageeihurtsnntfifnmnusbeineweneiiniitsrkhnindieneonelnierrfeuihertsheres
NUL 48 score=-13.1198 var=V1 dir=1 hsentuwaetrinddirrnhrdrlnfdakoiebodeeoahehirnwfgeaniwieersztwnunnusheridieleinziemesnnderwieinnneufbersferesfenzelnoorderengtrcnclkrgreentwunineheahwistemsanuisnemneitts
NUL 49 score=-12.9454 var=V1 dir=1 rnsnnslenwewdannotwissifenoteletternhiennsedwedndnnndeegenzumfusihreeindofibrnnemenemreabeerrisohwirtauscrilitieuetierfienherzgutirdwwsearrnkernoinhlkznuradeegeachsenhfi
NUL 50 score=-13.1626 var=V1 dir=1 zrecknugennnnneriiiedeneianstrdeamineinztorerszeouteberkenuredennwsgesrhnhenhsofrndainnfwennaehlrauwieerufeulredefiheernismswdwedwirtnichenreinbedlftrligtstnhatmioeoisws
NUL 51 score=-13.2663 var=V1 dir=0 nnetwereehorditsunnelfmlugbnefedehsnrrgenierninreesnumomwnffinteoziatithintawzcnnreneneifalsurnndirkrdsssntsorwarstledhehesiezakeberdenwichedneieeowdnureuewageneiihnirri
NUL 52 score=-12.9643 var=V1 dir=1 nnfeuhfenesarrnohoiirsnichreoenzentleciznkeunsuwdffehnmninnwirsdrwirdiedatiltnteesenendebunggarbstwldniesehelnnamihkwrwitanesreuresunmantedeeirenwoodreiineirrstefreegezh
NUL 53 score=-13.2431 var=V1 dir=0 iiaobtarnwisdnglehreinrorhikiikderennnenusferzetderremenntnuiewlanwndtsgehewesseshrsehnefriwnfuzwewulsittohaoefineunoflinnnncnrrbeerericindmendeeziesetrahmitanegedudresn
NUL 54 score=-13.1233 var=V1 dir=0 wdterrasnieinheterekonnausisgiatnnsanwerzurnegnscwoledetinnesgimlfldreiihrtnhnhaueueiwerweldirseeheenterzmeiurinatderiencwfnnonsntofererseruznndohdenbrdfknihmewfneieseib
NUL 55 score=-13.2165 var=V1 dir=0 wleemonrhiewinneinacsiernieedeglesrassurgwerzirwetwiekrinunnzefantheihnedranedininnnbilltsaheezeoonurnanntcnrrfnisnditresrifrnsestwsnfmebetnumfodheuugedoeiderkertdeheehw
NUL 56 score=-12.8784 var=V1 dir=0 mueefrewerenerihednzrtreketehlinntwensdeuchdreninazwerorfinfofgeintnnobduliehuneninneeuwwwaslihinonzkradfreirndateeertsnamieserwicsstneigbenaessnuissehgirrtihrnemdendnol
NUL 57 score=-13.1728 var=V1 dir=0 dzuenliteicramwnufftesnideirafnnicngdehwnlbarseningesokaiienusneartethisrentrereonbrdesznsgrewenofirohwennweinuwormetrenditileenenwinserzahsienrerkndnedmsufluetieherehdh
NUL 58 score=-12.9894 var=V1 dir=0 tunbinetnriefigewergnasinmsewdrnflsrdinihnkanzintirrtunefdihansorennreastenehofeaswcuziedukesrofiedomnenebeewairedenstuhlilhnurhecheninergelwriedenrnzenerweiemsedotnstrw
NUL 59 score=-12.9994 var=V1 dir=1 elzwennineresenautottwreuesehenssudunteiuergkwdniehofnientmihdestrailrznuimersirrriffnrbrsinneneintenhefeweeigankrhtbrnoordeleerdnindawengesdicnwlmirzhefiseandwoanesench
NUL 60 score=-13.2985 var=V1 dir=0 ecermorlrgsstedesahsdabaerihnesdsomdeenreehienowuiterwewciedinnefektibitniefskineanwelnezutonrnltzuridiwzdfrwhfnigegeuradeneernelhatnhrnufenonnnwessihrrinrnerenimteunsni
NUL 61 score=-13.1412 var=V1 dir=1 sedeinewcodinisuitnwassrinnnledeftinefeneugtdwhnhastundauenewoandrerinwrbeunorscfirdgginnnihhnnetwerehhezeietrzrufenforsletresnerrimelrnideekaeorkeewehimirabnsinnsltezem
NUL 62 score=-12.7859 var=V1 dir=0 eeerlhnsdwenglenimfehnedtensmitfaseiltrdeneiturnensgreizininewdwsharchhenerinemfcufenszntiotdaiwarredunbehrsonnihrnurdeikiereialionnonukanwersuizfeoewendnregnesbewrtstre
NUL 63 score=-13.0025 var=V1 dir=1 nimmernrdrerensizfrisbereantedekonefeghlielesnewiedernrinsicustannnieneewociwinutfttnnezwoloindginwdtnhoffulnhdienzsahuearnistieereneugenrhaedehmebederirrswtearnhwrsunsk
NUL 64 score=-12.8279 var=V1 dir=0 retderdidandiwingefnerindnsezrienneeachdwsgowihfinselnseteufrtihnncesteimfehesunerrnsrneernwmnhdieiebzwaninonwiemaerkenruktorbelnsraooenturenunfiruhedgehstseiwellitarezn
NUL 65 score=-13.1917 var=V1 dir=1 nrgeneunnafneswbneanwmsdisghkridetsdenlarerteihertgedseerfseibnrtenetouuarisiedtnnenenufnnarchilowuiodensolinerenwzfaktitelsdeohufininieserenehrnenwrmhmwnwrcidzierherzei
NUL 66 score=-13.1449 var=V1 dir=1 rdenernsinhulsenddienuikuwortetohdinenderntsharrghsnnocdlwkeedeuenernmahnetestzermenannieasbiueogdzinwegaonenisseaiinhfrerelutnbtemzeirfwirfrinwcewstrsrinneffeheerwineli
NUL 67 score=-13.0064 var=V1 dir=0 ahnkfnultedinueneswhenzmeitesinhernennneicreaoedrereodeigestuterhnteheghrneineringiermwawfthesmtzufindudeiierrnwladtnuedibenfossecorieseidenzinsreflsnlwnrrarkinswarbwonn
NUL 68 score=-13.1655 var=V1 dir=1 nngdernmnefenseiiutsdeirnennwwrwkfdnzsttezeishuingharrhuerninrerchineeodebeihmatlieesrooddnltsannwiehuntannfftigwasreemsercnnerwrleseebenkezeuridreitoralienhfnisowieeudn
NUL 69 score=-13.0877 var=V1 dir=0 munzariaehteinnnwlwnirroherreneruhrneabeiritfrwsgtneufeetuenercrersarineeigsbkosernftfohdlddfgenwiltedinhinssrumwnrtnzenhczohididewedeanenemtsenendwosinkeuliesieniseeann
NUL 70 score=-13.1492 var=V1 dir=0 dewuheerrworkroisenntirnrnohrurrgdiinioasereciesebtfnedenninnecknenrassenriegerwwznheendrhaudeedinhefihemiensaftnieeunibifweittmnzselnsgertenemoewnnhnreztdaswulailstdufl
NUL 71 score=-13.2162 var=V1 dir=0 oltrndfiwennenisewarerednihedensendmerteniannewedfoeswegirtonworfseiorirreaueleizehrhelfernbwieestsutnancinaigenrwinidmrzznnisrerhtdihnsnftehagrnmulkbedeueeiscnntenskuuh
NUL 72 score=-13.1956 var=V1 dir=1 nbderrhnnetesstumernkeauneseziereltoffensehtuneretwendsanriberngcewlrsfrernoieslrfwnnsnhesdudeetianninwarenzkiahunihmodeiihfnneniicwourggenroendwelmirnewrididazeeteitihs
NUL 73 score=-13.3341 var=V1 dir=1 ntuowksofisbihnacerndedsuenhrenrieurwedeiladeteiesuafiwianeanihinknsiterwhzridnrwennnenilmwficnfregengedertombrrzenhdtstereerinsfehwlltennortenessdenmonhanzereiugreusine
NUL 74 score=-13.0807 var=V1 dir=0 omwcsirienaneurlarnerfrrrdidetnennwutdikwitererineauwnhftnztesdinenfsnefgenehstsienweilsbniznrmachehdsdrohererazhoeoundiesborenninlserilengieinwemhkswugnueeeeefanderintt
NUL 75 score=-13.0237 var=V1 dir=0 hnftedennenthltwlennurnhnhflnnesmoriedcrrwuikleerisdagrenaeresdaafdrinnoeunzogwartenewisserosnhrncreitenuthrnekreoibsizriuewinzengetenisseihenfadtwiebmdediesimnerineeuwf
NUL 76 score=-12.8968 var=V1 dir=1 udsinreategrenwengrentrnwedanutgirnweninsetsnemnowrnermieronedenfahlenelteiesewsareireforndiwciauilineuchsesthekheitedasobdiriterfnernzdsnbrndemziwesunknziehfniflnehrhuo
NUL 77 score=-13.1304 var=V1 dir=0 etnbrdcheinglmmenedeseerwfzigedfieweuuzdwewnlrntannrhangisdessteronwhnennwnihnnuderfbwohinnentutkzhaneredanterkoertcissenissieieorerreiniseureineuondairhfrefiliamenertls
NUL 78 score=-13.1399 var=V1 dir=1 efrendawesiumarnsgernfnsweinssobenrrrnifenisnwhntbeimrzednenunweronfreineifteautolserhieieretzerznndshhmuicngiduotkhganenewiecwstelsdetrddeneiorhhndellerkenurweietinania
NUL 79 score=-12.8816 var=V1 dir=1 bogehszuwdrtnngesttenmmclnetgrerrneniteneinnhiriseliesfssowezbidonifnrtderarshekanneilacnenrieunreiwareiemuheurhaenwenrsifennfzlhwiedenauheoterndedesristoindwenduknerifw
NUL 80 score=-12.8716 var=V1 dir=0 rashinnrilodwrsewunmineitdlensbfasferdkennstrtferuthzgwutnnencrdeendnerenhuhonsdieersferzlttansorrrsehehedzeimewfeinetewblohieresciweineanrinninurdaneineomangienieweiguk
NUL 81 score=-13.3000 var=V1 dir=1 srrnsclesrighinteieubneutdghmnwersonnellkersiftenaumundeisthdekesieihieareorowareteuoezerdinzwngrtznniritfrwrihnnndsfnntandeiinserenheawlewondrenescafureinmenindheeewbfe
NUL 82 score=-12.7032 var=V1 dir=1 ffgottenutsinddurtizktsnenweswerwendidtuniessinernmfreuhlaelehooecladeismherntesrieinungkeimenrfdarcnrnfewerwuzeerindislehnhebrasnineheenseangniberendenhornineiowwaizrrt
NUL 83 score=-12.7812 var=V1 dir=0 urfesbemuliwinthinedeeinresncesodistnszersalfeecnrendiineennurrinzrinedeheihenwirwuherdohnernobrwunilinnshotenhmanigaaratitektefletsesuiwargedrwedengnfennkernefdrtszoemw
NUL 84 score=-12.8321 var=V1 dir=1 dreswhorandezursonewelteteurieesemutehnemwldnnsnssdfirangrherhreabstnreicftereznsirnnieerkunswarnuindeunzehineernsnonclneiidwebrnffdhheinmigiltieanordeeitentwiekogweinfa
NUL 85 score=-13.0821 var=V1 dir=1 nmnkriszdnennobttheorsserzoseneienweruenermiubtnweirrneineinsewreitruzdiraninrfcwnreenenrustanoeffmgieneitestwedeghhhwheauwishefdenlitanidigsosernenahnerklcdfliernedadul
NUL 86 score=-12.9130 var=V1 dir=0 ndtrhteoahreurihmererfluwrrinsandhorsnsfeisterneideeorsinutleinbegtekonkeiflinelnendnrneemenwieennmwnseratgsagewodfidnereiderbinsesnwzieduhruznetinunhncrfewiatsnichwaeez
NUL 87 score=-13.1244 var=V1 dir=1 sonwenmerhtetannwnfindirsmeinnserutinfirirsonsdmutinforaiuieibwktenwernzldnkrurhlzerlehiederneesinahehnegehoreeneneecheiesuradetaorwfnzwienrecbsluddgsdfanntewnrtnigeisee
NUL 88 score=-13.2528 var=V1 dir=1 fsckrrtemhunnhnsenwnwhdiegnhwirnolinuannhoneteerdiedistesirwertefaeeerzenntesiuliineeitudeuneinmogernikarsinndwernnersereinrhnwzrndlobtfiefamaeeessztlwhfardieedrebcngsuo
NUL 89 score=-12.6642 var=V1 dir=1 mengetnelencesonnesauehrheiwiehrrfhiotzeitnertaremdirrwerurerwieindniknaherusshtooswirureringungrenennbdeknznehaoftesnnebetdinseridiwzlsnlnenistansdenlfeeffidiwwedemnauc
NUL 90 score=-12.7043 var=V1 dir=1 hrntngsraninwhmefndkmnufbwhfoieennherstwieruneineenistsleteuwandweinananineaurorechienanterbeheuregddesenritsielgnfiehrtiderenozmlworwenszrsnistiodlefcueinrederinsderezk
NUL 91 score=-12.9128 var=V1 dir=0 rnrhwienurdiessohneiegnknwerdirbenndkawiezlitedduressewurfinneesaewenerndimltcngrednaholernntmserenodlsueftennfehtihinannwheferesswirezanznotieetsirihanbigenruitemurefoc
NUL 92 score=-13.1527 var=V1 dir=1 tdlstenfinwiefhinesermiesuczkennenerunhwoerernrernnsenaditrdiirourlttsnweushekogediamarmdewnsoeubwreihrehrezhannwennneingfsnehineidfescunzrngblitefeteiiianlatwendsedorre
NUL 93 score=-13.4053 var=V1 dir=0 eweichnihrtndendsienuroeerahfdlnundswendaeedwmnrazdtarrernntselgrecnniegentibrfenkueareeereweinanisinkonunnigussewoihldrsrsieswernuhlsnhrfmtntiefoiteenriefzwienetihbzemo
NUL 94 score=-13.1651 var=V1 dir=0 rkbaretenekteiereineozuiergliwfrnrnzalmocidenewiedaantebensewahndeeuttseurenzlimenedheiteinndugfenfrhsenendhnurinsnieausshfnwinwnnsdoereiwifwnodrnhtirecmorgsenstherirrsl
NUL 95 score=-13.2810 var=V1 dir=1 uihiwiorurzutohewneerinesunsndrmarihnnlewesemeieecsandgerheorhateigritwenthnkeinweitzeifrnnseneiisieindsgluddwzeestefrelterdrneknnbcdmefdernufanbarosnenhilfnrannnotesewr
NUL 96 score=-13.0711 var=V1 dir=1 dlnenfelieswenrghrwerhagrtwwmaebfeurihintenmonurnonsreicenenfurlrosteibntinerensznatohlnseknhsrdzmafdiedicirekdewendadnfzedinuneheintswuisgiieuseiheertrorenwannesrenteei
NUL 97 score=-13.1626 var=V1 dir=0 nkwnsharnmnndinsintenrernhrbedieefheifstzeiunteearwesrcrmsogatdkrineondnotefelieranueeneschrhunnatriffeeieeigrrdozdenerinnateistdnrunwnenisuswilhermediwsnowlhiebeugzeewl
NUL 98 score=-13.1496 var=V1 dir=1 eensheladarherkihreinnornunihnseiodesikenenuteremirweeciiiwrnfhlndeeinsnenrwsanoisefnnesewungteditbdutceherdefswsganezrrohgeronnadltdummerzzteeinefwneberutisintlinnrafrw
NUL 99 score=-13.0173 var=V1 dir=1 nnrtanndarzershuwidrzrtltgrhenwierfaogetrrehrunnwiefenubfolhhitwsnesdiennfmmeaneseeleerriobsannedenneirchelarhinuinoigierfdesicktinwiteusdenwnsoireteneunemnesziewsendedk
NUL 100 score=-13.1708 var=V1 dir=1 dbgkinilslennetrweternskwfdinierglwbaaswrdnhfeweineungnehmhnindletuiindeuthineceoderrariihrenutrezentiaumnensfeeswesfeincworeoonistsonfzrmhederrinhnnarreserstzineueaneed
NUL 101 score=-13.3270 var=V1 dir=0 snterseecieeesinnwowildzounrenmerdetncwuendgigihneaussoeigfshndennterefusehelrernianweoiariederrflestferldhehauemrnwerdenhnhzinnbieredwbrnnwttiiamirunteiannenroskfzstikn
NUL 102 score=-13.2145 var=V1 dir=1 ifftrknncwnuieteiagrdeedernuooengenemeinsirrnidemdasurwearoziisenltkiftltntrnewenehirdeldrwiesenndgernnesneuswoeehsdachsinzweitobanurlanreseirerrnfwnenbenszhmheifunehtih
NUL 103 score=-13.0195 var=V1 dir=1 wegedrecnweemeeanhannstfermdewierewenendgrhninreinihbfernitrirdnneitiarnilsnubhnhaltnukzuddskonoienernisteneereleeofhczniestsdresmireinowieritflusenesoandhegrsntuwwarzuf
NUL 104 score=-12.8914 var=V1 dir=0 weeorteasewdaeredelenokauiihnrrbresetztannsinenermdenecwselennwnsoretenfeseshotunftsihrgilrezrilhermhmintieneinncifihendiundzuniitfrndfuenrewedkhwenugsiswargenbindrernao
NUL 105 score=-12.8692 var=V1 dir=1 enhnwaszwelslehefieorrewngrckhnkristieinrteinmifertutnoneisuiselbgelftemenznedieendrosicrbnudtrfserfadedeidirereerntenndwernwehdahmwngtnneweanunuinnunozeihrsohiesesainar
NUL 106 score=-13.1382 var=V1 dir=1 ntherfeunthkirntansfarerdsennzenmrderfrinigegnuranwsweniiteweinafidadeiwdellhdzhntwcseinteronetteecrselersuieorewrwoeheemufbeiknzennhossmerbignionneeuanisrinhelnduersdin
NUL 107 score=-13.2039 var=V1 dir=0 fmesttseerenzeehreeweiewiufnienkheineenedisanwriehundlmnlnfhtedrunnsnucideletnorsnenzarzsshnnursolonckesounefresdrongatwidiaberrfdbwwwieinrhengeitarratiinihneereteidgnrm
NUL 108 score=-13.1184 var=V1 dir=1 lndeereinsennnntdhrenamigzudwhtudigrstnnwideenuwennzufeoethoowernursinanbrikenmaderinhswreneitaaionoingenwerrcbeterzfeissitrkheendieenhessahmflielndrirunserirwtfeselcefe
NUL 109 score=-13.5023 var=V1 dir=1 brsntronrorngrgefahierklinndwweltzeteiiehierrineterufdeilssmunneifwnlaurnirrnkrizuenneebzeundsndnthernnnenereihstenfeswirgnetudcawoieadeenheheeahensaoidnewosdfimsitmswce
NUL 110 score=-13.0122 var=V1 dir=0 eilerntrnhenihmltfwuiiweemnozarnbeeerrifaunrwzswnleereiinreiinsontescngklertrenetdincasisureswasiendehnweffortendnhundemhenrbeweihuuerieddafengrondasdstkrgsohneeintinnez
NUL 111 score=-13.2665 var=V1 dir=0 nshreannrnitaresionenaiseineinwtergnctgtonekeiunlldemwrnhimternrderoneruserieifrabdercdfinodlnhwezuhnnunsenwestehaekbendruhseshrnnnieoretigweilumenedieziszdesefteawwifrf
NUL 112 score=-13.2286 var=V1 dir=0 anesienhninhirdrfersrlwltnichnogmewnnonndeswesrerninedeuendredarstkurhntunzelirenfeeaufsneenktwrzntdminmeritasentriinduaeaezobehlndfihonsbeigweoreicietrweswienufergesehi
NUL 113 score=-13.1800 var=V1 dir=0 elhacwowildedensereirmrwerlenrhnsobzsseieineieierirezwuernfwhennnaesigfreutlteininkrbdfterunotorinnseimhneghstdendnaenfrmknetrgshtwodasieeuntwauhefnenicuddenisrnieanzern
NUL 114 score=-12.8535 var=V1 dir=1 ninnefentinahreitnerfelenelifbnuwkernorseeanwahheseetarregdwrnechiecoumtworitheineigerenferendesoinweiideeobnundnsskznerigumzawlerhensrnrdrindtintutssahiesenwudlmrsidnzf
NUL 115 score=-13.3975 var=V1 dir=1 dffneleswtrnlnegftirtirlrtswhdwznmtenstseigengresderzewonwienenichsdebeuraualieeanweaiekenennnuendniernrnaheueredaidcwinfzikhirbifeononheiunsertrennehoruiorrinmssehetsdm
NUL 116 score=-12.9350 var=V1 dir=1 mwissiistwceesecrntwaldartenknrnedwnfnermiennnriensdertehzeioingierkdereberanatzzhieesenersendsnunwhnreriogrunessohurolfelahefenbinnedeneedilhwwuntadiffirunerutigenmthoi
NUL 117 score=-12.9530 var=V1 dir=0 mmawebeesdenirgenddesdendhslerdaberuefwennreiweieraiifianritzirmenunfreerannennetennoftlznfseninzurgiwcetogernnkrotnewidhdieitiwerskenhuehuihutsehecrnristlwsrensohnsnalo
NUL 118 score=-13.3104 var=V1 dir=0 ousesignnwieehenengdfaecrzenoronenuniderenhetemderswwrniwntsiesmberohlfneisfinelfenwercrhnedensnfenzngindwlndraukereaaattnektiiuwredorsindmerntzhiebthrhestreueiliiursain
NUL 119 score=-13.1268 var=V1 dir=0 oeinennizhfinwbhhrtiniwengdiinnwuswecdemtdkssunnemesenniksmresfoeawodfeitigeswonserragereantitrrrnhecdezutaeuesodeirannlaulwbnszeiherrrftenurfriendeniedenhninelhreertenl
NUL 120 score=-12.8292 var=V1 dir=1 wgenntinurfnisnieerbordnndaleteinweralierrinhtdesestenetemibeenredronenihhweswafeereenentuwozigteansdudirnennhsaszuieuknornurrsnlfwfeecaseegrimnhdimhflinochdrtweinsierzk
NUL 121 score=-13.1213 var=V1 dir=1 wtndfnenitritatwenhinueflusienfesdarnnennlhrbnisehrbeseswenineiergfiwrlgernennzezeroirdeahenzarigunhemronnicadewoduharniktmheddirsteilskonoedseweieuncrnnrtiewsfuerteesme
NUL 122 score=-13.0380 var=V1 dir=0 eworetadgcfnrsiestenznnenkcfrizlebinnerinitehueindeunrihiegriuhnnrdeurneionornelestettennnnirgeehedrudfsiewirleseweannhismdeozwaseiarfmmewebttsonnferledkundharwasiserwnh
NUL 123 score=-12.9002 var=V1 dir=0 neferfacgeesurerkrcnenassnikarmnesorzddanotohiezueilenhgmneittfhwerwotetewdnisohauusmeetginnwnnerbetindzwnrhiteierindierihrnenunlsdarwsfeesenslinndeinurbewindreheinfelre
NUL 124 score=-13.1979 var=V1 dir=1 fsssoidetucitfbreindagicannlitikntlnwwraeoannrlinhemdeihnenoirgerrdehrrernkeehstehnfrsnfdnnennsuewzndfgseinulanzwieinstewisebeidemiirrueeauwtoneheentwemerzoehesnurderern
NUL 125 score=-13.2130 var=V1 dir=0 szeiewieufneinswerdesfwgdftnniinersaararantdhinsehrhunirbedlhczfiminfrenotwentstreliworrimmeaisenbenenoeoriltderennwrinneenkdrodnnnereuatistnurhedenwehsgzsheeecgkunleieu
NUL 126 score=-13.2800 var=V1 dir=0 cikhederwrnnasahodeuueetestleindlgihkronadfreisegorendesestsbweientnaerenwiewinensthnsegramiseiarwuftunieiofeneiternzzdeerientnnfdbrenlnihmuewordwnhurnlennrzenniscirfmrh
NUL 127 score=-12.7417 var=V1 dir=0 wdiudntgeteismowsriderrnedantoikfihefiwilkssennezuremneewerbfghdesubriendhruneniaezwolleteianneersnwrurzittunnnmifwnichsanachgerstnnerdetnehreerossenhreiodearenfileinnne
NUL 128 score=-13.3810 var=V1 dir=1 ereatieiemanineneinweswiefendretiegmikonisfnrcnswnrwidedunitihrordngesgnursrentherarheesobwirtwhnlmhnabtnereodsdsrzefuitdefhltrrnanenezeruenhncnfseiioedeneilezuunankswel
NUL 129 score=-13.0532 var=V1 dir=1 wshewnuiersaisteireiznembidrrhteerwulcituderafornefeantinwrnsuendoffeinhztinhwennresfinoellenonocnengzdaheeinkererentreieineirshiehensdarselgnudwmmrwarngstnudesnktedeibn
NUL 130 score=-13.1505 var=V1 dir=1 elsieantuntwasnzwieidnuberreatiegedarnkefisrzstekieerigendendierfhrlnhfereenslnwtennenunwahrnonciennrncghmzherdetrieesisefuwsedwdnomennmherindrbreiftnueislosiawhuretonoi
NUL 131 score=-13.0848 var=V1 dir=1 nrsarkgisniintzurunsoeimiesblnrtlneuizfennlennnfrichsherrifesinnnaswodeediewaaneeeueefctaerohingiregemikedestnundneturhlenoridwandihrneensmeintzdotwerefewedterhnhbrwresw
NUL 132 score=-12.8651 var=V1 dir=0 aeerneiihrdinhieannstangiinwulhseezenwmresnktzaneurtwasinsonstoirergrdsenzngwerftenferconeteeobsrlsiefunrihnewwminnefriewcnhneimradietdobihnedsektrerunddileeneelurdenufh
NUL 133 score=-13.0460 var=V1 dir=1 ugenehomnnirotnnadesfsogldzfdiechmunreigtideutteeinwenindierertlrendreluoseirnzsshinebedikckewefndihnimnuraenerenrenzserwffehwhsrwtnnterwinewantbesseohnerinernlaiierusaa
NUL 134 score=-12.9937 var=V1 dir=1 euwwnumndbizenhhsrfseisdeihdsehrzftelcrntnksofewrgngefendieiretwerrdenronrisasosinnereiheterekonaonmuhnerlarenwareincntuegrinenfennwlbzuittisnsunenheeeidiwenterimaldeaid
NUL 135 score=-13.3619 var=V1 dir=1 zwhenrmzerrendotoshwwesefetnureieitwooechrennielzenergrrdedffbinnotehiearefininnutwenhsnenanditnlnrlrndekulseairdgeinegsumsbdnwhsnnindercufesahieesareiinktirrewumeniseat
NUL 136 score=-13.1649 var=V1 dir=0 fhebefekenseieuheeerdienleshnmtstrirrenwoeinfsergihnwelzdduntweissreinooliuarenknadinluzidtgeheisseinarawidsectiofrnznrhwnedbenwornstcduernenwennemeirnnfnutgatenarihrmer
NUL 137 score=-12.9436 var=V1 dir=0 lidetetonhserinntwowieunicfhenldnikiieinwarkenzabdasrfseerssriendesadinewereefumienureerurresmdghsesrertandzwigedregenlentofentehwtonlfzhtbeinhsmhrwnuenninoninereriancun
NUL 138 score=-13.4630 var=V1 dir=0 nmutbeithaweoannrealeseniereaneereeneeingidrrnnoimhautewienhhiianozdsunshindwwcenbewdmienwentofzinhurrdiekesnedonterstnlsfengrrnicwuieludteesiefzigenssedrhrrflkntfrsnerr
NUL 139 score=-13.1095 var=V1 dir=0 kunesesgenernnonthdntrisdietrernomernsnunnsdnwbgelhinnwehoftlewiiuneszdbcukiniemheraneneroesheiergewrufrrazaolfitteihrawznefseteerndreitumarieshfwndinndiedenselraiweienc
NUL 140 score=-12.7764 var=V1 dir=0 agwenersheiddzeinwuehrwitbrerreoeoernaesiltunnisoknrkafcertsanfrimeneideedenendwzhengewitennugtniererwonusebrussirtzeenhdamtornhainiehlildemensteisernennfidunswfnrilfcnh
NUL 141 score=-13.0658 var=V1 dir=1 neoaaintrkgewineerrnnugidliehuocdedeseimtrdeedotefewcswahnindubterzergehrueneinzurswiemunhonhawenekhfnisheistilseebisstfasfrerannninetennwwetefrizllnrdrrrneidomnenninres
NUL 142 score=-13.2390 var=V1 dir=1 ntfdordstithindroweswwsrnnszirdnmntnirefeuenaninerechrniwirfszlougenenebenescaamkaboendinieheseshenerwfhdrzhieuhrlerduensmigeruasieuwrttatnionwillenneekdgrieeneiftenener
NUL 143 score=-13.0228 var=V1 dir=0 fieoedanntosfdwensenmineklwurrnotdtierinrtnenfdessagewreenegeizutachenrenscnfwfinderznderleerenahaathehindstewieslhwbenbugeontdirihsimsunseherinineriurzninrirmuerneoewlk
NUL 144 score=-12.8721 var=V1 dir=1 ifwwidresineohndswmesueinannatewweeinzelersdeunnezreereinfickerstdisebserenhurrftiinninboizglfhrottongdnhinsdreimunleilteneingwtdhrfturerehsannhorenseredewaraunmenaeenck
NUL 145 score=-12.7350 var=V1 dir=1 ninoczwelennthtansnutedemtrterhernedeherfeussbdwnrirowentnenderkoseungnisdcdseffedlinoinlgrerenweiunhaiefrtornenisziwmznnenberahnhumierniehenkerlidaswisiewirgeaisurateef
NUL 146 score=-13.2586 var=V1 dir=0 clnengsbercegzieseaudzehatewomiimwisneifekennfhnherannitrsnwuimznieurstrendrnhudtwrrigtwnsintfneeuehrweannfreidnrkeiwieorentdriherensbeiolossellohnefnnereineededartasdun
NUL 147 score=-12.9470 var=V1 dir=0 zdresserrerwuidtheenreanatusssiefnnzrnweilhordedahfgeenhannmlwdeeltznknerseinochnuerwshbesreinniungfooteimedgnesintndeinkrietrbarwiehnmfeusieutnrenalrenedweniteinwirofic
NUL 148 score=-13.2917 var=V1 dir=0 eerdeereelofhrudenwunditwentnissfkshengarwsemneinebedrohnrnsoldienmotenwcecreizowaafihbtenzitsiswirsleeanzrndfurantiinnrtdnrnhkennfeieuirniwiesgruareniesthendeleuehmrneg
NUL 149 score=-12.9298 var=V1 dir=1 oriiuihrminnezwdrcnenthesldndeanwemrbgwirfhedimusebeeihitzarrfieehlainuthennecnsesfirenwerenndeeeinisktdeirausokneisertelenewdfnaszusennetworerflogungrasrwenntendrthinno
NUL 150 score=-13.2105 var=V1 dir=0 ldeweneretnuseerfnwareensanieufelneeszendlifodkntgutesnugsahdetinschahdirfrmhalawtminwiewdreueuesewetorbrnzrernihnnnenhnhinnefordgiienensrndiroinesercnkeiitreibstzrwoeim
NUL 151 score=-12.9589 var=V1 dir=0 udeehlogohgreierdenninimzuihteerdewennneierbrofssedfreneesnesnuswiwthniernwewltsfortientinanwasandinereertdlnmserkareesninnwdknnrehebitindahreiutcorlnieahunreeffizmsugcz
NUL 152 score=-13.1907 var=V1 dir=1 hisdesgkeeafnenhonesfinndirstehegseseieszirutzmauhocecdnodwlnaumeinefrwrrdeobenrwrzdmesinstifiernandwieanuswelltuuhiebeenntekangterfnerhtinneniwhrerrnnirrwdinonnletreiee
NUL 153 score=-13.2881 var=V1 dir=1 arrnturnnhsnrfeternewerwheundefdinuemezfknwittrgihtessanniemanrohzihbrzoowadinchfsrginndeneeurieiiibterinanhirdenustliessewtoernenisdrmfledesegeewereandkensennlineucewlo
NUL 154 score=-12.7620 var=V1 dir=1 rciustirunsfreiminlauaheiernbanwenzederwthadmbggnkfneerecnowdetezertinrdzsninnsnereindonesehelhieriniedklwirnerentetewoisegeerresrnthfaselumfannohwunwonisdehenstudenfrii
NUL 155 score=-12.9430 var=V1 dir=1 fsofzwerrkeehbietetimedngingrzhehrebsdnwturwehnnndfoiaiitenesenullincdrassindigsirreumzleiseleinteunsenartwiennehrosdanketfownundindrurhenesreiahmeewcarrtewieenennonernf
NUL 156 score=-12.8722 var=V1 dir=0 aafenessinnerfuwnnthadeszenuhrdonhiewogikenwhreewiwahtenlntdfkdnnieeieneedeeinobetrenbeelnuneratheserrinsthrdurrimszessinwirmrrsiemcetwindfzencilnernausonliegufrotgdneri
NUL 157 score=-13.2344 var=V1 dir=0 radnnkennegzrungendeennhcfndwizaiwhinsnsinnelnweroffesenedesohretssrinninbaddstdirnrcttwkritethariruihleiwasinusfrienlemhenureelierueoetwiohnwfeembedeoreinerzgeesntermau
NUL 158 score=-13.0808 var=V1 dir=1 tdenedinedriettansibfdzmrisierkerwurreamfeeitdennasihnonozwrntgulatilncrninreinreeshaszirgdbenwecnrekrnfiheuteafeeeenhergeuohndinsomlnetunweiseerersonehsinuewwshnnwildnf
NUL 159 score=-12.8675 var=V1 dir=1 teeifisinrugrnewasdineentdaamenahseteeineswennblnnendwnoehsirrerumlfohrzeiwtonsireinewehrzelncehrrefeftesdkrocnemrandeiindastinuzdhtlouerfriehtwinngensingenreikdsuruwbne
NUL 160 score=-13.2597 var=V1 dir=1 fusenrwehlsenhaheniesiehldwrieenritugecdztdeersnneimzeeutanzmnonniekiorgtdihfnurenaninobwsnrleinfregannieefetockserntudedefrwweheseslnwrtminitunderdinwrnsaberesreiornaih
NUL 161 score=-13.2590 var=V1 dir=1 ersterafzihsttdnconndngnklosruhundennnnalefnenhemierrerndhientrieearseiinnlensisietedgzhwzasorrreueneobwdnbsdenntittsonureewedeeemeinaheragieserliwfuwwmwirfcfhieerinknui
NUL 162 score=-13.3448 var=V1 dir=1 trnewesingennenweeelnhtturstunmooriactrsneernectehfignkusronneieasinenwerrsisdriihbdinttnsoiheiheeeaefeanznhginufderfmwfinurehrneladendenkerezeidzwerreiwdlombildnswasunr
NUL 163 score=-12.8556 var=V1 dir=1 wtinntcenhelnicheftduutohosssenedordrgehennerdirweewediiaffisstagindhriearmeinengelnnnsehruieenznrwunbaunzewreanerrstiwwirmirldesnmndliehseneknaftierenenzseburtoeinorfke
NUL 164 score=-12.9402 var=V1 dir=1 irrernehemroseitesaustswhealiahdsouderiltenerzofesdrechendninndgriehnedneuniiuninwrngtnoftzennureiniwbnhweretdecolednimrezekasesfintrsafuleteenebewinahrinsimrwfenkenwrgn
NUL 165 score=-13.5009 var=V1 dir=1 sdubeitioruzzeislengradinanrahnecremwoistseforireguernihrnngwninmekehsantshozdfininlhbrnrhnnwlniianensunfewfteeineelietereedutemwettrodicnsradierseerendkennwseehnurwefed
NUL 166 score=-12.6973 var=V1 dir=1 eelegadeunamhorteuerednurderenererhlwrhecrswitsennfurnttsneauswenieonhchemtngdienitteneizeiewfkiznbidbelidirnnerinerswirgsdafftsnaasielmdsenzienuhrneonsirrefinenonwonkhw
NUL 167 score=-13.2756 var=V1 dir=0 akeredrehmtedaoietesenitirrznihwsrilhinnensserzneilriguflatwgirnnordndweernesbereeiruozeitelnuniedaschstwkeeneeranenwennsorefhnenundmtdsofgtrnfudrihawieweiineebnsfuhcnnm
NUL 168 score=-12.8459 var=V1 dir=1 hfuinhalrehrisozfinadereieinnbetcrgernnrseruwukeifesgrnddentensozrmognntlwnfseslnderlennswuiesinhasarreeinotemeiufrieiderankttnhinwidtnenadwenzwireeredeetemhobeschinenwu
NUL 169 score=-13.0371 var=V1 dir=1 etsodeobeifennihnnnsiteanlerentwieruwoaltiginsehrkbghlsdinemsifsneunffrcsdurtwhtfneohinerwensermmnricgzdzreaieneisiwhrrnannenwerkidleueinehezureieanteeeneurddwarntrenosd
NUL 170 score=-13.1318 var=V1 dir=1 nzenhenfrldriffunseiwirnneremikondreikalhricitswefdesetinmtinenereihuuesegeentendasricnenserfsgnhgdehsdrewewldeszuzueriswodihmntternwetinbtrehnenuaoowanobearrnrinenilnea
NUL 171 score=-13.0060 var=V1 dir=1 nrfsfdegsnenmatsenfueehmzkisreczuonheriernsihnunfesweiftsdennddrlereiidwohrnistinehtendnoteuriabieweitendarnbsnwrheltrinheitenregwizwcuewemeiranleeronkroleeadnnunsganrei
NUL 172 score=-13.2966 var=V1 dir=1 eanteneeteteasawwwwsrddernwendgnauenndewieeneurdeiniertiounefoneornseineugeierdrsnislnemfrahienegorrlhzlrchehzkrunhntlehdtbinntimfnsrwmfrinnisseeinfitiseezonduachsrbrike
NUL 173 score=-13.3202 var=V1 dir=0 uhheiweifisondedehltnteeunnlanirenlhghemwirmrenthrhdrgrnesinrerzrasdnotendsstraecetreazunuoebedubinmeirdoniesewowenwawinnffazetessinngenentskrsicelfrennedewieifnenkiriru
NUL 174 score=-13.2844 var=V1 dir=1 doreenzetentnfraeinegegrinbennwtwrnnirnntsturnersohewihmzeonweewofhdrwereiefwenrenebsieacfermselnnalcnhdktdensisesudertristelfhiuelemhianinaranidizkensrigsnurduendiioehu
NUL 175 score=-13.1927 var=V1 dir=1 hwirunsedandesstiendwecoininuwetteuiirenhererennleifekoeersohannezehenkedabssrfoltengerierthiuusiwnadrrenisnirezeitfendrlnnfmdonetdtnnmrinnemwluswiehehecrazrggnsrfiabenw
NUL 176 score=-12.6527 var=V1 dir=0 worerktbsdendhanntzaetsitdurinetitrereirenwefwwehaseisehufsmnwmdnweduenineornhaltessielchgnerrigdirnunnrrereneeunkedesnauzoniseingslnzfahmdionnfernnwoeferiereibeihintelc
NUL 177 score=-12.8983 var=V1 dir=1 bneineestnomriheierwuusdgenubfrsonechnenetefewesiginernihmerfstreronhitezenineannemfwncdteueanianiuwwireraltrkelledesdonnerzireildiatwerzeiturensisnnrrehndasknfgohshndwd
NUL 178 score=-13.2726 var=V1 dir=1 rtdizkirsnnnferfodeeerenfidrhmardenweigcekwubeiselenwnmenleaeoblsniesoringeuniwsseennfenhaadtsnnfuhtrisisieenzdwenntughthenuriinnteherrsinerzitrauawiwnneoeechterdorrdelm
NUL 179 score=-13.3549 var=V1 dir=0 mnstbwhdheerenseasduseerehomhlitnieiehromiedhdannureilewiselouhtisazfinnwwgrnerrnsttzrrnanritieniceidkziebegeelfeontefreikndwifnesentsenfenrswdunerannwedernunrocuginnear
NUL 180 score=-13.0961 var=V1 dir=1 inteetfolkeenzzwdliarsagnewenhwrkdesahnuehfhebitrternmancrswugnetsiderrbtdenuwanzeeininesinsdneernfronsoeawrlosudineoftrernersgennliceiminneieinfhdeswireuintrienhuermdhe
NUL 181 score=-13.2777 var=V1 dir=0 rndnuossrinfrehieeeseirunwerarworecaneitshewiszielrdennenerrnhherhesefenonudgenirwndnndgbhztdmassterinnumeffelseantwedwntugeindtkermiteirizclnwannefiheieiianretbosolunke
NUL 182 score=-13.4566 var=V1 dir=0 eonenshoiaetinernusemlinheimeeweifuenrerdekateteareiehnewringzwsrnsnirnacstihnfwnbeteaborinkrisdirhdfmdguzaelewehtoneergnduntienfnoreselwddnunsruchtnnlnenzdieswiserrfrei
NUL 183 score=-13.2257 var=V1 dir=1 ehwiereemaeiarfnienohgernennlseindsodrdkenweswgienimrdttehehwintweuflassurwareineslimnrnilsennornonsnrsenbdnubzhttnenerruhieekdtnffisndaredezrheerwiettacingieurunzfeiceo
NUL 184 score=-13.0799 var=V1 dir=0 rerwieindesohnnrinnenanhizriinndsunidehnweolirrsrsfdltunrlsetsinzubigufautehnedebarnenerdmweiwamwincersthereesedlienrackzunienseesniwmgkhnterrgoetdierfwfenenaheetnefoteo
NUL 185 score=-13.0222 var=V1 dir=0 mordinnitedierunfkwerrzennaiewetleshohernidoabennewnszhennedegenscahetaghieuuhewenetdntfubwerserhauialsreowllikornesreisrenssengntmdinieniwcmnerndfinsznertriffieidunerrt
NUL 186 score=-12.9948 var=V1 dir=0 dgeenuweiicldundtwfwmszieserannwolinenzfalasrrotaricerfgdoebfemindersserkiendneeehunwnnzeworrarintehtseurenbrrkteshhsiunddieennnierntsernnerniwieattihniehhmeneolnfeieusg
NUL 187 score=-12.9951 var=V1 dir=0 irbwendefsieerehistfzweiosserridfabrerrdgsehrltlndureintewesenddonhernrnlkctuminnneeznwearhinsunnezwehemkeusaofewiguhanredendeeeintmalnhtnesoninetiouenterirniransngfiicw
NUL 188 score=-13.2170 var=V1 dir=0 otrenndeserlftekonrisslfdgizwoennenhieeiscaderrnurtehineeuneidenonihwerbnrhilgarwieelsorenzuzenmdsnigrffdtnkwrtifdrcniernnansrhhmewanswhunaubrweiesitieseneemettenudenaei
NUL 189 score=-13.1180 var=V1 dir=0 ceilnfensieeisbirwendirniaendehewenahendefundenstiesetdruntrwbngenhieirwhherdsinoergeteonzcwememunnalenzukeirirwwanieentremurfnnsnrezitdkraulinfosgefosiolehnrttrenrhsdas
NUL 190 score=-13.1747 var=V1 dir=0 frtesttnmaitdeffshintwruierzeinrmhinnormsthdirswcnnwuudduehrnerunsndreinnezeilenwenwetenndrneiekowesheiheoanernegaegtisierlgauikerseheilfordenanesfrlzdecbnanennoiwiebesr
NUL 191 score=-13.3032 var=V1 dir=0 inkbheinnsnimfgzssdensteertlderonrishebergeonnaueieshuriaueherortdarerwennsmnnreswunrnfenutztelnilcaueftewageninkeahererwerwewdesdishzdfrnntifceewninoelionidinideremnhit
NUL 192 score=-13.2200 var=V1 dir=0 whertnangenrwhnfinubreidieltneerregenmunnsnokwmrlnduhutrisilliawhznnfrereeinsduaeeereegieerenrnzennestechtziebshresdiniftineidferwuomansinweedadkanoscfonrseirtodiehtsnew
NUL 193 score=-13.0107 var=V1 dir=0 nwrwidkrtleaecheenbehatnungsidewehmeernninrturunwnlnemdiewursagwzedoreeishanonnrenauseisworetalssefneeiondzhelhnfdtiteieniebsefrosenrrieicknienirrfnigdnderzeruneshintftm
NUL 194 score=-12.8063 var=V1 dir=0 lwerdmodwnwaruuunenssionrsizsiesticigtferknerberheziehttggwdnesoihinrnaousnafnuieinenetefeinddaslnnedeworrwenmenfelninreckufnernhiessenarrbeitmehethendrrzehedianretlinew
NUL 195 score=-13.3858 var=V1 dir=0 etaferensahwhiturkasidshwrisozielreiesanemdceendfeundbdznahnntnatwosowmfmrrnnzefselsendnunerweenlitondneneswetunerghrbitiishhinngielineunrfrurteenorideeekgeirernwecieinr
NUL 196 score=-13.2021 var=V1 dir=0 zfgeleesesarietindnindrnrchrnehewtwrtdurfcskoneesidirnddnendinerztiwwurinemmnterataffuerieeeroeeinoreilnehihnnihngealtnerewheeetzkgnsndsiersbannsorinalonmenbuwhuusesiefw
NUL 197 score=-13.0004 var=V1 dir=1 ereueseonahsmeeliaoiisiegrinhrduerwrimizherthersakdesssieentenbeerfzeuheinfnunrnftcfneifstesienditlerhunekrunwodeodoclrendtrinnenwzlnwagndnahennwernwagiberinsnittwndeemr
NUL 198 score=-12.8905 var=V1 dir=1 tgedaiznufnchihnhatureiewemtodszerninsinsieortrekrdidertflsuninekonlennncmsaleehrianwesgerineeasieebeineofegdrdseerdnurmerntruhneseiwftworwhrtnaleenezwinunbefesnidrhnniw
NUL 199 score=-13.3190 var=V1 dir=0 safrernianicneauasunheumisefmehlehewelendigtrrwenndouwenensthuferstdeennfrnreisnihgotierdeennzscdtwtnerkrekerznmbnniwareitnigfhondendnezenderlairoeiieorieesurwlsisbwhtin
