NUL 0 score=-13.0214 var=V1 dir=1 slhlunhentneisecugeiwtanhelenhlearctnwnuhnlinnsniewcrlwfesitehneffannneselwhgezaufdiwelseaismgennnriinflipsderlednimmistialsdrentsinrederenetlrserduismenerntgleinnruhohn
NUL 1 score=-13.0660 var=V1 dir=0 gmenisennefcnhldneirfnshiererheletwadgzsielohiuerleerteiesdwftnplausssesdahlhinensuiieursinnflnhinnlanrhenerltselirferwuncidanweinntemtwigwilnesganendnrnmlecntmenlensuth
NUL 2 score=-13.1860 var=V1 dir=0 rtehnunminghiesinhalseehhelninenerntwswenatunlenelnsieldedensletteenerwnnsizsachunfhnieriseumwmicnetmnlgeinigereitfeldnlslungerldradncssiionersannfwpfwstilriarnhdheferlu
NUL 3 score=-13.0040 var=V1 dir=0 lnnihertirristsrwsnneitmurgegirglnehihnrawtnerieendeldheisflrsuchlehmluesieeritnunftsdshtachdhleennstolnwsgempalleineennieldalwennsunszwlnennfmufenwneeeinaiscnnieanfreid
NUL 4 score=-13.2053 var=V1 dir=0 pcnnenegetzclerltwrfnnlemeirientlieerghesdanmennrielewiafnisthwnhshmtwesrissserdeheltinennihminlnnntneienedledhnausenwlsnrgwdlnahseifeinfluensileidorthrgrusalaueununsfic
NUL 5 score=-13.0078 var=V1 dir=0 sahseewehesrehtzechwilsenuglaunhhiemoelidslntdessinlsdwndennisurteinirneetusienanenssgelerenndwerdnicnlinwurflnwlcnrtmhlenehuleinrftansengmpfrifieathmrnaltilfrenenineing
NUL 6 score=-13.0177 var=V1 dir=0 lenenepeerlinenugtaeicwirenngdruensoltieundewinereshhlnlistihrshnncsmsileimsfrnaltlnungefnenwslrdmehucheirdassseerdinirunftlneinlasiwengtnnsenlafzhwtdtrielnefenweihemanh
NUL 7 score=-13.6139 var=V1 dir=1 nenfrnwsshastrgdfermalndfcpnimtdinceedetwirgtfllesnlcessnegensriinneunslnwerertfnlisleelseieineueiewaleunimlwhhwlnemntouhglihhtihrnnnlnnnsterndasihnezueineresurdeaiaihne
NUL 8 score=-13.3620 var=V1 dir=0 isenalnenanureinnfewsshenieseutisetclefruieseninnonnunigreintddhlsnemhltishhgnndtmrmildsihreniccmlenalsagswgedezrnwahrseldrenwireinennttrfplnelnluentfelhrhsfweieienlaeuw
NUL 9 score=-13.7634 var=V1 dir=0 tfwnnpelnhelsenntsemlemelleeieeiaiiueeithioszcdstlgnssielhglfeinwrwgeluwrfuruchieinneareinserrnenntennhimtnamnrfnnhnirrlhdnwsleirinhientereahasnaluwsfungdenddstessdlnnec
NUL 10 score=-13.2978 var=V1 dir=1 whwannehrerfseisdfnismensttnisinlledeannisehensltteunsnnilmlugerninwueneeiwzcogisnenrfrnletrdswlennceitrantnrrmienieadhtusehlinihreicweelenersaleinsphhgemandufullglfdneh
NUL 11 score=-13.1308 var=V1 dir=0 aallugeeinemezrctagtriscdtelderneluehtenhlsernnsfrnntminfuiwhinntegieinnsthofenresenunfnisadlsrrmitellalwuhlenhehrufenweswinennwnimciegaehenneepisndrdnisenwellsnisshidlr
NUL 12 score=-13.3321 var=V1 dir=0 luliergeareeinliwendnntmwnueneseitdhfdfanueinecosieternnedinenchelesmtrehihreistnaepfiwaserezunishillinnstwfnnenhutsahllldllwliegesrnenrsufnihcwrialsdnnmnhstgergesrenmnn
NUL 13 score=-13.2141 var=V1 dir=1 liflefzuinelndealwetacrnunatauntennwltsahnrlwlurhndwenimrswigridsewissirrerocnecdusieslftunsehtfllgergnhteemerinnlennrnenhsindnfnsieilenhihniesnihlegehnetesmindmeeeanspe
NUL 14 score=-13.5489 var=V1 dir=0 iftadarittesneeawwlahegrenearfenslhinenwnmehnuumleengrephenennsntmhingdirangsdliteiluisrininnsneschslsnwitdhneifeteriznrccmlsstinsdelfhirsledunlenneeehwllleirunerweufnon
NUL 15 score=-12.8954 var=V1 dir=1 rguldwznsiscinehtdernlnftlinnenriinscnmwptweneleftannlldasieungargameleitlehiliemneshelfersteihlilewhndtenegreseseilisnennsnnhenmfcenfrurdaenwasunnrsuhheureinsoreitnhwdi
NUL 16 score=-12.9236 var=V1 dir=0 nthulwenesenzemenumaelthilftlinenngehtdunihensrildccrerisausseggewslteimnninhinsairnswuhhennsenntndarrtdeneaesfenwilerclsfelndiremeinetilielsahewirurlnesonhniefrfgnndplw
NUL 17 score=-13.1835 var=V1 dir=0 uwissenseirdeilnlrmrcernenaeinfiwedcmgeindheennsfnehenaeiniianmensstregnunthntnigeneetiillehrhallnsonupgentnerfsmshnenalltidldurfnwiisletlinwhwueterrenelefzwusrndasschhl
NUL 18 score=-13.1398 var=V1 dir=0 igienufiheriungehrscenidwsrungleenanstendfeheldielawncfensennilissilzanceelwrntellesrwirlursenlehnfettnporseinmallnstehhernninmtfwrneneihdnmmtawgeehinsnlsurdannuthidesie
NUL 19 score=-13.0958 var=V1 dir=0 ratrceenlreesmellesifdenheeundetdasiehrstswrhhesnengnpflhlslduntgswilhnadirinheftrtunnenwidhfnanensgeswneiirnuralninitinelerinweheinmeeiwasienzncorutilllenunselengmmfsnc
NUL 20 score=-13.2471 var=V1 dir=1 ngnurdrannwertluhiiulhnfrizgesteaedesedemwlegtnstfreshinientefoinllreinenlinnlfntrinentminsesndnhallsensiehnipchersneimenwlinsheelscaesnwutfwrmelcenausluneinadhgeerirdhw
NUL 21 score=-12.6971 var=V1 dir=1 nsmelsrrlhaesghmstunennelienunweiideneerfenntineclncrafdersizdennhauchtintllswennensrunewigwhfwwrteeinohltigartrifnheienninereilededehmusalnsdhlsusnmelflnineptaesrsingil
NUL 22 score=-13.4192 var=V1 dir=0 ptdimgnncrwiemnrnesnngsmesdeussdewelltwueutufnafeiniictnlendirnrenglowinhetahsgernunhernunlaslnhrfcesennwelhrlinhlleriftdesenesdmiraaiilnziieleisenstrlhsenhefateinewennh
NUL 23 score=-13.0439 var=V1 dir=1 iagunewiereseleseindeinnefzhwsdorcuendtsnnlcnleitriuntriniliessfrianmehwnensahregentlasengmpenhemnenuehllhingistnureadleewlwenntfrrsllneflennhutihrwesitansdirdsimnhcenlf
NUL 24 score=-13.1982 var=V1 dir=1 gwwucffteddiarhctosennnendgeichtuidwedrzenehewillsglhhereseslrinnenmurimlpiieenenisiralentannlwnssrednfhlnenweienlrlganenhhrstafhninneisuletminneueenserleturnasinmltsisf
NUL 25 score=-13.2778 var=V1 dir=0 emlaiasranurellenleshnnehllunswsuftheawisoedeccweirrgfgdeniedeenssiennehmwhrhennfeihrttcsliinininndieinurnurplrsinenraneiendiehealltswnteninfullenzlgndrsghstenwmmfteetsn
NUL 26 score=-13.2521 var=V1 dir=0 nstetelhilnefecnhnsprsreinsielwedaurnhwnuwertllnfleislehelmtmssnedolelfengehrlrfcineiriiamistdenrhehauldieesureanteneumannnufnwhnensteeindtniscngrlzingsndsnierahinwgenwi
NUL 27 score=-13.5615 var=V1 dir=1 hlderiswogcdinherneenlessnerfalsnpenflwelmwtdunaninncurgluneieeneueiineshamseinwieehsihencmftnnigalsinsthnimnzlhlrhtnetredenefrwasnnlenstrlrlsnufwteihngieeenlusetdiairrd
NUL 28 score=-12.9873 var=V1 dir=0 lrohgutuanfissienweiwaudenechelesineenesehnmlleimnielnntwrgdutrntgeldetensinnwnfcrmnntisllenndeinesfizlsnisfahrehassirimnhfrddterersaiheineinnuecgpwlstanreulehenwelnrnhl
NUL 29 score=-13.0694 var=V1 dir=1 peirdnchwirtsemgwwnnhfcwnuiesieehleenttsanuwinnosaminhiellerlegeenurdinnnieensalrrnrittnfleruduellwlhgerthenishseidgssnauslieecheernenznslrdlfttmelafenissfannmininendenh
NUL 30 score=-13.0856 var=V1 dir=0 whlfentenhinemwdslnninaheluteneleneheargimlunsonrsnrnceneltrrheinnigdeeilnurinfnizlaishieninerrmedawisffhuligsfngspwecheteimindcrentdwntelltslnalenwnseherstdesnurseiesua
NUL 31 score=-13.5352 var=V1 dir=1 dfutehilsehisindfelltehnedeftmonnniehulrsnrtgrutsiwienwsgnrslndiweirgdehnehnleneacaeeieehrenenhlannmitigsenleawlfidcurlnrussnenzsisennsenfemwucaprrenlanewerhinlinnltmits
NUL 32 score=-13.1962 var=V1 dir=1 nrsrunimhrwhnrnnitldirntuhohlhewasnlrnennelechndignmifasrhedergeldeinwilchenzdnftwsnntinsnaenefentieshaltuuwengesumetallillesesirmnenledfasiwiriteesenlfreuenigescieennps
NUL 33 score=-12.9921 var=V1 dir=0 ilsunwdsntrnninheinempudwehesselheinnehmtmettetternrztenlennarihsiclndnociercisfefnugienresrennnanfiideffwlenllrhdhnlsdmusaalwieallieieighenergaresstsngwennennurliuhselw
NUL 34 score=-13.2022 var=V1 dir=1 ncleewemnennfafeihnsielegondasnihcaullfannesgmrnrwunneuseitticerfliwhrnmfnheetsregndehielimritelusdusprdlahinalseunlehtwenensiswirligstsdenewhnltneintinenheerinnslrernzd
NUL 35 score=-13.1490 var=V1 dir=0 ntwrhnunsehtwdnimessgenflnnernalhwuslngarwetddortfdstihnesdielllenusgshtwisshneerteihnenlnureinnrlifamienneacgfihimeineineillnemcretcefrnuepieesseleunlindzwerninsraanhel
NUL 36 score=-13.2255 var=V1 dir=0 nwlpnstendegelsniecendnenelotmlsrnnligtisrdmrleihinamenhelnlgunhfranetearihreingzedultdnntwusunseineenwulnrdauhnesreienhieallerereiiswehscfemianlnsstwericnhfnwneihstffis
NUL 37 score=-13.0781 var=V1 dir=1 rleuerrinnwwnslfhulenenmnsfranhniefhmpliudiniesdwegneinestmeinnusezwildieserselanseensnenrtuhrloseifrllsaalhwcnclerddigmiiafahitigtnehehhlneneergssdertinltuntenentennncw
NUL 38 score=-12.8815 var=V1 dir=1 rhmicgwnftenslndnisiltheealsreiinidehinmenresrhehesiegapnlsfnwomlenerteufmneesactleislnnurruhlerninhlnitngerwirwenieflieldnnsgesteneesneschnetfnzenauallitinddndnuruhsaww
NUL 39 score=-13.2864 var=V1 dir=0 cturweenmengutlehlnerilhereiliadwgeltilrfsewmneenfnllnnntssnhinipslonsnwndhhnderhhdaeleinlustelnundfrschinieehurfrdszasweiaremstaswmitgelinennereeingeincfainsurienstenne
NUL 40 score=-13.4591 var=V1 dir=1 tpwndchwiennrinwmutlwrsigerlehmiaminntricnntassesrrelesnhnenflimenweginneierteznflsredeglerncnfnleltrallfeannnellsdhlgsnenuietunnhasfehhundehsteiuiuwideassieheniiornedes
NUL 41 score=-13.1093 var=V1 dir=0 rlerilenwrelsnunshieaeratthefwphmnclternetingmeisgtendganezutlhdrerutuhheessetfsfenhinencnwsnedirurmgwnnininneeichllinndenwarfensmirninliaeeliedhiellonsenausdswfnlenissl
NUL 42 score=-13.2149 var=V1 dir=0 elwsrnlwlirlienunndswgsllehrletnnrhiednunniihenronsiehariricaanwalnlendetutssderfsnwlergefrinihtneugmeiannsienluchsmenpeinwenndefhsitgemenfsehtcfzitalmelndreeinutessehen
NUL 43 score=-13.3507 var=V1 dir=1 nmsnrhtesihnnsschranidieurereciewioretunetgnshannreleftsnehentfenfllsmngnnrneninwarheiwstnuldestefdwendleiheleeigensepinrlinalgzmwlinsencduwllandneuehilistieerfirauhslnm
NUL 44 score=-13.4740 var=V1 dir=0 winshillesnrnenmihnnlglhshzenamlreiieadenfeslechnctirrlsnwnrnnunlwnosstsliefrieapnaeeasunhinurerdeielheuiwniiundnteenteilwrnnfdsgmcdfestegerettendenntwafgesmillehnihresu
NUL 45 score=-13.2113 var=V1 dir=1 lniriosinatzeneustprhweifwedhehrenanlilnanramenturnesdgwflhntudesisingihntimusssieeuenddhmerlinenrchsinseiernhwecnetermnllehflwennfresidenlersgliefnneucniawensltatnlengl
NUL 46 score=-12.9693 var=V1 dir=0 rilacetzindseldnesenschhhanuentiteninfledwidaelerslinnngweneteileninorgntanssfnnlhpihnenrenwirhensellwulftiumrnscernlnrsfimsminsfurunenrugilwahadeehedirsewesetlehneeitgm
NUL 47 score=-13.3174 var=V1 dir=0 wchwrmnhsiestiegernclplhnstunerlennenssungnergreinenenneleendaufdrhledmsiehnasrintweilsoninlsstidfentfdienrtetairaeregnawhnisfsimednmnlerllihhnhweinfeituinaleleuuescnlzw
NUL 48 score=-13.1634 var=V1 dir=1 nserinenntllnhtorsfhinnearflennessirfeseschwgnsunendiefelleuilienenetmnglncrgruriangseiswienphnmcntnldinuersidhutsindihnweiteiesnelehfidmrdwtrewnaerstamlallehwuhenlenzea
NUL 49 score=-13.1198 var=V1 dir=0 ullglisiessigwendanunteeindhohnentlehnieuurlsseleeeleefsnrntimrehtiihrenaunenaslfehnsweclnrettnleermirediesandfwgptehhinffnrsneandnunnnanserngcreilwwhlsmimindlintezcswri
NUL 50 score=-13.1016 var=V1 dir=1 lsnimrerhienneneissedfwmedeefiswirgunnihnlehreteossalrnaeuresllgehingehnitiduthtnehnnnunrtripnlnimnctrlinundahcfsenwantlilcnissesnenwennmalenearisereilsltzufewlwgddehfee
NUL 51 score=-13.0773 var=V1 dir=1 nsnenameilienerstruislnwiftseishrmcnelsaueswnegeanansegfierrnintincrlenhineenellzdftinnedahpignewldolunsinenrafelehellesewehiedrlemmicnhtuhnfrundusstwiernhdlngrhittennws
NUL 52 score=-13.2630 var=V1 dir=0 leineglehetinlumtmhlhdleseuueefdensinetrennmrlphsninhierrfawdhwthwwieunilisenzalleangenrtninristnswnsdrlreenseinnassannneedfeloneuftehndesrussichirmalfrgclwiceienngeintn
NUL 53 score=-13.2801 var=V1 dir=1 mdnrnrdssuhnhrarlinsggrwnesnddinsengtunsenutehenwieselhealseeunfenncrclriwumdieanlcneigerslwieestafisinineinanmziemlensfieltentneinfiesatortenrfihhhlluntplenedelewlhrhnw
NUL 54 score=-13.2826 var=V1 dir=0 hwsieesinnnahrtwniplinnrrtiezeishhnnedeusleenunsanwertelasswrehineieinsstimnwruiucltueimirfdemhsnurherrdeldenclfineegandallelsflenwngnmdnfthnoigngneseselfnhellcnneittera
NUL 55 score=-13.1354 var=V1 dir=0 fewnnpiundenundinflrnnrcslgfrngerniuweniimitlndsishanershelefldenttnrsichedesarmznheihngeeohanithameeweseilgetwinnndiseunefnrlasunsehlselhiwentsieneallerlwecturrltnenmis
NUL 56 score=-13.1427 var=V1 dir=1 nnteenmeuelenlnsleslealindanwenlenentrniniemitsitrinieleendurchrieiwicgnleiufafunihpaimelichtsagohnernledrnresestsingehrreshndgfdnmnsfennwwfranruhlesetztniwsswheludhslne
NUL 57 score=-13.3970 var=V1 dir=1 nwweeireimpiorieesuntetfcaflnrwerengisnlnieihreluwuhlminemheinshheldureinsmsarlenhlwnnstaalegtdennenusienleitdnfnewnsinfsnnelsdaugnerzsiefdichnnnealnhhsleertsgidtrernltc
NUL 58 score=-13.2208 var=V1 dir=1 hgdstenureisasnennsellnenflzchnwerlrdenestfrinninsliltdnwelielwoniiunenfritermlnwdhntnsfnehigsusnuteindeseiauteetinienichegferepharergneesnehhmmidcaswiwelrallauennslrnhm
NUL 59 score=-13.0468 var=V1 dir=0 cdriesreiasgwchinwzelngereffneennmanheltnurisrfencnlsdueinennwesletesinwilheehntwarsinstelmlrphauahgwunsstereftigoemnhdieeurieddiellenrimlnnsfnlhirseennntnsnihutdealinnl
NUL 60 score=-12.8754 var=V1 dir=0 afensonschedasanfenlreellweunlutmnnwielnnncldrsneinhipllsnglcunteeseeleinzhieihtmnnlindalumsnneinrennwerdinnnusrrgshfmtteishulffwtedwirgesieraiehneiteregesahindsterwerih
NUL 61 score=-13.1429 var=V1 dir=0 lnurmrncnegenaegeeeleteueueinefinudtmwarnstamillhltshsinernnimegeleheslnwehnlisinristdinnedananheeintrepenisistenfslwcdzanohlsendwirslgwnreilhelcnfuhrnsnshwirutnendefifr
NUL 62 score=-13.2475 var=V1 dir=1 snenltplrsimhrewllemnalsulnnwendleclnuninrousenguresaatneitilewehrnendseureasninahgwfisfdsieemeinuiineeingssmnwrhadenntenntecrldedehnntrnenfhichzereliswerefhfhlitilgtisn
NUL 63 score=-13.2711 var=V1 dir=0 dnhwsgrnlhzwewldcirrnetlarinnucteelsieslrelinnsareielnnmalensehneanlnemdrurfndetssifinminreitaennsufgcilweihhgrrumtohinwenstgennflieseeneneinaefhelddespstehultinenwunshi
NUL 64 score=-13.5822 var=V1 dir=1 isnewalsausinawiealfssehdunhnsissenruwitlnlnhnplnrenehlumwnrzeonleinswascrrndandtfrffgnmhegecielhuednnnedrftgegnehtneitsrelitinreiselitrheuetrenmewesleinnheildnieeninclm
NUL 65 score=-13.2099 var=V1 dir=1 hwhliehlendissefsedllehhllouieieintutrpcfniefdieeinansfreclwaswwgtennnugsuslmrlnzngenidwwthmsntennenhenneilerlmraurannnrninareissnateenhindsiteceildhfsierrterennslegenum
NUL 66 score=-13.2420 var=V1 dir=1 upmfwererinallritugeereuillneedsdnfenwhuensuswcarlliefhenitenemannowmnrnctindengeshlsennselihrrennsieewngtdastmenntiruhiennhillinsalnsswzhstilddeinhfinfenehesacerrigtnle
NUL 67 score=-12.8817 var=V1 dir=1 chnhssmwlnsingewegnzhulttfehimwldideereneindeenutesphanntnuirissaliergehlwssndeerernsalliiiannshenennnmunirnnnauensegewamurininricrlondetfreceltresteltflindinefwleheflsh
NUL 68 score=-13.1172 var=V1 dir=0 ewcwirhunselieregrietheniausichenulnfnungsinsnnlerwiltiesamtdhlsniersnenelenlihsmnmienegdehaldentioetellfnlndmennegnsawhfernauisiwissnrzenrsterneaffehrtenludrcidpwnthnle
NUL 69 score=-12.9908 var=V1 dir=1 nedenwtehntennmrinrielwenisihnhdnseieiremenisfigweutssenlnrrligseilsahnecwissledonernpugnefinnhedentnhlrthelemflederauflinnaumhcwhnarntenslatzineselinlucwtdralunisfesgre
NUL 70 score=-13.0621 var=V1 dir=0 udeiddhunatonseriaiplidfdnwnllihnannerenunstlniemezwlwinlisinahrlfhwinnihnienefllngelslenwestnahnercesttgsstneissliefeheeremlumemngssredneturgnenhasewefncniuhrrineerretc
NUL 71 score=-13.0555 var=V1 dir=0 nnnertehenrfllsdesiirllnindenweisisunahtwilfcrhlennfendholtmellsehlantnruiwscmpiuthnasiegardwafhwinheimginifiuteseltunseinneerseineereensctnwrrennzglenndgeusnelehanmresd
NUL 72 score=-13.5942 var=V1 dir=0 hcnsrnimehlwentisagneweieenzlistsehtdeshiuaseilittegidenanerunslelullifnwnhisenuswirfirrueentseinglicihnnicnrweltefadelenurenhsedlmehfteoelmenamesnsahrnrdprnngwdnnnrflnn
NUL 73 score=-13.2248 var=V1 dir=0 ufferceisnnstalhanwenfllilenzeseincainenerdenweltnhcmeueluhareimfertssininedilfssulhreluststindsannegliuteeseelitameownhpnhinmhindentnieegsgrwrdhnlinnnenewngwdrserrlinhr
NUL 74 score=-13.0305 var=V1 dir=0 elrentinedrgsehgulendmhnenntereeuniernnsleleshrwfeeianimschwefandeswichentenntrerellnaallsntfiuuisseimitdinninnrhmahfrdnuwciirgetelenrnselwpnlahnszeihendeswfslgnilositun
NUL 75 score=-13.1696 var=V1 dir=0 relemgsncnningrcieirrlanennddwrlwdfrleinthuoinneensriesfurneannweisgehimiesinseneltuntatannseinsetrwzdagefartendimfwphstellheinseshlnrehlsehtlhemwfnncuseiluueiliehnnedln
NUL 76 score=-13.5790 var=V1 dir=0 ftndderenselltpnnhccehnuchmnihnelufteoerrnherglmnfnlsnsserenemraufmetwteesssenrigelndlattegalieneeaihiieehinwuuwreeweidsiinszhnslahinnnsrsenndslunflendingeirariniiwlnlwt
NUL 77 score=-13.5445 var=V1 dir=0 shnsderrnnrnnehtiaalenalteneterucetwuremhiessillllefneeslnneiseerwnsnhneuwdinemhmendinihnwennsntsgfinnurdrrfdssihngfheartheaeiweglielzenunoltnumdefiernlcpiiglswiletasinc
NUL 78 score=-13.0720 var=V1 dir=0 ngwtflhnlinhunenmeliranndieeielstwhephinnsmhnuregnlndeinersirnedunwaclefruhneanieenleinnmcdesdieontenluihanusdieltgffrinstlwrcwfsehteignnterstlzesiersehwarslermesnlsnaie
NUL 79 score=-13.3066 var=V1 dir=1 gwellaunedeainiefenfraluiswcnlrlfunhinnunngnerchewiesentmdhiinentlwhlenistzeiefrallerenhprnsnlnsermdannshieseusgiedslestlthtgshnnmisehuedrnonwnneerimiacirferindletseentw
NUL 80 score=-12.9144 var=V1 dir=1 wealetliclhdnsergerrtdrhlrenmalsnsistfnehunenumwenereeelnarlininenenstwwlhwnfinzetesnhsgreigineehnulninineunfmungcesedeineileepinwaraufdinhhdfnrstamselisnintsolcdliesthr
NUL 81 score=-13.0694 var=V1 dir=0 snffenhnnanenweedencencenleihmwenniwlrdhrititsahhsdrehenetzueeilnleutnfurusutlntisihrsogengtmilleileserirrncnfenetelswiennsempindnesweharialinardgnswngdullemnelfahinsirs
NUL 82 score=-13.0587 var=V1 dir=1 ternsneiclagtsteehrenrinwisenistnennphddisihethinsfunfliehemsieemtwilengmfwsnfthtwcenznnnhudnennsleirgldamlessiruhleeroledunaredeannnensnglrrrsilnwulleileihwauenreinefac
NUL 83 score=-13.0604 var=V1 dir=1 neeptgwsnegeerinmitulreidreilsweieirneselnrieasieennlancelhwitesendhnnrltlnhanzengnhateurhimnfndinturshresrenfensenachfmwlgnlwefsilstdassnilfortinduinheilnwuchenndulesme
NUL 84 score=-13.0839 var=V1 dir=0 ilungrlstehntinlueeinsslerleirdnwahrsaiwmeenneitenehinacmfinnenichnissfenrallgersprwiedlumwsesmuncgldsnennentulnhnsnueeeehineentrrnefffitrdnheleszwietradwiehloinnsgltdha
NUL 85 score=-13.1842 var=V1 dir=0 luttihennunerccwleeleltlrrendannrehzlllaendiesnhutigetsngwwnrsregsinneteeiodistwirnmihnanannindisunhpalernhngensterdmesehraehelneifmindemnfwirleneselcssewuffihfsunienlis
NUL 86 score=-13.4723 var=V1 dir=0 fsclnsseinsmnnslestwnntnwitdandnwmlcngfnfdtptumentilenichirlresiaswehierniflhnewesahallnhazensnnlhnurtldehielhelherurggsnweenneenseitrnmiringenieureudielodrieiefesearune
NUL 87 score=-13.0702 var=V1 dir=1 wgnhgrsrohnhertunleesninflsenhwilfedenranswiehwiernihtdierselasdinhnudunansgltlnlieanrestnirmeuwnfretzeleciefswienasrnefliehuneprnesngiildencmmlchselltuidennetsetemannin
NUL 88 score=-13.2781 var=V1 dir=0 cnlettenneendsaseilerentmrienewmalwmgefunslwnengerninnsthiintsfrrzungsalehnnislernehfnhlinrelpdcirfieterwseiuhiedelswucsehdaaelnswieideilriheniugtheundnenhannortnfmllssn
NUL 89 score=-12.7715 var=V1 dir=1 wurzeiersdhemlirnunotidisallsstilgtmdncenheisenraheanfefehresspitigeitsindeinwuntentthesewwrhhgnnlinllenerdhinesefsmnnenefrindereallrwunsnuchwignllrfceennneeanumlanlsnie
NUL 90 score=-13.1659 var=V1 dir=1 sstennlegcenahrestnifntidumienienennnnrwoeialltwitwennwandhiefassteeelauenewesenfrirsmermmrifiehtspehduanldindnelunnisrnhnwinsinzcclllrnhrehhlusgelderlesfhielgnginseteru
NUL 91 score=-13.1908 var=V1 dir=1 ssridnandlunhnnihnutpelsinngicgzineittehenellnrautolsselealdhmtrrdiwgleeerlernlsinenwenimfifdawesedrannshemewieelshnwateinufseunwignchithnhrnenemrtreinnnfesfesunesellrci
NUL 92 score=-13.1412 var=V1 dir=0 elheldtlwpasansnwsfwddnnsinntelndstmhiffetieziniiinemseifinganiesflinlerwecnerwennenrsseuluiinntgarhendeuehmernselehselolunchnarhrnetherdeeihellrnnuarmntgrenusinsltewigc
NUL 93 score=-13.2946 var=V1 dir=1 inwoligregennenneelesdaefcthlrenhnnmrnhundneseiehdcndturieinisdemecilaslrlnfrensneiehanimeafrsetwildusnuswegtitntellzihtswfhhmgeeswirsusennerewinlrplelnanihnuranletsnfni
NUL 94 score=-13.1230 var=V1 dir=1 liliehfseiecertnehanwwdicdsmduntennlioneiieeinalieersaanteinunrnureersndnutesernistedaihllshemflelsseimhfihrfhhfnsallentszwenrunngensecundingiernlpngwmlwtlsrwngenennther
NUL 95 score=-13.1316 var=V1 dir=1 aeunrfilrlagiltnrwaseenferselfwwnietetaninienemsufamelnennwasssirnnnherztehtennmigeeindruncselenwereechldnnisflgichlerndithinhwhnglemisnsnnrdirdusleuspothennithiedeluesl
NUL 96 score=-13.7478 var=V1 dir=1 ltmtnlflsenntwinatwuihrfanessniguhmenhinnsnnzelncnrfheseeureiwuweripsihrewiintleacssenoernemhgtdiuremelefendieasnlrenclneatneitlirfahdisssglennhedugiendneheswirdnernllnl
NUL 97 score=-13.1960 var=V1 dir=0 usdaeilereilrfasinnwedninansirnstalssegeenulmnnntheurlfrwtnrtsnuellscchfiellniedwetpehnesntinernwlnneremhnwusstwedgunfdnenfedilsehihnthirhieeirgarhinamliceezelgneimensno
NUL 98 score=-13.1851 var=V1 dir=1 hrihimnluhltnegtmwieelleadetsinisrerrerigwsnsdiaffuhreanmuniseseinertenwtnfinlenwhlalseeftnloainenpulseisleeintuciwennannerhwdensznennhenemgtnlcnerirglersundhsncfddielsh
NUL 99 score=-13.3113 var=V1 dir=1 wuesdhgteanssensnenrcsmltrindterrnhfileennecnltsentlinlorunmalshceiiansimerinfwfrllrheenndlarweunteaureinteufennegwedifihiswinsinnllrdgiezehendnenllhsenhsseinehatiguwepm
NUL 100 score=-13.0127 var=V1 dir=1 ugeisehrlechiesnghilseitriennunpininfahihiofcnslrsnatlftsehnenlegenssihenwanmmwinndenlinumwenheenunsftedlannlwdadlcsngnellezesntdwnswitleauieirrrteuentenderehrerfrilserm
NUL 101 score=-13.2154 var=V1 dir=0 imhgefesdersehnlienwientwizlpditsdiernuhrteftidcwinnumnhnhilldagssathmiesmenewlnsnrnnslurnderglelisonntnelnswineeefachneaentlrahnnhusenfanenlenucirsieeilegtferlirnwurees
NUL 102 score=-13.5887 var=V1 dir=0 endeuneeorheericatlenswitenrrelnrrnsulgeiheifswlasiaensreistefhnindgrnfnnweltsiwzhunginernritendeifiniseeinshangnrhwwnclhhnntheedentmpnndeinesfscsisudllauleeletnumlllamm
NUL 103 score=-13.1023 var=V1 dir=0 nparrstdowrlsstlegrhheitwnsuandhetlrlllicnlmittelnenittandndheunendelnngnsnerfangelheczinlnmeimswenirnnumrwgewsiehinledusffhfurneriheseifswelniennneueiaineiensereichesas
NUL 104 score=-13.3944 var=V1 dir=1 hueoesiedeausselleeregrhzihrnenpdhslnltrnwmglalrnermanwteeniifmitieudwildfesfatinwehsfnnsntterllhnhanhnmigsenineweilninnurdenwuliesniecndharennsentssigesnenreicltlcfeurn
NUL 105 score=-13.4651 var=V1 dir=1 nnwidersmismelnnuitpidlllhenfiremhalschnrnelnsunnnechsenewiwhreunnwntsaecnleriemgrfdznnstnafroiunstrnlieerestliategenleedwhglaneheithdueiltfahglesiedernefnenweiinisunssr
NUL 106 score=-13.0050 var=V1 dir=0 hwlflmehiertendnentdernfinhsesieseiihenunlnllwlwtehtmennanelzsnaeseiseureserirechredlichtrterngigfairgesnntfphlsnlennlndniemenwuicwrerfeintdushningasweusomallennnsdaunii
NUL 107 score=-13.1545 var=V1 dir=1 csmdwtindnelanwlinntwlllewiiaerherunihnthsluznhlereinnihrnddeenfenletrungfesfcronrernnennaldgehtteeaucillsshelessefrpgnwissenehiisluesemhiagnmenfisentirineanuntrdesnimew
NUL 108 score=-13.0688 var=V1 dir=1 wenlausnfwilietnlwlitanllfuererneallwcdetdunsunetenddecstwennfendmhltlasfllnrigenesriiocheessinnruhrifehtswrihngenenrismsieehnieidiealrseenhrhaunginennzpmghsteinenremnns
NUL 109 score=-13.2798 var=V1 dir=1 snhlenssrfderhaseheimerzeeleinndtgwefohswncnnnntlilredihnransgiismendirteeitgatensinceindecilenrrwhmstsurleuetniwsinnlendinnentfallewahimlwhaueihnnfurungeflsreplesneelun
NUL 110 score=-13.0701 var=V1 dir=0 twunaschensteldanensninfugdhldernhdrewieinledeseurnwtwirneunwendhisamreisfilfsaiteeonituheseiztflemeneneallswglsuinmineespenglhnenerhnlinsrtinhrnrrnllilfctnienamgensrech
NUL 111 score=-13.2576 var=V1 dir=0 shieengdienuhrnnahtefidnhallhenanerfeswitdgerlrertwenshlwctimdesicfnnenwelseitsmntunssliegreinrinineeilesledeheanmutewpfnliuzrdlfnrglsliureiteaniscelnaunoernsmnsnhhnwenn
NUL 112 score=-13.1809 var=V1 dir=0 endiaselrnfwterfulshhieosseehrianzeimnirwieralenisltcciinnnngleglunilihminhieunehminetlitldnunrhdlsdernerunesannnceesgegnftfannnsnimensteeswenswafelderulnwerewlphestdhtr
NUL 113 score=-13.1923 var=V1 dir=0 shlansinnrindcssieewenenwiellrnciernessgllannenhmshrhenefarnuenelemnenerirdnnergfetituendiltiesisrnwhfglwittellecenderlrlphinfhmenseunsusuneiinihuzfwhgstdolaeintwamtaned
NUL 114 score=-13.0193 var=V1 dir=1 ismsdieiieriadhareinsisehlereiennrielurlehnadeswnwhturddflhnneufmemgenterlaielefelsenspendersnnicntgifnssistlinegccwnnnuterlauennenngwehnnariwthunmseltewihrztflnnensollh
NUL 115 score=-13.2941 var=V1 dir=1 pschtwennnilineuendesahfeinosehnlawirnliendeiderhellstilettlwfthnelaeusaeheneenunifistzuwierinlrslnmhcrdfdwhannwesllseuneehieftsgindninsnmenierrrnnerlirngmsanrsecggemtun
NUL 116 score=-13.2694 var=V1 dir=0 grrlineleteshnninnlfhrshanftuhseienleweirinnahenasnlichtmenrrintefuelnmnnweenfnerparclsulinnwenmsgwnratsdtlhiltmutsdwgogelfunreileseesaiheweinihrideessicldunendeediesnzn
NUL 117 score=-13.1455 var=V1 dir=1 lslnnemwwnunseiemweihncrggehnnnealslitenclahlghesressenulndnewirseseserindsnrcnwnnnofrfpstenwlhtmenthafrdnalteeemenuizernunsinsgeehlartdieinhiftheilineniutderidiuieallfr
NUL 118 score=-12.9062 var=V1 dir=0 slrenninnehirmilhtcftindituhrnensawienwefelswehennennzetsdsrweisemfencfstammlrhnunnernlapifistenheulsgngeeiarlinulluhnliaarsieieoniderugsentnrgnnehrechlestendeindellswdw
NUL 119 score=-13.3097 var=V1 dir=0 dlendinsfeunlereigimmassamaneeieneihnntnsglulderenhnlerssfghltrenleteuldeindfenshurntnllnlannrehthnswnwwtcisrnhinrinninazewenpturasinsehemhicwgewesedunsfreloefielieicitr
NUL 120 score=-13.0857 var=V1 dir=0 cntensieiienlfezsnfdsmlischegsgsmeninrauesiefenraeniswennnagmrniehnlglnpwhlendwnlhrehlfunltsanahnsrrthelennhindsindcmreindeitertetswifeinureertensurllueninwehautelidewol
NUL 121 score=-13.2563 var=V1 dir=1 mewsminnininselnzintlinonigicdhsieelfnrhnuludihndhffeneisstelweeansernsdplnirreeiteuneallalsegtreninsgesdnfaligwuttneresantuelhehumehwerwnsteleinnsehhnrlrncnerderwnmfica
NUL 122 score=-13.0728 var=V1 dir=1 fselelundetdenhiesilngdennerdueheelegmenttcgneltwenforiwrshensresinieshhnaestehsanistisunrfisfilwlwlrunlmwilsnnisihrngaundeiiueifatanzelnpherhalltennerdenwnnincennmemcrr
NUL 123 score=-12.9958 var=V1 dir=0 hiwendinnnewiewilfinnatmirmseiugtiaminalminenlrftdawehleiclnfenlalselhhsenestrinlehnenotstnennsgsdehlenfeeuehegelnuthelwirgsdurdiriwntannzurrnpfreehecrdseninnserlsucsnse
NUL 124 score=-13.2037 var=V1 dir=1 gwisenslerrnnulnistucleflensoweimereteirwuntnemfzinanrlngeneehnfhnlannngdnsitdimserindallurresnnelfeistmnresleselasenisiewndwhfccneinhhauhlnwasdierugiheheeihtentieltdnpr
NUL 125 score=-13.3798 var=V1 dir=0 ruiuliuieralenginnfircnnichndigndodgerzslshrhnelnihreleemtsnesasilthemaenhienneweseirldaslesiluntnwereffenftinchsnulnettrlmgfiwnwennnemhindinanneesslwhrlarseeutwedeestpn
NUL 126 score=-13.0384 var=V1 dir=0 hritlamlnlasetuielwirltiingsnnhemidunihweidenlssfsennfhalpeeweeserslerallstheldengessengrdiianiazwetenunstrnenderrdimwieewgrenehucfsneurenienuchlicnfhntstflninnnonnrenmh
NUL 127 score=-13.0492 var=V1 dir=0 muefuntewienahheulenseleurecagfennhensglsmflnstdiimrantepriisironderdnwilhltmaetwauiernnesrunfswgehillnriswennennddstenlcrenhinienicelnnesitgrinzwenefelhehntsresiallnhsd
NUL 128 score=-13.5909 var=V1 dir=1 tuirdmdssrnwaflnundgesenehienflrhfeuleennllanneinnhrresesageefeonstwwirnihnieenstnctzrliannsemgrthiehsludrlcmiguunnnstinmnwirdrieinenltnechselwitheehaaiwiefseselldeelpnn
NUL 129 score=-13.1873 var=V1 dir=1 ndelrhiihnenwedseimrndhundittscheifurneinepfrllgarsieenwiorinfrftunuisfuniszienmelwenttelseellnelgltnsnauthrnawhnnnndeseehcesieseremnaltsgieimrhnnldwenilnawhersslegennac
NUL 130 score=-13.8693 var=V1 dir=0 eailslluaiirrauteteeeieremhndorwnnznrnheinmutshctnsanicgdirwiueiesssesfhinungdentrclienswellsstdinnnlsrhgrwwdennilleseehengthwfpeflahfheenensnennnnlindielnrlaeemriftemun
NUL 131 score=-13.2615 var=V1 dir=0 lnwettliesisdrnunfnlntlewgchgfgruimsiemntweiehrisearnerinzierleeshanmemlnshungdfwosnewelurtenehteinlwieineninsnfreaeudehhcheaplniennulndenissainnaltedensclfrsierrnsnhtld
NUL 132 score=-13.5244 var=V1 dir=1 cfhugtfulemlehtennsnnennhdulehndemtlsspeieiraftiimtenlssenndrinflhwuanseinrewirsusnsghrwindenndwtelnrcetizoeaniseuesinnnglereernhhelinarlathgindecfneimielwneswienalserrl
NUL 133 score=-13.2241 var=V1 dir=1 dungeirselalidnlienefterwelgeeleceeliumancnhsmzisregtfrinnenfeinstnisllttronadiermerruwlwehenepteclusmiwehttannhnfanndinesenhnefrdisnaillusinidhnhsserinhlgenserewwnhnsun
NUL 134 score=-13.0994 var=V1 dir=0 lenteteternennilltlssurgnleldhitfunsenndieschsfinshenurtwennimlsdetagindelnzauwiesiuinrlnwislnnnschanhhwfpswfeeerenehanisiehiereniegmlnfrnrcrrgareimdeeesoanneilulemndhtw
NUL 135 score=-13.1869 var=V1 dir=1 mreiflstatlnstitnnsingierfletterrsnihenleddwenilaneefurwinedinenrenronlnselhssenlerszuhnlhewasechesnrladsushuneihflmeniegwnieilenehrtawiuesennannnimmdfelngccngtwipuihred
NUL 136 score=-13.2099 var=V1 dir=1 gumnilpfcncnneninolnsurtmeeflugdhzlihderrwrmllcntsgllwstennenrenietewwwetirandwinsisigerffhnsieheuidensirshnmhasiesthaaeernheetudellinunnnestelnennfanerdehriensielealsin
NUL 137 score=-13.3784 var=V1 dir=0 selnohdhennerernenfihelefeiwelusehriemsgnstenigeanfnwgsnnurnenwhsinwutliiirdlintzumrlnheuehciicmenlugalenphfnsernenaseritirtecraltndatenmeiefherdelewnnlisslistsnanlnwsdd
NUL 138 score=-13.5068 var=V1 dir=1 ahereiiearigegnrnntsmnnnwhrfisendladelldeeittnseiwunrhsmeinnsoemsdinnidenseelsuiweieeigenuchwuliterffniliareusgzunanineneselflchelennwnplrstefwhlndnltersnrmtenstahnhcrhl
NUL 139 score=-13.0205 var=V1 dir=0 lreneltreisupentssendhhrdesmensemlcfnnwncwwndmngeasanfttslerihinreihinuneiehiunerzadmarchlieftnulhswfinredegenherninnsdigretginiesnfthinweensselelllienrelintlaunsowelanu
NUL 140 score=-13.1949 var=V1 dir=0 eswthsnmhlsnumwiwsieatlenfendianmaissllgdttelnlrrrwmuhinisztwircwfrlesresonenprsieredunsrlehnsindiefhernuahnaininflleesngeleitetughelnengeenneifdenhenccnealdeenninnturhi
NUL 141 score=-13.4040 var=V1 dir=1 ilduelintwenerunsnzapninnereiincmsensfrfrhfliserrnhwilldeanshwdirmncttemallinthginsrnserndleeuteealeserheculiheueneeinerntdileniseinssontsgnnutdfgwnhhseawhifwgelnemeannl
NUL 142 score=-12.7150 var=V1 dir=0 lhwfeuicmalfshenerhilhiettsosirgellirnlednenerdwslnllasrnsnenwentadieunserhnseldenindrcpnersunerstasundngnngelnheihinzuhftimachgeinieeessmtweitwareifellnwintmennreinfeun
NUL 143 score=-13.4660 var=V1 dir=1 nnnunerifollnselhinzalesreiheinntlcusinnmaleslrsiiddmmtsttatewerdseulfhelennrdiuntiniilraumfrgeseswenirschngwhnpnwngdnaseneelewirneudnahinieteefelnrwhhesfehercntglneisen
NUL 144 score=-13.3778 var=V1 dir=0 eirlneseunsundigmdsehfgsnhcnfiztweinrnhisinsoahihmnunlleewdctenewrfarndeelanhundrhfstincerniensieetenewerrealsienlmphleseltunetneinnlerwganrwslinunhisemdenelirtsfnaltgli
NUL 145 score=-12.8681 var=V1 dir=0 iwcneenguahgininnsrisemfendhehlenenrfnrlnnilitaltmiufesslawrurellineltainanlieseochderestteethillshitfremundnungnswlweinhzeneindgartelwchnessnrdewfedinnperehunsensisemrn
NUL 146 score=-13.1334 var=V1 dir=0 hemestwerunmennrndindingentwerleisumsheihrtutscdninhlfensnnohnlwdnenirzrtnnatindesfemwnafechiilwrptfaltsswslssinnrinneriegeeruugeesnelallillreunieelaeeaischelnfhhnnedige
NUL 147 score=-13.1821 var=V1 dir=1 adtfwieenartrngllsiesihrmmnrtrennerfrllhfzerstefiencerinnislunleanlsenennsahnenunfenuneihwegiarcostwipedenelemennimsetssdwnhiludnneaniehigwlhnschrgedlestuheleidnswilnitu
NUL 148 score=-13.1168 var=V1 dir=1 haengnereflwlilenghinconiusndwllrrelrtfriselrfndesnundiechnenmsmeeidenuswenafwltihrrannnisunuliehntwhwnendiasagemasiehnleilgimenizsprtinestnerseetictusseherhelnflenenntd
NUL 149 score=-12.9467 var=V1 dir=0 nerfalnhantetdrltinntitwutiennendelsielrmillseidinpreihgldnussenlunwewcnnilssmernachieeinochwesnereewindgrinhuhnhansnazsfgearinlemtifesfmsseellwrurnitunsdenfeenhregehnle
NUL 150 score=-13.1246 var=V1 dir=0 methelllenuneadenledduslelenigliteilfieshueddessaurdnsersistwnfhehnesncfcernlehwirteemsenwunawennseniaihnenrnhgmtftleningmertinsanehrtsohlugenannrsinniiwpzlrirflicwnienr
NUL 151 score=-13.1673 var=V1 dir=1 leaitedanihrninnagnsehllseineswwetnefeefergrhlziewghtrowennihrdlentnirsersernadenisshelannismncerlilfwfhtcumwleersenntmselnintginnndhumhnrcllesundseiitapefeinuundseinelu
NUL 152 score=-13.1096 var=V1 dir=1 lnlewgeslerrlswieessnednahfialtdunosieerlmmwifdcrtliehiehtenisanicheisfefnnetumhusennelnenaninneitengminplthelernnieruldsieewahrdwltihndnarsrwregsenencrnsunnelzfuhistngn
NUL 153 score=-13.7757 var=V1 dir=0 sargersinssaennenhilsfnetslmpenilhnnurdiwasernreehueweiltettatenfaucdisiehwelgeewedeffennlishiinnlgrstrrdnensmrdwnnnnleenhinnttnlhezuencunheesarifuireimolligdhelsicmlwnn
NUL 154 score=-13.5357 var=V1 dir=0 iuradmenneielndhnnfnnwflgfsenglhsausennelseiaumeideormintliedernsshwehlfrelniwdrnretsaslgnnisnihrnnuzhlslanehmdiestleneueneherwnfwaciceinpunteecnreisellenwiertisttrtghni
NUL 155 score=-13.5717 var=V1 dir=1 iunslauenleherurinnenielfdttahlenntwinnnnhnulmrtreislcwafwhregieseignunricltherdmrnslideanihwieoesilewaremumenedeepenzstnsfsiwhsrrcffsseiningdnsdnleennegsltennalenhihetl
NUL 156 score=-12.9327 var=V1 dir=1 nusrellsleilnannurrinneehrortlegzisanniwesllunhnffaninihininchhdstieshneepsusehnaneerwehtmehrnlilecnrndgrnrunstmiewenedieweseettindemeiglegmsindsflaufetwenirscwntenaldfl
NUL 157 score=-13.4714 var=V1 dir=1 ftrinndiwereneslwnheleurnwiesnodgezhfmscemeeswauircswhtsgernlesinwptatirmirinfuanehlhindgiuhgellnurliecaenahleaeseninfldsinilnennneshhunllenntettredensmnderleietnisnsnrf
NUL 158 score=-13.4059 var=V1 dir=1 tncrgwissntsdnftinmnerlinsachuhundwnreingnnnlusseeipstizenndfnwerthetifewesehulfnieanlinemeihriesgnrluslaeihehneueelleehederfeewalgshtannnreilirsintislmlennddlrnrocanwem
NUL 159 score=-13.4727 var=V1 dir=0 hnetanrldnshangehenmanrcmietogneisepleeahwunrrsittetsewmilwerdwuttuuczleneinenllldwigensihnsndanslercnnsiedrenisienfehlefehluhtasisirdnrfslnnflnirgesflmihnenneeunwiineer
NUL 160 score=-13.0674 var=V1 dir=1 taldnerdhinmitfnihwiehloiwhnnlwnsflutsdangsnawfpescinelnerennfsrannureenwiefeuddemesungsheltehzscntienlmreellinneteseitgehartirnnsesheeleaurelldmschglnirrwinnnurieniseni
NUL 161 score=-13.4771 var=V1 dir=0 whfihnhshntdenienleanisserfoserewaneffendgndznaedsnnsiuialtihgreshlenlhltgerntwillnescdmnrnnrustrlfinmilnenwernnsirnmenaptluentreisenrecsliseenellgeihunaumhiwdieetwieeuc
NUL 162 score=-13.0589 var=V1 dir=1 stwennwesahicelneelufensannilossrwellendirhrsninfenanimeifewestluchtieranmenlrrlttenniddncmhlusieledehrelhsegnhnshmdsfnienntwesgrhannwiufdiiseaunertlurteinenlgeinzenprgi
NUL 163 score=-13.0544 var=V1 dir=0 wswlfsdelispheeinlauunwrandaennwtinhartcenfminlinrengeliwdhelendlenfrufeeincarninsenfrestsnernetmienslegderhieudsihhegizinintmcorenselmstegnnsurtsrelatuneiesnwllihnhelnh
NUL 164 score=-13.2818 var=V1 dir=0 iwlplehteweruheglnnstseuallcgendhfnhweisenaisureiudnieinricmzeriertodeilnsnwieaurnlaneristiltenningsnurlatenanntfledewhhsfrensgeinenemcshneeslnemwffnnienserstmhlrninddlh
NUL 165 score=-13.3119 var=V1 dir=1 irneleinneiniensstesnefenntaniccuewenwssundehwheflfwahatsitungshelashedunrinlphisihmlemlaennsterertirrlwesulrlngagiiunocinerrennlnenfltiftnrzwenlnseheendhednidlmseirgemd
NUL 166 score=-13.1151 var=V1 dir=1 wleplatinrcleeinensacdenonesldennwirwieihirneemalhgisingneweihtrelifefunsrfsnrmenwirsrrustenhnhnlelittelshenrhwunmglnainmautunegelfenerninftessszsineednendielhcdusantdhl
NUL 167 score=-13.1318 var=V1 dir=0 frmnsweesnlcertlhillnnisineiswersslnenmungtmuhlwichlenenahdsrerlmhflhrdnerlpentedennenennniegnoerranaltseewaswendcahfteigriidiesednilweihtauunfihuusginieninteestznenfslr
NUL 168 score=-12.7031 var=V1 dir=1 itrigmengeihrnseihennwsdsurlnenehwehlendereinenwiestdstenzspichreuaufifuthreiithenldlenraminmillnucsnsfreerlnigsteranftdedieslwegsfneliansinnewontacnnruhewellnnallenmnhs
NUL 169 score=-13.5461 var=V1 dir=0 eagiisieaeemernnrtfufunsghwddeinelsinnstilufertednilnisfminewiahnitaeleihongredrtscherletierencamselesurwanslhhenndtscmzgenwieinellulnswwfennslninnrlpnhhhrensnerlnneuted
NUL 170 score=-13.1062 var=V1 dir=1 tgeniimeunsenzslienauwwilsmihnlirgteifehlndhnlterrlheredmendlennhersceningengartnrfhfwnruntehsninnsettlnanferwulshawswaldandulifnnsoielleicieitmeseieicenennesenerhrdussp
NUL 171 score=-13.1102 var=V1 dir=1 werennhlmelifftganderwinisinshssdnhitmsratrelihrgeonilnaliidefuhlnpsrwulmeltunlienchtdnnerfelwwneeindeeleannsefieienasstrinnururcdrlhgnenentehnecgemeuensinahnltsseinewzs
NUL 172 score=-13.5548 var=V1 dir=1 nsehlsnfdhnrlspfinertrildhdlwctnumutelteueensioerenenhenzrnielrgreisinewuihrnendwilrlhiimsahleiuniangcthdnfnfasesisglinnnewlninwthdeesenserlencwgefiselenmanntresmanuatee
NUL 173 score=-13.2726 var=V1 dir=0 mrnlleneselslinfulheimetrneresnlarlenfehennmhlthzgentwerstwecfrndlgniielchundiheildigeteuesdlentrieaiifsieefinnsceunwiderrwmnunanennteshdseiwohnehtalangrnssrwsinspniaunn
NUL 174 score=-12.8173 var=V1 dir=0 lrnstmineswenspadelnetfihhrfolcahihnhinerstetirnmsssennltiglseinnennrehmiersenneielaucinwegnueiftmeriaungeneindsangifenilrenncwnwulzhselindheldedualltndfserruwtrhwenlese
NUL 175 score=-13.3147 var=V1 dir=0 rfsaitesnunzelnsilliistwnneneeienntemwerhahumtinmtggelrennccowsgrheieenfesdeneneurnnundtieslgrnwhrnislpdtlechtelffsddieaneieneimiwuhenwilhanllusahnansesslenrienfrhrnldri
NUL 176 score=-13.5196 var=V1 dir=0 nnueuedmnmeegcillerwanelusthhnsuntgsnnmanghtennteffwiripiannihienleindenllrwngmhudlsnafsonireitdersflsrwecainherlicenalereseinlsinnerzelentnuwhdesseeeseifeihntrrnihlwtds
NUL 177 score=-13.3870 var=V1 dir=0 tehatsellneenwmsentrellsnahnenewonrsilrnisnwfsuhineinistnittlllinunrunnalaecgfsrrirddsscnnctindelendereduenpslezudimieegelniewienhawhfeheinneshaleminrfrwmeenihtferuggnsh
NUL 178 score=-13.3253 var=V1 dir=0 aunezenhwrneinssfallersrinlerieimgrtflndcrsusndnandlesierhherdtwinghreeesosieensnehnuinnauwrifitlnwidsliegenelecenuhgelhanfpncntunwimatseinertemndminhenlflthstlennlieswe
NUL 179 score=-13.0563 var=V1 dir=1 omteeudrrttrlnsdelhisennegennilsemngelleafternstaneahnlenwilhnchlindstanesunrreiwarwenehanesdienenerellfriwenemupdgeetemsrllswisniuhdcuhfihriintinflnnensfnhsiceiinszungw
NUL 180 score=-12.8493 var=V1 dir=0 lwdfahliinetnfnesnmulsgirtererusgelhmillelernwhchisgannnhtiistundweplunzeseitweundflnderntrandsinneweterihaeneieiciiifennstershcdrfewnengeeeshenhinalsellmanlensrnsonrunm
NUL 181 score=-13.0684 var=V1 dir=0 tiftelregnewnmpsdhrsfloenunwenchtrllnnrefnerthnnehnlsseheweilusstwelliedeaaudennmsnnrelnismuhnehffwmiinnreielsalnnniilneuriesthigenierseerwachetdielsrasitdugengizindannc
NUL 182 score=-13.2661 var=V1 dir=1 linsnennhllduuferrtsomaginreflntueswidgednlfschesstdntwarirunlsangrehasehewnschehnuphielzhtnnifmtnldneltieiedeliemeiesinnriisenstiegerweieheenunrlelnleinernwarnscnmnwfna
NUL 183 score=-13.1521 var=V1 dir=1 hnwirannttmsseesnellnuhlcsillffnloswildentfuhnwehtisdeunresiecerussnugdieselndplcuimimrlhnnasgarnmirsnnrennnieiennrinhhiideflwhewirrnentagangwaehenzeleensdietetlfeertene
NUL 184 score=-13.1126 var=V1 dir=0 uauiffespieleelmlcflnlohhnnsellrannnercgfltneilmstseineiihntatisreuieuhnnenntenhellssemadrehgeseirdwsngrfweheadrenzthilwnnurnginisstnadermunenlcnwserinenneeweidihtswndri
NUL 185 score=-12.7850 var=V1 dir=1 ltindenandelensemhllshenchelerirsehinesauelnapitfenghlmsthrssedieicltmannneugefinwnnunnzersielemnorlintwdenenngedartulalnerhenwiesirswsesnengithlfwendtnehriwrnfuruiifsci
NUL 186 score=-13.4399 var=V1 dir=1 naerniiihlegerieenlandituaseliehltunisdichtfranesferrnrslglzhnnhittelwerurinriedssehwimwlgewmnelinrhllueslwhinnenfintuthepewurfnesgeneneednennalondnfnnmsacemseitssnesdnc
NUL 187 score=-13.2083 var=V1 dir=0 tflisanwengiltetsmulnhtdzwunriessetenilpadhsieeihurilintiuwundlennnllenrhwnwangeridrfraliegensensenfsarnenceieoeinnenaehlenflndielwenenngresrtmnersstmiuchichefmlhdhnerss
NUL 188 score=-12.8596 var=V1 dir=1 rnheilenfeugihnlcichsweiflishtdtunnwahrllsepnnunmaldendherhenwernntanlnschmdnnssnenglnenrrlsenzulffrisiwaiiitemtewnidriesiegeiineneremunelandreneueistegessastrfehtenwoll
NUL 189 score=-13.0535 var=V1 dir=0 eesnshlhesdennalerinitlerngearcileltamesfinlirhsmfunschnenhsznsgnedfuwwertwensoifwngheinanienigulreslceiletmwuuneanfenehrattrerintwennsplnnedilntliedehuldiennihrnisderms
NUL 190 score=-13.1597 var=V1 dir=1 rgsiefwdmcnnfennsdeuswrnntenneumifiwleissenslahzrtraglielieleisnunsehugewinfatinhonlahrdieuentnegehenthdlmrnlrehntrfeslelwirhcslanetscenpulesdensiliwairnnterhendniennmie
NUL 191 score=-13.0867 var=V1 dir=0 fsflanirglhzneeuheihneurieweeenswielfenaiwcnnlenntrenthrdrflnahstnnllewnustenmtpfnehrdinlnnetmussdlnnenschrigeistieninsinuiumgnieslreisstehreilerdencswehwiedolagealanmdr
NUL 192 score=-12.8661 var=V1 dir=1 tnhnsneangleeiherenlsalcsrchertannenhrlnnernsifitzsfwelltistdieheitwelogenudglleninafgiesimwwenhidwnsterllseteissseelenrnnunnahhrenhmnerdiemanmufewcueinnduniusdrlrifinep
NUL 193 score=-13.0732 var=V1 dir=1 snumhsnguntewieeeifiensgeieeiniefrnanniendelleswoiilentinennstfannitidllhelnucclnlsanresrllmndfratthrneernehenwenspuderenshieruhltzalsglwietnrihmwdhneswuhdmineesacsgnfrr
NUL 194 score=-13.0567 var=V1 dir=0 wuismheninihnernecgsnstetlezeffdennetenfienneinnnleellleanthemluciauernaiserlientliesmpddiwiedasinhudennewrdllnehrtfarehrnclgnusfgthmetnwirrliehrisgonhannssweserunswnlis
NUL 195 score=-13.2192 var=V1 dir=0 ctnnnirseihfirelrhsenfetcinewiehuslnauchewnrzgilwetwtdenthefegltswslineneteerapasngrersoldndauirmliuimhthirrfdannnennedenehiealesierselflinimensllshnlnwedigenunsunnensnm
NUL 196 score=-13.2736 var=V1 dir=1 lznnoensereennmureneeafteithndugwisildlhndriscfsfnenwirdlenitinpricarrienuhmteescnnlinnllsiehiefenlinesgehtehrweideneunenmhilesntselewaflautnserustesaianmrsgrhdhnglwlnnw
NUL 197 score=-13.2625 var=V1 dir=0 hnieiswenilllehenerninhllitnsehrtwslitinsdirrufssderenngdneenthesdieaufwgmnnnmeteriacieltenneananmenfewacwrenegrlemheinrlsenrzfswicheldsoneahtulhnpnilienfiuntussrglusnde
NUL 198 score=-13.2367 var=V1 dir=0 srirsoninhndnnshewlinnnintarthesaleunsigegnefltuldcheseuswesngezfnlwnnmiehstichndasshfinleunmcwmnureereselnentturnrediererieaneiihneendegpnellaeilealilfretldwinthrsinfwm
NUL 199 score=-13.2341 var=V1 dir=1 scnwlslusspelneiwnerfeeniinunlnsiessrerhehehnenemaasweieingrwldithiigfrwhdaesallsonnesurcnneefteherniumirdnedemstdrufedfeseetzlnuhalleitghtnannntlirlitwigennnlihnnncernm
