NUL 0 score=-13.2921 var=V1 dir=0 htuendididedlnennnerrssredwkrdenmnflimneathrladertiinninreinunweredmeinereselgwefrrwflfzsivnleddufrorrnrsodnewinnauertgieferernwamtmfenheressfie
NUL 1 score=-12.9689 var=V1 dir=0 iwnrfoellesiegnfwirheunensieadoriesfrrrwdartiefnnifnrtdmzenmdendemsresersdniemuufrwnvwrnnkennereleheduersenngdihmindldrerwannfrettentdierallerif
NUL 2 score=-12.8127 var=V1 dir=1 fntisstereeensrvndundgdirnalkonienswennmesddmrhlfuhlmoffeffeandwlduwrrmrennneasnrrlinaiewdiereeimfreridsriegzehenwerdertfitreneerrelinenunindrwt
NUL 3 score=-12.9708 var=V1 dir=0 iwmllenwerriefueingtemfeneswieinnhemsesgmnrndenhfdrfmstrrdendeereerrerrwurzrsanrinfweninweilrdeulinsdlnnohrdersrddifnvounetekfatrendiefiledannta
NUL 4 score=-13.2089 var=V1 dir=0 nledunrsrinlfesinreimmnieateletirdieweinotinenutdnedeforwdwafrrldirmerwnangerneresneihnenwertendsenrefhlfrrlenfrnmkwdhsfinedrzeurensrdusgedmiafv
NUL 5 score=-13.1946 var=V1 dir=0 mtwiediflnwdflurfmreaniwdsdeserrennweitmiukdrelnunsldvewiresesefizenutennigeeedfinmersndornndrrdrmirgtirrernehfelwennedorerarnarannnfefehehnistl
NUL 6 score=-12.8390 var=V1 dir=1 rafnirnginmerundediesrenwetddueeenwitenwollnesiherrgiefennnwrekrinternsefiniedndrerlfnrfrahdemeindrenffzlsresshnwofurduitdaneseldrtwaelvernrimmm
NUL 7 score=-13.1790 var=V1 dir=0 vwsuitneekeiddrfgeltshnelasinfrloraurenterrershwedsfliemefesfreiuernnewendirfarenimrrliegmnweientunmrdnrrnwedennrindsfrhozeeftinwidmenndedrlnnda
NUL 8 score=-13.0014 var=V1 dir=1 vrmmdeurihmfflewenienawemwwirdunlgelnfehtsdtninnenfelwirdfdiwarrkinaiedanfsseftrrernfnnrdrherdrinlerinerortteerdeedelerregessnonmeenzdeunnissuin
NUL 9 score=-13.2875 var=V1 dir=1 errninrrenntflelssehewdsadifunrillnineewsmenwgeanemtohgdrfzteledeinewirundudeffersfenktefihnddesledivedasmwinndorraermrterirrmnnrnenrruneiniewfr
NUL 10 score=-13.0767 var=V1 dir=0 lernununinennornetnenwerlrmrrderndnswsffsualadetgrfnkimisendenthnesdereflgirrnierrrtvifnsimeridatzlsedelndewiemwendiwerenredhwieafuifemehreronfd
NUL 11 score=-13.2705 var=V1 dir=1 inatliesgrdrdurwrnindetzoderrnewwelndfnrieistanwilinimrumsuagnirnennrerimwnrsnddeffrednenfleerimhlrmktrdsuhwieffsenterneaedeffeeehrernendesenolv
NUL 12 score=-13.0579 var=V1 dir=1 inmeruwrshkutenvinisheneruneneelfrirrlierdrfdriradddwilnnaesindmremfreseernenfmemseetnnlehnfdwdwirduffenistinfilnenderennawogetadronertgewerzsrl
NUL 13 score=-13.0523 var=V1 dir=1 lreieiefenimunrnuswlsinktimrdeenwieinwirnullgvrannersstegwdrtinfrerneswerehnferninnlmedhnrerorimdazafeladewenstnendnesdffeodrreddemrhunredferitf
NUL 14 score=-13.1590 var=V1 dir=0 fhineeleredewewdnisvehinefertdrnriderfengnmwrrunfekznungertdesfemdldeweilderimiiarriennranstdrhlfedondsamtnfronnreilfwenirmuwarsnluieteerrnesnns
NUL 15 score=-13.3112 var=V1 dir=0 drswrhmrdfauernisevenfrfoawaeteinererzreslendrwreinerinmitrinheliigesieuldrtdeeedgnnunsiensetdarfeundwrrnkeswenfloelfenflnfnmwdmherrnnierinnddtm
NUL 16 score=-13.4931 var=V1 dir=1 knnrnenntenderfwfdhimmntimeerrlsseeinitiiileriffaeunwowsrugernnufdhenelftsrznrrdendertrdorernrrimnerderwnnlfherfdeenssaemgallwiweinsveadeeinedud
NUL 17 score=-12.9001 var=V1 dir=0 nngnisrredudderfeswwdrdelterningnifrzrlhriensoerherrmwuldmentwtsumdennefemwkmnelltefrufewansersfanrdienieisaverldnirinneanhoedfrieineftredeeinnr
NUL 18 score=-12.9554 var=V1 dir=0 tetenraneeredtereiftidderihnfsnollrervenwmhernnenfurmurdienundnnnimenginsenzwerderrlarsaifldesefisslrnkdnlwfnenwerfeweimeeheroutirsdnrwfrdiigamd
NUL 19 score=-13.2882 var=V1 dir=1 sdkrnfwnidfroemtremulrridinuswezmfelenderneefwrvhfrrennenlenrhiirrnftminnienlensodisirdftnwnrwinenuredeeseeerlrsnursmanheergteandefliegtdieddawa
NUL 20 score=-12.9837 var=V1 dir=1 wnresfenwihnnermvdnersneinnleuzfogleersnkiwrmeleddwtmtenhremladdieretistifrndandlisirnarrienasoderredunserfruffnetrrnedefderwelunemninfnehreiiwg
NUL 21 score=-13.2286 var=V1 dir=0 fitfsnmehwidefmilgnmrlenuriaienanndierdetermouzttwelleneenressitsfwwfleilnnneidenredrrfderninangmnhrherefendrdvrsrfnorinnesearrerdeewirdnekswuud
NUL 22 score=-13.1050 var=V1 dir=1 nnlefreunserdedarfegnwinirfsrerimrrinsemenimnknfddluwrneeisherndrwindfrwelthmrudlintrmderseluhefnfngteetedeannesnostriderfrolenewiazerdeweinvina
NUL 23 score=-13.0863 var=V1 dir=0 aemrawreffaufieleirdieiornierlderrenntszmlhantwesereinnwwintnefvdrtgeredernstfsnendirinennefedekerlissurwegniderfwdeinodllsernmnnfnhmddhrmuurenr
NUL 24 score=-13.1434 var=V1 dir=1 ierdiemlfduhewfefanoeielihneilrfdirvwtrrirnresdrnddekffirrwenisneutungtemandsmrehrnrrlzdrgunneelandirweswennenesseinennodwtilenrtesderrfmannefem
NUL 25 score=-13.2644 var=V1 dir=0 ekdneinedzurlvmnntmldefreusieneesfrdirndrrhlrnarrendandefwntfundwerfmidgrrrnemaresenumwlnwosiegrnhhalerwendderiieeienneeinrfntswilisetetnersoffi
NUL 26 score=-12.9780 var=V1 dir=1 rarhlenfufrwerdfernsildinnurirrfthernofthmerlernnwisenuerneinewodemieiwanienrksznmdseentesmeenerretinfenenreisedratndwerfsfddradinwengilmgvluddl
NUL 27 score=-13.3515 var=V1 dir=0 rnknurddemeerfanizeseoeinnherrwdsenftwerhrnenwndtwaeusmefnfrenvedmewfdlfedrindenirroiwfanieredellnghenglninermstirdeerlurfnnisrerensirtdaultsimi
NUL 28 score=-12.4014 var=V1 dir=1 rgmirfntnungenffenvorenwrerselenanlensllrrrefuerwilmwiedltdenherenedadsdendsinwemerneieidmfdrieererfissdunferdnrkhintohwaneiternzrwmiundfernista
NUL 29 score=-13.3805 var=V1 dir=0 rsruelweindufweemamdadiindgnfrnsmfezrnserstrnsnurdnennndninirftiteitwerdegeeavredendernmrehenwnlfdeseerhehderriefwieorinurnfrwslolnekinefratllim
NUL 30 score=-12.7936 var=V1 dir=0 dzanffrierihrnisdurdergeirinnrirntertennerrdawidhwddesfefnunuuhikinereilmelnoneweretoegentseeltedermdwlwernnlinswmerrnvnnddremfnlamfresseesanfif
NUL 31 score=-13.1101 var=V1 dir=0 itzdimitwornemwalswnrerlaueserkeetutrmnrnsrldisindrehnnenarseievnensiegiderdumdemenenewenntewidrrefroffedrrnesfidnegidfhennellidarnfurnehnrflwrf
NUL 32 score=-13.4888 var=V1 dir=1 rhsdezisrfnannwlnwtendterannnesshivheneofiendetemrinrrniefldfdellswurdewernenereiukeneefdargeswerartdmfntlineinmrnrremiddeniuswglrdfoifnerriumre
NUL 33 score=-13.3846 var=V1 dir=1 dhwnrneverdasrfrinahtsenserufderlenemrddwndsinnseirrenaleeeanmmeinnielwrlnotderzsernnsirlenwwgefewiedufuidterfihmfmnrrlnnnrdeffenrirgeitkeotdieu
NUL 34 score=-12.9395 var=V1 dir=0 edieetzeseerfleitusrrviesedwesfnidfarmundgrlwenntfeediennnfrewanrfmflenmenmdnunahrneihrinrurndimhinirlrdesegelarwlosesonddertikeftindnernwrrewnr
NUL 35 score=-13.2156 var=V1 dir=1 swurinwdrfrinardinnselereerreiniehioerndtriwffedieremundmemgarzeionsesetueeernnanhtrilkleerfetdeshvrdlndennwennfwewirsnenledrmrfnmrstanfddfginlu
NUL 36 score=-13.0147 var=V1 dir=1 wirntwesmerdrsgndvefruehnshnkernnmnnsdreiesemfiwzarnoifreidielerferderifunlinnradlormnrnsterrsdemeidiedrfanfunalletenlurdeteeewfnnwehrwindentgei
NUL 37 score=-13.0912 var=V1 dir=0 wdnenntdrenduriddfhrieungwirklordenmhfaetsessdieinemitderfretesdrfnrrunrdoihnrlmrsenrintanifeaillnneswereerndnnmenwernweiereinwfslfravzeefemelgu
NUL 38 score=-13.2717 var=V1 dir=0 vwuaanesuehdtsirurerinekawofesnltrrdnehmlimrlindegenefesennenferrfiegarnswirdddtedendifmtlwnffseiernmlwordrrtsniefnuirlindwernerdhrnereneimnzeen
NUL 39 score=-13.5508 var=V1 dir=0 nfeiniglnnrvsdmmmennlnhrfsinurenndendmdeerrgwwnselurerewereenwiinetneadtemfaazeseidehdnunliesidulldkintersfrrordetreffnfwnnrrrdseoreietriewirfah
NUL 40 score=-13.3232 var=V1 dir=1 erfremnhreerdudreleekierdawnnuntinworrsmfnennenesfelerrmreneinwenrnunrfndifirdessriwdstelnvsnwfindfdtwrhddieilmeurtfandzeangismgarehoetineielerl
NUL 41 score=-13.1621 var=V1 dir=1 drrdnimrrfenndlfenvildnghorinfulrmnrlwsreeskfraudennetzhtfermelfwmersidreelderndennneiigaineweninsamrtiennefrrodeeehnwetwirfusderwusieisdenernat
NUL 42 score=-12.8206 var=V1 dir=1 riwefuhrledeleftderiwiefgwiendeslznfnirffneinedassdannfrrunnemnrinwvnoneluteamitfrdderdehnrmeirrnderweltedortgimsienrerunaldnnnwnkressermeeheirs
NUL 43 score=-12.6798 var=V1 dir=1 zssilldwirwfdhanmutuneiesdenrernnudiwinnderkndrinwegrordehenianoefunsnereitelnhdtwefenwirseifrleerennfnandeinenfidvelfesgrmdereerlrfatrmtmsrmerr
NUL 44 score=-13.2094 var=V1 dir=0 dvudwmnsetrteimerfserarrdamintrestswewnwdrdeeehemerreunekeaonrehlfrrnnendesesrlinunihnwirrngfmindeleffizurddiendlfirnirgennnasenlnfnerodilfeeitw
NUL 45 score=-13.3349 var=V1 dir=0 nlfrehwitissrinfsremmelnntfinenergwrertewenfdnznnairgieroreeresferfahrndsndrerdnvrdidwwndtoernremleindrefenmeiuleseiseunmuklelarieunfandwihnetdd
NUL 46 score=-13.2173 var=V1 dir=0 nemrnedteensimrngeidffufnrtfgsfklinwurenvefeeelidennsarsnnurthrornleesurterdsmelwwneidlwirwerdfarrarinnlsdwatdennedemreihneeroridfminneinehriedz
NUL 47 score=-12.8715 var=V1 dir=0 rsfarrhilrdzertwehrnimaudeelfweeledestedelienunfriefrensenwerenrerfufnrngrrkanodngdierawhweridoiiwrneinutesmitmnenerndffdmdmnsrnndistesielennvln
NUL 48 score=-12.8115 var=V1 dir=1 wldfurresetrennatefkhtsmsruhrduswwmnfnmoofasirfirmenneneedeideidrellmirnidwernwdlnntrinesundeetirnirzwenrerneidlfenfrensielnreergradefeignenhavd
NUL 49 score=-13.0348 var=V1 dir=0 mwnwfhleernliddrurvewirnerdetegnwniheaenwezieeralsesremerandernlenfddmfundlfiwgresdunduserdernensireimsernnneteinmtorirdneinnlifrteiforfrsnafkht
NUL 50 score=-12.7540 var=V1 dir=1 wtwdfrordnrennumlomlederdihmzsuwhrvfglernseentetreiererndendmilmutheinnersrdnieefkanennerfldwfinirdaalinresfgwnrrnifeiesetesurdeneniardnerweisnf
NUL 51 score=-12.9073 var=V1 dir=0 wflmirernnsirendfnrnrlkosendnndfesdasmennrveirledurowefenwffundinieurerihmaegfmidwsedtirrerfennweltdensinerihnritwederzegedeereunanemstatnrillhr
NUL 52 score=-13.2610 var=V1 dir=0 ededansesimwieeswiefriinnirelllernemeodenedrirlzgeefasiefnrunewienunsinnhennsernhfftesrterdadrtunrewrfevmglwardritrdnfkrumnnnltedieodwrfndhrnerm
NUL 53 score=-13.1748 var=V1 dir=1 asieerdeisaurrungfennrngseuhrwirrndrindensiirtwellndirnmirirensreviwffeswendnedhdetfllfdnamenneroreremeiedeeurfnttdekanzlwwennmtlemsdrehrnenfiof
NUL 54 score=-13.1675 var=V1 dir=0 imirninglfururresersennfddznfeihnnltivdrinnfmrfeserderihndindstewahrdenimgmeneafesenwerfrnwaliinesdereeuwteurenmnotlllnfeneidndtreoaedrrkewserwr
NUL 55 score=-12.9408 var=V1 dir=1 otwerleweinnfamiffniedeirrweiefhldanershmtennrndanngdemereeskrrrindwuinierdefninesworratnetlsmuteunndrermenesrlrfnlufehderifnsirglendnezersddviw
NUL 56 score=-12.8643 var=V1 dir=1 wrrrimlrevfdlidenirrnademerretissertsenmueoeidenemdleseinhnuifnwannegrierfenfrwzindwennnfethelesderrsdrenenankergldunnwownrmshinerfurdfliteftdia
NUL 57 score=-13.3059 var=V1 dir=1 rwweatedegendmeritfnundonnfdseunesvwrrlunstnrasenriifflimhrrekteledrrwrtddmfnzgineninnrrnlfleomwednahnarinefderiedieenieresierfinsnhemderwerselu
NUL 58 score=-13.1980 var=V1 dir=0 nntnrrnnesdemtakweivnslwlmmarirrsrihindenrudieesoneweintufetrinndeerenerrefermfeeialssnwsfferfwdrmfndnenherdnllgerdihrrdieodlewagetdunerezunnifi
NUL 59 score=-13.3189 var=V1 dir=1 fdniennleiewireoiselurnonsemirrtradrzswwmieeringentlanmenwnenindundgrddenketerdnlleruvierereinfendtwnhsrlrrmsedfdtfredurhfffemhaaisrnwenefneresi
NUL 60 score=-13.2701 var=V1 dir=1 uerrnedemirrnnohlreinuskeriefieeldiidwwusgenmeleerertsinnesenanefhenfraiuerwirnonlilmefealsernfindartrdrdezwisrdstnnengenemhdvrfntdrewwdtrdfnfnm
NUL 61 score=-13.2414 var=V1 dir=1 vldesinnenurerdesemewefenteserrndelrierndilwfaansieihrwenrinsrrennmnrmiodedukrweinrieenifwnruowemdnnfallrenffrgeunddehstelthtfgzidemnrrafriesndt
NUL 62 score=-13.3326 var=V1 dir=1 uwennnellunohdnderrfstngenniesiedarfsermefardnewltzedeinmfrraserninrennvfkndldmtrerrmihsfelnwiergeortdufrrennseeieiwdrearldewneuendnwiriemfisith
NUL 63 score=-13.3273 var=V1 dir=0 ewederuflondefnsedlrnnltwernerdeeftnisfedrektsulorfnerstiesrrnfremainminendwdfrrhndgewieweieizereitaaideerenhenhungmnlnfmrisrnirerindwarndnvmsul
NUL 64 score=-13.1562 var=V1 dir=0 rrufderenfnaeridrnkesulildsenurernndentwerinoliselntinwddfnrusdintferwirwrndagmemmefrtedeisfnszvnhleneshmwerdaewreneeinortirgheffenraelderneinim
NUL 65 score=-12.8220 var=V1 dir=1 frfswenkennwiegvertenundrrennwfrdinleliadifrautoeremuerntersdermdrfsihenrdseltnmweinesnfwdlulimienhienedesrientfdferhnsanzneilderrgernwiearrdmon
NUL 66 score=-13.0083 var=V1 dir=1 ddireifiwirnntlsrsdnlweansennfrrnstrnwinendewwnnsoferlhftimmeruieaerfrordelemiesegnerreerndeentnilrahienzemesenfriegndurehrddaetnmvdilenwurfdukf
NUL 67 score=-13.0966 var=V1 dir=0 eenennduwnnonedfedeendwerrenmnrinnghhierdrnidhrwernenierzdnerrlioriffagennrsdarfmalrnureduwertemetdtmmleerselrussieistvienseiwasefiwnnkflrftfldi
NUL 68 score=-13.1170 var=V1 dir=1 nwndondenrherranleeezufrinnletofaenendrnmiednnnniudeesenendesdefrairmtwerrwrherwddlinnmetifffkarlerigerifurwvmwehrrisneslgnerstesfeliriedudtnims
NUL 69 score=-13.1163 var=V1 dir=0 eeenteinlosmimmarsdrnlvdulefinefweseifnhzefeindrunefernnimngenwererunnsardihtdkawrfurdredrlwerfsinnienlirddeferdereamenewtneortensirsnnthiwgrrdl
NUL 70 score=-13.1077 var=V1 dir=0 lfeisdnerfeannntsehlehtdiesdrwnozwennenwrsevkdergultdrerrnutreimnwnderiursidaersigrmfudoriffteenenremerlenhasenirmwfwaneriendierlriilenmfdfnendn
NUL 71 score=-13.1618 var=V1 dir=1 teiefireiewerseiennldannerreisnwrnnlslerrdrdnirgdntdennrsteanzhfhnunreiklesmennedferilwdftenesmotudumedirdewiawenehrfmversrglorminureinfwaffredn
NUL 72 score=-13.1994 var=V1 dir=0 rrereredeundiekerunnweeffdstrmmrmrifewehearunehrednnfestinndindlnengarwoderdzldendfshinsofitnnnamlsinnllesvrfgrierdettrienlwrwnrieerfinuamesiwee
NUL 73 score=-13.1578 var=V1 dir=0 fnesorenheinerenartiniwddrnaheldftseltmendduwofernzsedamnrnenniudunfflnedfrrnesertenwidherariilfeenetwfeienmilegrmsrmedursrdelnrserwingirenvirkw
NUL 74 score=-13.0152 var=V1 dir=1 edniefsrtdevdfdiefihrwegtdauellswhleunndwrseirrsumfdermnerwiorintztnierirdeiremedelertanndennnnsflfrmregreenamonwunreweinerfifriskanenneldhernsn
NUL 75 score=-13.0990 var=V1 dir=1 imregrernwlwmierdeealifidenmeinaufnfsneurseeeerormdifsdinwerdtretshnnunnerrkeellwrmlneedeftwahgrndritdinnfevonlitwenfreidndufrsennennderrzssihra
NUL 76 score=-13.2929 var=V1 dir=1 wferdleevhderernudinelefrinsrfmrknsnasfremntorenesrnheidtiumerwalzidensinnninndnlfdhdrnteneeretnfeuteierauferfalidsergeldieemigresindrnwwnwomrwr
NUL 77 score=-12.7589 var=V1 dir=0 auwegeknennrodersedanwalnninnzwissmerdarerrdsmuhrtlntfnhnfengetsinerestfnerirdiniierstedremwelnwifendeindemeffndldenhfrrlemrefrouneleiurwievrdir
NUL 78 score=-12.7760 var=V1 dir=0 lriwwernmerrnealusfrrwidehreurinsinhindstnensinntnvdlsdnlgsrdrlnrftinemdkffeineffewegwnmtferineooeereihendfweirtneanddemderadureseimenauzererrnl
NUL 79 score=-13.6442 var=V1 dir=1 nulrhiilimtensierlwnunnenfiffteserluizfreidirrunsrrenfnerdlmeeserdeeewaerkmnwndonsrtnnintmerrndrdgddeherernwegeodeliehderafwnwfvtasenferiadismnn
NUL 80 score=-12.9002 var=V1 dir=1 dwtewerentfleinnetleuftssedwidgeunorrnernmeiredemergewirhenfasnelldernhfuwirlrfenvrdneskinfrrefnoseirdmiemendafaduzandeeltisdinrsrinnwirnnehrnmr
NUL 81 score=-13.1275 var=V1 dir=1 nvsumeerarohlhtewsrieneideneinnriefrrendermarfrrsddfnrgnwfwsfieramitntnenrentieankemruderlereledendwnulnlfwediffliedmusorgewrninitdesresnindnehz
NUL 82 score=-13.4002 var=V1 dir=1 wfnmirdnfteumrvmrdlertelddndsnhinnnhenlorrwerandeuwonieereeuserdrdganneriteeinzefanfreirffwnsenswrnsiererlahmennsliiwninuedefeseifddemelrtigrtkr
NUL 83 score=-13.1158 var=V1 dir=1 wgahdurhsednimdfrhierngnnellsielnenwirfzwrsnnlrrfnievesnenindwtmmrandelweimereeseenanderennrntferfwenimatirrndeenfurrfsofoldterdiireisderteukeud
NUL 84 score=-12.9269 var=V1 dir=1 ldzenninerwntlederrligeorfmerwdennenwillenihrseinfamdmratedeufeundirnnuresunveereefgaatfsdfdnenfmienhiriereiknenwhrslesnmtrwrndetrrdesisdnforwir
NUL 85 score=-12.9408 var=V1 dir=1 nrmarrnssfrnresnienndefdderwehrederdeumemesietiindrgvnwslmrofweidierwlfgltineflheineerrnkothinauffntranswdeneisnundaufnerleenrmdnzenieretirerdwl
NUL 86 score=-13.4060 var=V1 dir=1 wenwundteednmfdutiewindenserfrlsdinnffdhinerrgevddlnneinfwdronimeotafreandtrfmwhflsresrlrdimregnenlanensetraelweiururierismskrihnernneerzeeernei
NUL 87 score=-13.0216 var=V1 dir=1 mneradrsiesweifenwerrffntwdeurneundenveradgmsfindsneretenlrnhlrliefunerdinitkutarifendentennednerrreerflsgenaewdondieihirnworielmsrmhlfrdemwszni
NUL 88 score=-12.9407 var=V1 dir=0 tmaedelnenfinerunrindeignedhkretefftiwnrowflfeedelesdererfruhtlhrsstedroferremwemninnevmsnunenufmeildidrseineidsenrerweinwirnnnalrszrwddirnaganr
NUL 89 score=-12.7748 var=V1 dir=1 msnurdenerendirerfrdrridnhefrothintemtrarwnurnalidefarswdnindenneensifidferenlilvnwssegenemleinahenrugeerdmeifeniftuwirdoswellzkdmerwernftnenesr
NUL 90 score=-13.1794 var=V1 dir=0 mrewenleertrerskasendvelndenrtdemeeslantwdieedeurdiehnefurrztfeierwlnigsawdhtrnlfnerinndarmdhieirmemolinrerinissnenrgnindsurffounwedernnriwffenf
NUL 91 score=-13.0443 var=V1 dir=1 iderntanselnenindnlndidaneglerdeminunnelemsehrfragwnlesffuseihmfoherrntendsetarwferveksnweuerensrezdwrlrdmeodinierurmeeiterwirrnwinnfntreddffiri
NUL 92 score=-13.1027 var=V1 dir=1 nmnenderfinwemsulwrreifihnersfwhnrneefewdnusrtefvrneeterstelealfernindrzdilskaseeienandeneidianortflemwdntornurdrriegleindnuwgenrersndfriimherdm
NUL 93 score=-12.9842 var=V1 dir=0 tkirrennenmniegrellemnenedinneaaeitnennirreadiwerslmediesdisoserndfdfigffduremneuneristervorlzlwenswwfwedderrunfrnirwhsmruferndtdifelartnehnhern
NUL 94 score=-13.1664 var=V1 dir=1 hiflsnetfiedgrlrregenwrmvrrirsnesreonndrinkseirenistdaallhiereweneenhnferdentmftewrrsalszirrdnummernddaidlfinreinundwnernffunenddenefouemweweite
NUL 95 score=-13.0537 var=V1 dir=0 rwirgowehninegroldrtfendfrudinnthdsdirnienmetsnkiideinesnawilffererenerhelernirmfrruendlltneffesdinndesslemufnurzemdamtdernwnarnswineewereeraevr
NUL 96 score=-13.3232 var=V1 dir=0 rlmlrrendiwingorenfeskndiuehefrieuifnwenenreiterdhtsnennselferrdarrfrmiomsnnwrwfrlanftalhedungteeeferimernmzwadnenieesdereindrvwtndluddiersenins
NUL 97 score=-13.1255 var=V1 dir=1 mdaerrnisrennriwrtlustdwerrwieleesdiefaffsigeinordenerungterszendelmhdeerllidnrrowhinresmetewnnffaninuneriderdrfldvihrunaerneneewdtkeinmmfnnesfn
NUL 98 score=-12.8868 var=V1 dir=1 ngssransnuiswrerdertindrasfwnavrefetfrhdenwiefrirgdfieefliszenrleennennfeuleslnminrhernnetkwrminewonnerdiehemmteinedeuderdrrdalwirftenmuronliedd
NUL 99 score=-13.1363 var=V1 dir=0 eerrnnremwirdiktraelslmerfrdndanhieneuraunvrudendgwshewiedinesnimediferenfesefnwdhmdrelerferfistntlentefonnreiftizlmlsroswrrnddinnerrwengineauen
NUL 100 score=-13.2201 var=V1 dir=1 lmfwnihrerlinmetzdlesraffrrwedlnsenderenrisaesnlensfafhrmennmedeefirrstteeinweienienoraugderddgilhefndrnwdfreviedwwumonntrntenusirnerierkunderin
NUL 101 score=-12.6702 var=V1 dir=0 irfettranirfofhredderenewidienknohesersnfneneindldtererrwmeferrlindwerinfallmintliddsfdmauslenerwuwenrmwirdhngeafsergenzerenresnnnestunervmdinui
NUL 102 score=-13.3305 var=V1 dir=1 eirihrnaneienndernhewenresdnodiedsttrunderfmedriefwnuuwifmerenegraefmfsarmmentwhdnnvlzindseterdfwlnranrikrnflirrsfnerolreidesisdenngeeneiretwull
NUL 103 score=-12.9002 var=V1 dir=0 relnfthasteillilerfrewnhnemerindwenesannwitwdiwdnnfnnwrremeffelderuhstendinnrsidrerrnrmnsdeirofsferumdnarlegeindedemgeuranieestnzverkouieirerdfn
NUL 104 score=-12.9188 var=V1 dir=0 nhenweseffffdienwitgreimemldialeieennrnnrenzdenfarehenrsrsmonsingdnenrerrwfeseellltowesedarederndewuntdinvkrnwrimmerrersutanuundiffiherrdtndrili
NUL 105 score=-12.9430 var=V1 dir=1 fdeinargernimehrndtesnfnnfetrezentendewdemenffwerlvdruierdiidolninfarurelnenwendnluremwrfederernaufdtenihmwnswirresslmirehrnenograsitsedriekilns
NUL 106 score=-13.0951 var=V1 dir=0 lsnieerdiddirnoffnrfewetwdrkminenvirdimwngzdtreusonanureriedeinesrfearewfmneifundfemranrernardsdlegtdernennlunlilheineersrssehmieterwenentlrwfnh
NUL 107 score=-13.1677 var=V1 dir=0 wndfofnistilrdwiesflwiemoserrereamnenninrteundtnferneraunrnarzrlileherndirnlgskustuwdegenefesnwmehrnerdeesvefnwdleertdrmnharirddenndernefimieiif
NUL 108 score=-12.5886 var=V1 dir=0 fuurrenflnesisumfformdemdinsddaeirweternnemshernwieltengliedahierftgtiwenurlieidameesendannrenrrennefrwielnfrninkerndneessernherdivdrrwfwdorltzn
NUL 109 score=-13.3653 var=V1 dir=1 rmhtennoderoiiumeflannvwgrretregsndfsnlnnnermsfreurterefewenneedenerdnnmieireizaunikerlilafndanenisswfrlhrfrdlerdrfhnnededwiremwitiesenstdwirdeu
NUL 110 score=-13.2030 var=V1 dir=1 rdesenekrdfeftfdnnierirrennduanrsoderrmennndaffneeinasieeefgldioernimfwerrwrtminnletungalldndiehrerweiteruzrhlfdwiesweineehmrmenurtderlsisnwnvsn
NUL 111 score=-12.9668 var=V1 dir=1 nfmedigneinwirdhnernrrinewdehimdesentfnleitfrfvegurfauelrusswnwrefklerdrironesinwierenflaumltfreteileizndtrrerandneessenwordneridehdasdmemnenrnn
NUL 112 score=-12.9563 var=V1 dir=1 eiersririnernwaffideimrendneswarwurwergsrdehnendinnnendernsnorgfwdlfineedshvrlmiianeduekrafffisennerettrdultmundrnmtienemtldzehenerfrrleinewoels
NUL 113 score=-12.8621 var=V1 dir=0 lennkamenswermiresrnwerugmdtsinneinwieermofghflfdieneenwsimudeldnslertfiwerrerinneenvnordnzflnrinetsindrenndesahrenadfdleiedethfrwrrrteeaufurdri
NUL 114 score=-12.7049 var=V1 dir=1 mfdenneiftunmernnernetwennrualwodlshlzaenesinieereilndetafdweltwdskdorfeeinidfihgmhlurfeererseidrinmirnnurrenwerdasrremwierfntdvrfresseendignrnn
NUL 115 score=-12.9768 var=V1 dir=1 vernlthirmsddwirtnerdedriznfsanfaorndiwerrnunfeneislieennkehrwerdretaismmrfreurneutedsnnmlswerrenmoeeigelewigenfrewletudirdendiennfranihfsnendlf
NUL 116 score=-13.6808 var=V1 dir=0 hnemenwuifismndrefdnmlnwtinrersulskundtirnrsrrllsfwidmdeldewofreinarmiennilsavfherentdrntindorfeineeeeitrewerrnenignefaredefreuedaennndsherewgzr
NUL 117 score=-13.1436 var=V1 dir=1 aldhuneweinennrrmdvowmisezrielntsewerenmeinenfraesderrsnrdedemetiumdutfedreingkrnelufiffnrihenenifdgriestefdadieltnodernnerssrwnwfahrerrnwrnnlli
NUL 118 score=-13.1664 var=V1 dir=0 alsinlreifessimlensverdernhieeseefrierferungrndreffeduknfhmslrteldmedrunrdwranenntianoduwidheritefeindnweenwerirtndtensfnlgmwnnnirwmoidrrezerena
NUL 119 score=-12.8843 var=V1 dir=0 wnrdwusemerrfreinenellwfmrzendeitfrevnseroneegektdinhisenewdfridereiuneinsmennnrddnwardrssdanerdresufinehraldalffterenlotmimrlgenrinihineunretfw
NUL 120 score=-13.1258 var=V1 dir=0 nsnttneinnrfhriawirrehrinzuewhngrfredeuereediemarmdlnenennnrdresdlsveweferimowdnilsannnersfkurstalutedemelegendefewdiewirinldndrerrtfifensimfonr
NUL 121 score=-13.2268 var=V1 dir=1 rnituneshendrienmeiseerldsirmnrkllddarsonernerzerfrettemmernldewaswiwngfenrinwerrdefentnufweruffwhgdandhrnunnieliinisieenenaeevrmleftrdfrneidsdo
NUL 122 score=-13.2622 var=V1 dir=0 fmermtnonessefftwomkaeisrdneanfeeeneinnernuldhdnnwwrsnerrrvlffergeudedirduddndehurtnizngearrderidemfwrftrwawiesiennenmellteillernniiisnihreersnr
NUL 123 score=-12.9081 var=V1 dir=0 rwdeneraniderohruiesslawrnekilinuinsereingnonretendzereruestrflihnsdanflmlmsmdrwareundirnefwrimfrnnieheesdiffemenverftdertgenidwnfterwndedennrle
NUL 124 score=-13.4891 var=V1 dir=0 melkeinnerrfenoufenngnisednhdinamhfwsguosiefesaisieedirdverindzuwilesreattwnreiniftlrnrefrlrrnddernrnwnwtlrrsehernertafenemewddmndlderrefuniemne
NUL 125 score=-13.0860 var=V1 dir=1 hlunertirseiussninendwlererndetrzdierrsalftfrdsnulfenionedendwirrnerlmarniernnenisfteewirmagdkowmfhieidemgnlesnvnemrenefifreahnenwueddwdrrtenefr
NUL 126 score=-13.2124 var=V1 dir=0 fmreversiriinnfenerarsfersilernnnliweiuwanenufirgederereernfmndreltedenumnrnfrnnezwisnradwtinfrknaredmirwlundesefinnewirthesdeodoteldeshtmhlgdde
NUL 127 score=-12.9781 var=V1 dir=1 fanfinsderotfmegeerthdrrwdfrnreidensrfnnetrrelrngimialeminetwieehdnwdannriellefiesoundernlmiendsiwsrerninfreenfluriersheuntewsunderanzenemkrwdvd
NUL 128 score=-12.8869 var=V1 dir=0 drndertihnsiinflzdleffigrsorreninnemfmwneerstlederitnarminfeuedulertierdemwunekrwntnwfweendersansandegenrdvorismerlennnhraferiuwesenhlifiredredn
NUL 129 score=-13.1037 var=V1 dir=0 rwhwrtekiersniwrfrgrnelernfhadndntgreiefentreiwddnuriennediefrafterwermerzerrmansdmsnnfhlnlrenieseinneflirdeidentadelederniomveswlnoumusensfundi
NUL 130 score=-13.0567 var=V1 dir=1 rrstdrmninnsuneneiweefedureindtlrdrfeugdseiwfrtmirfizilmiiaundenemanersonnervrhndolfdrekhdlingnerredessderfeeenanrenenfenfalintrtwrleniheweswwrm
NUL 131 score=-13.1670 var=V1 dir=1 rsrnnmernftinlwwdirerninfekhdaerwmdenendfeiflurdnunterdnitivrrrodeigreadersamlzderrnsieilfuanffownewemlehelmeertenwiendentedrsnnieregnrnhsusiefs
NUL 132 score=-13.1616 var=V1 dir=0 nnsreifrknmhlganwodrmfvinunhdiretregledeewndwedehnewidrefrlennielrederzttewinurredisumernernrnlisrisefferdonamfawaseedrlenmitiusdirfeensnrnennft
NUL 133 score=-13.0946 var=V1 dir=1 iirtrrweininnerndrermeandugfsoihnerwnrntdersnenlrfrlnnwenlufanserfinnefedwermuhnierlenmemktenddtflenzdesrrwnevdeoaseheitmieldieadrsfirwesudegrif
NUL 134 score=-13.1166 var=V1 dir=1 rtwiermiewenrmrlinndnfenmarerereteereernnimhwfhrloaffenleundodieirvdeidustesfserennwarrzdiseffuinnenillenefdrgsirtdrmewarhtwsnnslndderndenkugine
NUL 135 score=-12.9632 var=V1 dir=0 nmrrindwindnielskennregehnllsdserrevormeediefennrinrirseirnrinlrndessenwetettradewdeinsfrenahwwfuhdeindaafeifuremmertmuwrntdnefedelregruzfnlionf
NUL 136 score=-13.1537 var=V1 dir=1 odinrwninurwnlunsnhreresenstatmmaeiftgdiimrrmdlfendrweiraunnsnoweregrindfertriudldienfkfrnirreefendafiefwermenesderslliteswhlhennerenednenerdezv
NUL 137 score=-13.1090 var=V1 dir=1 llersnrwtrmarundwennneieindzfedrewanurnegrisrhwedkrrlierdrehreinneandfernfgnidemseldeeettedifemsdfrieareisennmundfvnwtltrhfmnilneresofioswreuinn
NUL 138 score=-13.0321 var=V1 dir=1 enhewerieninihmmwinndegehramitvennnldnfndidreiderweutemfaufweitirnsurensflerldnetswfrkewnrgelmtdnenidfrerirdranserdsnesrzdoolrafriunseelenernfre
NUL 139 score=-12.7672 var=V1 dir=1 nddensnurneniefnfrrfdnelerdewfwmlinsitwvffrierlkerennddlsrenrahwnugnienoeurforztenndassreillheminwenmeteisendihenerfiedwemdiatrimaneusgrderertrr
NUL 140 score=-13.0696 var=V1 dir=1 mdinuenvmrwwzdemirrenfestanfoneidleerfrofnersretlwentesnenswkstrrrenrlgwhwmairdiihnunnenderernmidiffehdierdreutneunfieirnesreanineflaredglnsdeld
NUL 141 score=-13.0901 var=V1 dir=1 omrieieleiwirhntflrdsrshinerrlwenktdlrfalsetdaminzendrnmerwdnrflrfignnesniegwrmrerdinnurnneffenmrwereedvendendeirdnaheertitusduewainenefunossefe
NUL 142 score=-13.1915 var=V1 dir=0 kdlerrswiainnerdindwertmwnesfeunwierensaundereidgiftreieennrwelnemwnfiefierdndnzlfldnrmsoeterfendheramiteverrnsamlfedregternrnhrhsinnudernlsiufo
NUL 143 score=-13.0661 var=V1 dir=1 heiiurrefferdotrveherdsesnfederrewerwklizeedeendindrimatenstaliffilgeidantresennnulrtrinnuhrmwemdwrnrrnlennsinsennrmmdundeeniienrffdarlegewowsfn
NUL 144 score=-13.2236 var=V1 dir=0 imnrswnmensferitftermerufiltduhegendrehintrdsurnwendsanrifreneleorawegsierforzneulerefiehendaererlwnvfnedreilssenmendmkfeiddarniritendnnnnliwdrw
NUL 145 score=-13.0533 var=V1 dir=0 annenetwwhdenmrgsinmissnureirrtrwirlesfendersiehlenundnrenlndvrafeiheintnurlogneuenwetwamroffsedfndeninneesermteekilddirrdmdlrfrrdrreffeenziiewa
NUL 146 score=-13.1384 var=V1 dir=0 rvdnnorergefrnfedasdhlzesnetwlnewemmnnrerwswdldmfffinnurfenefewddashtieisigeneinfrndurstdadeneereserenedulenmtonteiinerwiririullrinerkrrerhainnm
NUL 147 score=-12.9860 var=V1 dir=0 nardentrrfnsfekietaleiunstmenerfowdrelfeuenndieldwnvdrwlerfrfdhnnssienddnnenfeiemerrwinfolaterremnhmgdierwitenieienesslinidewuhrurranzrnderesgrm
NUL 148 score=-13.0851 var=V1 dir=0 nonrifenemrrnnnerrseinrfenfasehhshieremerefzlwenninennwmstdmnfrlrlsenfrdeinedkfantwddeinredderwungtedgetsiwrluuseiderwiruandfliederverormeitnlia
NUL 149 score=-13.1770 var=V1 dir=1 serzmndhasgnlanweredeeinensmomanndinnururewedelinfeatmieknfdiellrreserfieieeseniotwernhnuihrereffwrfrnrnenddierfwdurgwstrednimtelnlfrrteinnrvsdd
NUL 150 score=-12.7979 var=V1 dir=1 rdrdenisndnsrrewireeinendnutdendlieminfmvtlrifernwsarwhgweinefrmfinwidrenunskrzildrineemsurnehortwunffndsehsemargeneleelierareneldfanftdertrenoe
NUL 151 score=-13.3371 var=V1 dir=1 hmirleiriflendnfnhrnentsfriendradeddwslerrnwenleresslnihinteiiroefoewenerresnetamreddentmanszedmwirdkffremnungurtfdrninnenwefuivlwiareeerngrused
NUL 152 score=-12.9956 var=V1 dir=0 ezhernseelervmnmesenenrmteufeinunktingdaffrigirrrewertiaundestwortedrrnerrdlesfwwnhenmihwrnndriawdfdefnnnoderdelinesieealsrmlereninendifnifursld
NUL 153 score=-13.0286 var=V1 dir=1 runrmwenneteienfaomghevalfsmusserdirsdefftwnrldsifnidrnnnimdoidewezhfrernwaredenkeildelswnndeenisdrhnetefrrtenergerliemerurtrdauliwireinnenfrenn
NUL 154 score=-13.3298 var=V1 dir=0 ilossirnenderrfrrinrrontivfnsniettderdifeneilenarnnmwermirrfwarwnueunindlisegeldenefnehntlhddlgrenrenkweadmmeefedwarmszeihresfninefusunwdrtderee
NUL 155 score=-12.6569 var=V1 dir=1 udredihrunkfennherteerlasnirrnoserendelsalflmanwinerrrnmedisteweguleieinfidffnimedntrdenedezwserntinwermisondehenlndenrawfiumingerewrfrsdenfrrvt
NUL 156 score=-13.0253 var=V1 dir=1 wwrarinerrmderitenanwurddasegrodfdeledranlheenernsimwefrtfrnsirovfreinenssneintdrgdinelesnitihmnnunfrufesieddmzewlkedrnleweireneufeertmhirnenfnl
NUL 157 score=-13.1708 var=V1 dir=1 eedannneiferzeieniekrenddargwwdmmaseindvewntgennmfiindrewnerudiefuhronuenrfenlrrttsrnmwrrsremrntwelfeduhoreffidinsnerelselstiefisrrhdnenallernid
NUL 158 score=-13.0615 var=V1 dir=1 wennrrlinireeuemirriefzieihmrreleiefuhwirdmvndenssndandldatrtmonderelaninlesdnreleekrnfstmerestrinrnugefsdurwodargeteneinnenfhnwdenfresidenrwffw
NUL 159 score=-13.2226 var=V1 dir=0 fdergftenzinswasesreiddldregenunsmfforefifaewieonemhuemsernretntdenienirekierennwinleeinerdehdielwvamihlldernrdwdlnrfurtewurtsrnnnrmirrendnsafrn
NUL 160 score=-13.1269 var=V1 dir=1 nrsenroenufermfrofsstnndfurgeridwrreinmanderrerwieasstiemeizerereienelleerfdnunlnwmsindmengrineartnenderwdeddentaredfhwdfhstllnnelheviiiiwnfunkr
NUL 161 score=-13.2001 var=V1 dir=0 delinigdanernienfrrfrldrkerdintalwdneheolowieserafeereneeinwrrmhhufersdlnseurwagiteunrlsemirrfnewensdifutfsierenendestemindetzndnfrrndniemmnnwrv
NUL 162 score=-12.9822 var=V1 dir=1 hrnrndrsendwieiterishsedwuidentmeiaedemkwfgahrdnenlwenigflnovwranwiefritesfllisferndiednnrennenurrumlindemennifortrnferdfrenamrenrezerledeusster
NUL 163 score=-13.1434 var=V1 dir=1 nefreuawadwerinefeiennnmitvfinemteunesrgwnenwendsitefrkdudanrrnidernhfelerfedimmlenrrntwiuorziienissehesdenallmlhsrtinerldenfrrfnrronddgeserwerd
NUL 164 score=-13.0283 var=V1 dir=0 lurrinneinemewlernreiesiendharrmlendtndwsofaaidwenneeefonsfdenntmirsundkufsremeilfaderreiinftinndinrerdrerzienfedwerslfnthtgdswglmereunenervhrrw
NUL 165 score=-13.0187 var=V1 dir=0 inemumendsfferndafagennurrisselnwlzrnrnehluedesrerftmertwrrdwirerneilfeiesoemrdntenerafhdrwidfeihrnwondenrtfragnrndendllwedieskmeisieunennenivit
NUL 166 score=-13.1245 var=V1 dir=1 rmwerhalrewmdvntndiirrielenwediehurugnomedenffwrwieerrfdemsennsemnkftihnalfnrworienerzrieitirgnfulsdlerdenntdarenisnludenfreseadtressiennfnerend
NUL 167 score=-12.9629 var=V1 dir=1 lflirdiinunwehnnernevndofunstwenwererrnddennawslnzuareeifmeidtredrilirnfrreergdernetrehenistindimmenrmnidnetfildlrressnossurgdemfahfekenwwaferee
NUL 168 score=-12.9971 var=V1 dir=0 dnefflemnnhedenteleutersfineleirdidrernunlundrnnawhedimeriesfennngdersefundadrtiiewardrlermkldrieronwsfamrsietrorwfznsweenniehterneinnvrmwgsiefr
NUL 169 score=-12.8029 var=V1 dir=0 fdlesvonetrftsarmnndfdedetlindeewtnfarrreanwirwierzgeeimdenhisenruhrntnlnmirinnirininenunwimwainheelesenedenkefsermfrfwerordnudersgleesulrfredrd
NUL 170 score=-13.0734 var=V1 dir=1 srsdfdertetwenereferakeinhmlrinddinrrtlimerrewgtdenfendrswmhieverfeiwenwemernnerunonenineaaeunrilninwsrduumeslinerfshfdrinfgstfernediznandlerdol
NUL 171 score=-13.1806 var=V1 dir=1 wfriesenandrefgfenndosiesusnehnfgiereilerkediinattnurdotiianzenmrsienswetelnnlernelriwrterlinarrewernndfddwrrndiesnererddelfmmunwevufherfrmdhnem
NUL 172 score=-13.3364 var=V1 dir=1 meddtolfdererrnlsnwftrtfrinerensrerreeznenkhnrungtlndrfenwerwieeineiewoelelisiiamusrinsfsfewrnhnveannneinurwiedenslrrarfeerdindfunddddmehgematmi
NUL 173 score=-13.0194 var=V1 dir=0 derannrresrwfdeorenimruannfrereimgerndneeufiktedemflnettzriiniefengeeheinsundwwsdsiwsenlitefhenannhenurledriermdfrwdfendlersinlarrvondsirrtelnwm
NUL 174 score=-13.2217 var=V1 dir=1 onleetefrissenaheerefrunslnsihmrftdridewllannirriewndrendemusdnrfednerdnidwerenwerineneiteagdiewfmeldsvngsmnrrftruznnkweinorrenndftfleirauhereim
NUL 175 score=-12.8929 var=V1 dir=0 rgmetnderrihufenweshhllniremeninsreindimverenkfwirdfseruwnrnllerduodersweniezetefeanfgenwemraseittefildeadmonrnienrsrndennernfnrundirferddwistal
NUL 176 score=-13.1777 var=V1 dir=1 wfnsrieduwgaivgwnnwennlssreferadikenderefreiruhlfndwrfsemnsrrdenfindmerlsennednheumsnzorreinehmlledrerefrinderdriterflnenmitttoenuntriweaaiednie
NUL 177 score=-13.3677 var=V1 dir=1 eeleeoduarfeveindilweidsrarmerrrearmuhrfeduntenerrentemhdnwiekinurfrhrdtsntlnisrseiznnsnefnwsgdnfreirdindamernwdrnninillnsfreoffenweiteemwedelng
NUL 178 score=-12.8438 var=V1 dir=0 iminerddwirluhndafgnesofrregseheewewteindflaidaninilznsumdransererhdiewirwdfeinnennnormmefrerklrdenenweneedinrrurtnunsvdriteremesernfenrtfesfllt
NUL 179 score=-12.9719 var=V1 dir=1 zesedannesrenneruhasfrgosdinermwlrffestudihrrwintlenntdlrrdnuhrwieneendregeldninerrteaemeflidierineveerwerenrirtfemmfumdfinnnkfnewsdadlinenswiro
NUL 180 score=-13.1178 var=V1 dir=1 rrdeilhereanzldfeserwsihmlfwdsrennunninrlwirraugfifuroteaseefermermisfrisnennetngsnnmulhrddirenwereiteaniendokentemrwdnrndetvirddendwireefnenfel
NUL 181 score=-12.9655 var=V1 dir=0 rsnengewrirtwennslldusenwenieiderdfreseeloefenetverliedddirzlieendnuhmernfwrrkerernrilerinunoffrtmernriffedetagwndsudannsadersnentnfiwahimmrimnh
NUL 182 score=-13.2841 var=V1 dir=0 ksideinferiffiernnwhaeedaerrewsnnnonlengnvgnertdaehzuertiererfewmsrsfineferwnsneitfnlessdennddrnordtriwrrnifrmnurdeduliletemlenderamlehnierimwud
NUL 183 score=-12.9890 var=V1 dir=1 emrweurenrrnwufmawsfnendhennmwentesfieilunanerleiveltzenimniresentrdrinderroirdiernenngftwelseshemereilinfdarnfurrohndflferdwendigrsdsndatdreiek
NUL 184 score=-12.9347 var=V1 dir=1 frfeehrarfndodnoreleetennawrfewehtsrindmirmewengendntnnwimramkederdanleennwersdldreeurersneilurrtwgrieilsesndvsisfndfurlitennihneinunfiedirmerfz
NUL 185 score=-13.2992 var=V1 dir=1 nddernsesertenhirlrnkrfelzrnimmffhnsenenhirrenruaeswaielrdgelnddrwradrftrewersonemfennmnrnntdrffiseernewiedfileistdinluiewintevreudeinegwdeanuom
NUL 186 score=-12.9655 var=V1 dir=0 tzenngniendlewinhinfertrnfwendeenddaumetrlenwarwerfuierseiefrvrorusrnsrinkondiemtlrmifwginnimfrsfrrsauwrdlasnenntleshenidrehredmlrnfediedeendeee
NUL 187 score=-13.0831 var=V1 dir=0 lmedefegnseamnritekehrtdennrfenfernnwieddufnodefrweidersrnwhewenelnzrenenlirsdiurierrnafunwietrwninetevonnfdalihnfinddamessstirsdrrmmergulilerer
NUL 188 score=-13.5024 var=V1 dir=1 ateseemeerwenwelnunfhsnurfrinltrinnmiueeoellerediandinenhdiwinendrelgrdensernrnlrnnfieereserrfuratvwahegofdmkimmzrntinfewrseiddstnerdernwidrfsdf
NUL 189 score=-13.0589 var=V1 dir=1 rdwznemntdensfedodeereslannefedfknfowmwfinngedeihneamnidhedilereltrafrrnwirrrsnrinuiehintelwusssrrmeirneillimrnrienswgfrendendeteedertrenuraufnv
NUL 190 score=-13.3899 var=V1 dir=1 erteingeweronmmsedlnmnunsfsinnneanltneniarhnodeifranewedeverlehrtdieedssedunehurifrkwwfdiefndiezsrfrtunnirrerrisiifarweldnlerwnntrdrermegenfelmd
NUL 191 score=-12.7634 var=V1 dir=0 lenienswrzesiedergwnffternsdemensonnervihrrdfadftfindenlaidernmunrundknwiideereautsenetenrlrmerartsfrderiminnmeeorgnerwdienwehfhrdlenflierlniwsu
NUL 192 score=-13.2997 var=V1 dir=1 wediesionkdenftrefnmrrtnirdesinmlnrzirsdualtnundelmrfgrfrennwslndwwumenaiemahrlfestrinesannrfderrnreerrfwignvenidesedenlehdetrifurihdeneeweieneo
NUL 193 score=-13.0201 var=V1 dir=1 fnsridlhrwirareirdesrinnmenreieweleenhenswnmadomoriemlevrtrefsinnenflfgefuwirdengdirtdiesneneeddiwnkztnenerenndrattsmasrerrillufuhurfnenerndwdfe
NUL 194 score=-13.1085 var=V1 dir=1 evonneedlinemrwdrlsderrzerunuiseintarlrwaewfeitishendefoeightherinreditswlmerknftrsnasemdmenwirnwirnufdrrfdernannflsdnenelfrdmiegneineuenenerdfr
NUL 195 score=-13.3200 var=V1 dir=1 llderdieletotfrdrmthendherrnnnaildnhsnlnnourrmnneinmrgedarefirrrerkenserweiltnerefiinwgswmneerweifrnunfdasdrnsieerweifenusefzidsdnmeniedeteuvwaf
NUL 196 score=-13.0540 var=V1 dir=0 noiruhrieerendrfnfriendderewerstienwirsnelanflfirernnraftldrufsemsdesindtenernihneeowsfnwieniaundmerilmegegreltddermnnwnrkeimnahwzvtuedldnsrerfe
NUL 197 score=-13.1858 var=V1 dir=1 wmatenenewirdenuamelfdmmeieuleninnseemoagrasdiriferfwendersdrnriernvddierforsdrndlewrdsftlinlutreuegetnerinhntnrkwfennnersfirzeihneserliwhrnedfn
NUL 198 score=-12.9392 var=V1 dir=1 hrinsnnsdenwierfdenriragelaseatelseifeewlnditenwknhwltinsgddurzttronivenflnnnnremfreserenfirmiferndiesmrmennroeldemrendehenwieruiddurerfaderruwf
NUL 199 score=-13.4041 var=V1 dir=0 lwnfoinweswennteteanensavsnormrdrewdhunremrrfsimfllrrddezddufdiglftdennnnerfelekerienndregrhwrmrunddiesiirmhwuenserlerrineatfenefernieniiniesate
