ABSCISSA
AGENCY
AGENT
ALEXANDER
ALEXANDERPLATZ
ANSWER
ANTECHAMBER
ANTIPODES
ARTIST
AZIMUTH
BEARING
BEAUFORT
BERLIN
BERLINCLOCK
BERLINCLOCKS
BERLINER
BERLINERMAUER
BERLINWALL
BRANDENBURG
BRANDENBURGGATE
BREACH
BURIED
CAIRO
CALENDAR
CANDLE
CANDLELIGHT
CANYOUSEEANYTHING
CAPITOL
CARNARVON
CARTER
CASEY
CENTRALINTELLIGENCE
CHAMBER
CHARLIE
CHECKPOINT
CHECKPOINTCHARLIE
CIA
CIPHER
CLOCK
CLUE
CODE
COMPASS
CONCEALED
COPPER
COURTYARD
COVERED
CRYPTANALYSIS
CRYPTO
CRYPTOGRAPHY
CYRILLIC
CYRILLICPROJECTOR
DAVIDSTEIN
DEBRIS
DECODE
DECRYPT
DEGREES
DELIVERINGAMESSAGE
DESPARATLY
DESPERATELY
DETAILS
DEUTSCHLAND
DIGETAL
DIRECTION
DOORWAY
DULLES
DUNIN
EAST
EASTBERLIN
EASTNORTHEAST
EDSCHEIDT
EGYPT
EGYPTIAN
ELONKA
ENCODE
ENCRYPT
ENE
ENIGMA
ENIGMAS
ENIGMATIC
EPOCH
EQUINOX
ESPIONAGE
FALL
FALLOFTHEWALL
FBI
FLICKER
GERMANY
GILLOGLY
GIRASOL
GIZA
GMT
GRANITE
GREENWICH
HEADING
HEADQUARTERS
HIDDEN
HIDE
HIDING
HINT
HIRSHHORN
HOLE
HOUR
HOWARD
HOWARDCARTER
IDBYROWS
ILLUSION
INTELLIGENCE
INTERPRETATIU
INVISIBLE
IQLUSION
JIMSANBORN
JOHNEW
KEY
KEYWORD
KGB
KING
KLOCK
KRYPTA
KRYPTOS
KRYPTOSSCULPTURE
LANGLEY
LAT
LATITUDE
LAYER
LAYERTWO
LOCALTIME
LOCATION
LODESTONE
LONG
LONGITUDE
LORDCARNARVON
LUCID
LUXOR
MAGNET
MAGNETIC
MAUER
MCLEAN
MEDUSA
MEMORY
MERIDIAN
MESSAGE
MINUTES
MIST
MONTGOMERY
MORSE
MORSECODE
MYSTERY
MZFPK
NEWHEADQUARTERS
NILE
NINETEENEIGHTYNINE
NOAA
NORTH
NORTHEAST
NORTHWEST
NOVEMBER
NRO
NSA
NYPVTT
OBSCURE
OCEANOGRAPHIC
OFFSET
ONETIMEPAD
ORIGIN
ORIGINS
OSS
OSTBERLIN
PAD
PALIMPSEST
PASSAGE
PETRIFIED
PHARAOH
PLATZ
PLAYFAIR
POINT
POOL
POTSDAM
PRESSMAN
PROJECTOR
PURPLE
PUZZLE
PYRAMID
QUAGMIRE
QUARTZ
QUESTION
RAND
RANDCORPORATION
REUNIFICATION
RIDDLE
SANBORN
SCHEIDT
SCHWARTZ
SCREEN
SCULPTOR
SCULPTURE
SEASON
SECONDS
SECRET
SHADOW
SHADOWFORCES
SLATE
SLOWLY
SMITHSONIAN
SOLSTICE
SOLUTION
SOUTH
SOUTHEAST
SOUTHWEST
SPANDAU
SPHINX
SPIES
SPY
STASI
STEIN
SUNDIAL
TEHB
TEMPELHOF
TEN
TENB
THEBES
THEWHITEHOUSE
THINGS
TIME
TIMEZONE
TOMB
TOTALLY
TUT
TUTANKHAMEN
TUTANKHAMUN
TWO
UNDERGROUND
UNDERGRUUND
UNKNOWN
URANIA
URANIAWELTZEITUHR
UTC
VALLEYOFTHEKINGS
VEIL
VENONA
VIGENERE
VIRGINIA
VIRTUALLY
WAHLSTROM
WALL
WASHINGTON
WEBSTER
WELTZEITUHR
WEST
WESTBERLIN
WHATSTHEPOINT
WILLIAMWEBSTER
WNW
WONDERFUL
WOOD
WORLDCLOCK
WORLDTIMECLOCK
XLAYERTWO
ZULU
