RÉEL : {'T1': 18, 'T2': 13, 'T3': 12, 'T4': 1, 'T5': True} profil [20, 17, 17, 17, 17, 16, 15, 14, 12, 12, 11, 11, 9, 3, 2, 1, 1, 1]
mécanisme                        langue T1 moy T2 moy T3 moy T4 moy   P(T1<=18&T3>=12&T4<=1) p profil
M1 injectif                      en    22.0   21.0    7.8    8.5                   0.0000   0.0005
M1 injectif                      fr    20.5   19.4    8.2    6.2                   0.0000   0.0033
M1 injectif                      de    21.1   20.2    7.1    8.6                   0.0000   0.0033
M1 injectif                      it    20.0   19.1    7.8    7.5                   0.0000   0.0033
M1 injectif                      es    20.8   19.7    7.7    6.8                   0.0000   0.0033
M1 injectif                      la    20.4   19.4    8.3    7.1                   0.0000   0.0033
M1 injectif                      nl    21.4   20.5    6.4    9.7                   0.0000   0.0033
M1 injectif                      eo    19.6   18.6    7.7    7.0                   0.0000   0.0133
M6 nulle 1/3 (uniformes)         en    24.7   24.0    6.7   12.6                   0.0000   0.0005
M6 nulle 1/3 (uniformes)         fr    24.6   23.8    6.7   11.9                   0.0000   0.0033
M6 nulle 1/3 (uniformes)         de    24.7   23.9    6.4   12.7                   0.0000   0.0033
M6 nulle 1/3 (uniformes)         it    24.6   23.7    6.9   12.0                   0.0000   0.0033
M6 nulle 1/3 (uniformes)         es    24.7   23.9    6.6   12.2                   0.0000   0.0033
M6 nulle 1/3 (uniformes)         la    24.7   23.8    7.2   12.0                   0.0000   0.0033
M6 nulle 1/3 (uniformes)         nl    24.6   23.9    5.9   13.3                   0.0000   0.0033
M6 nulle 1/3 (uniformes)         eo    24.6   23.8    6.7   11.9                   0.0000   0.0033
M6 nulle 1/3 (lettres rares)     en    24.2   23.2    7.9    9.8                   0.0000   0.0005
M6 nulle 1/3 (lettres rares)     fr    22.1   21.1    7.9    7.7                   0.0000   0.0033
M6 nulle 1/3 (lettres rares)     de    23.0   22.1    7.5    9.9                   0.0000   0.0033
M6 nulle 1/3 (lettres rares)     it    22.1   21.3    8.5    8.3                   0.0000   0.0033
M6 nulle 1/3 (lettres rares)     es    22.7   21.7    8.1    8.5                   0.0000   0.0033
M6 nulle 1/3 (lettres rares)     la    22.4   21.4    8.7    7.6                   0.0000   0.0033
M6 nulle 1/3 (lettres rares)     nl    22.8   21.8    7.7    9.1                   0.0000   0.0033
M6 nulle 1/3 (lettres rares)     eo    21.6   20.6    8.2    7.6                   0.0000   0.0100
M6 nulle 1/3 (cases déjà utilisées) en    21.0   20.4    7.9    8.7                   0.0000   0.0025
M6 nulle 1/3 (cases déjà utilisées) fr    19.6   19.0    8.3    7.2                   0.0000   0.0100
M6 nulle 1/3 (cases déjà utilisées) de    20.3   19.8    7.5    8.5                   0.0000   0.0066
M6 nulle 1/3 (cases déjà utilisées) it    19.3   18.8    8.1    7.5                   0.0000   0.0133
M6 nulle 1/3 (cases déjà utilisées) es    19.6   19.1    8.0    7.6                   0.0000   0.0066
M6 nulle 1/3 (cases déjà utilisées) la    19.6   19.1    8.4    7.4                   0.0000   0.0100
M6 nulle 1/3 (cases déjà utilisées) nl    20.7   20.0    6.9    9.5                   0.0000   0.0033
M6 nulle 1/3 (cases déjà utilisées) eo    18.7   18.2    8.1    6.8                   0.0033   0.0166
M6 nulle 1/4 (uniformes)         en    24.5   23.6    7.1   11.5                   0.0000   0.0005
M6 nulle 1/4 (uniformes)         fr    24.3   23.2    7.3   10.4                   0.0000   0.0033
M6 nulle 1/4 (uniformes)         de    24.4   23.4    6.5   11.6                   0.0000   0.0033
M6 nulle 1/4 (uniformes)         it    24.2   23.1    7.0   10.7                   0.0000   0.0033
M6 nulle 1/4 (uniformes)         es    24.3   23.2    7.0   10.8                   0.0000   0.0033
M6 nulle 1/4 (uniformes)         la    24.3   23.2    7.6   10.6                   0.0000   0.0033
M6 nulle 1/4 (uniformes)         nl    24.4   23.5    5.9   12.6                   0.0000   0.0033
M6 nulle 1/4 (uniformes)         eo    24.2   23.0    7.1   10.4                   0.0000   0.0033
M6 nulle 1/4 (lettres rares)     en    24.4   23.5    7.3   10.4                   0.0000   0.0005
M6 nulle 1/4 (lettres rares)     fr    22.3   21.3    7.7    8.0                   0.0000   0.0033
M6 nulle 1/4 (lettres rares)     de    23.2   22.4    6.8   10.1                   0.0000   0.0033
M6 nulle 1/4 (lettres rares)     it    22.3   21.5    8.0    8.7                   0.0000   0.0033
M6 nulle 1/4 (lettres rares)     es    22.9   21.9    7.4    8.9                   0.0000   0.0033
M6 nulle 1/4 (lettres rares)     la    22.5   21.5    8.5    7.8                   0.0000   0.0033
M6 nulle 1/4 (lettres rares)     nl    23.1   22.1    7.2    9.3                   0.0000   0.0033
M6 nulle 1/4 (lettres rares)     eo    21.7   20.8    8.0    7.9                   0.0000   0.0066
M6 nulle 1/4 (cases déjà utilisées) en    21.4   20.7    7.8    9.1                   0.0000   0.0010
M6 nulle 1/4 (cases déjà utilisées) fr    19.8   19.2    8.1    7.3                   0.0000   0.0100
M6 nulle 1/4 (cases déjà utilisées) de    20.6   20.0    7.3    8.8                   0.0000   0.0066
M6 nulle 1/4 (cases déjà utilisées) it    19.5   18.9    7.9    7.6                   0.0000   0.0066
M6 nulle 1/4 (cases déjà utilisées) es    20.0   19.3    8.0    7.7                   0.0000   0.0066
M6 nulle 1/4 (cases déjà utilisées) la    19.9   19.2    8.3    7.7                   0.0000   0.0033
M6 nulle 1/4 (cases déjà utilisées) nl    20.9   20.3    6.7    9.9                   0.0000   0.0033
M6 nulle 1/4 (cases déjà utilisées) eo    18.9   18.4    8.0    7.0                   0.0000   0.0100
M6 nulle 1/5 (uniformes)         en    24.3   23.3    7.3   10.9                   0.0000   0.0005
M6 nulle 1/5 (uniformes)         fr    24.0   22.9    7.5    9.6                   0.0000   0.0033
M6 nulle 1/5 (uniformes)         de    24.1   23.1    6.6   11.3                   0.0000   0.0033
M6 nulle 1/5 (uniformes)         it    23.9   22.8    7.3    9.7                   0.0000   0.0033
M6 nulle 1/5 (uniformes)         es    23.9   22.8    7.1    9.9                   0.0000   0.0033
M6 nulle 1/5 (uniformes)         la    24.0   22.9    7.8    9.8                   0.0000   0.0033
M6 nulle 1/5 (uniformes)         nl    24.2   23.2    6.0   11.9                   0.0000   0.0033
M6 nulle 1/5 (uniformes)         eo    23.8   22.7    7.3    9.6                   0.0000   0.0033
M6 nulle 1/5 (lettres rares)     en    24.4   23.6    6.7   11.3                   0.0000   0.0005
M6 nulle 1/5 (lettres rares)     fr    22.4   21.4    7.1    8.5                   0.0000   0.0033
M6 nulle 1/5 (lettres rares)     de    23.2   22.4    6.3   11.3                   0.0000   0.0033
M6 nulle 1/5 (lettres rares)     it    22.4   21.6    7.2    9.8                   0.0000   0.0033
M6 nulle 1/5 (lettres rares)     es    22.8   21.9    6.8    9.4                   0.0000   0.0033
M6 nulle 1/5 (lettres rares)     la    22.6   21.8    7.9    8.9                   0.0000   0.0033
M6 nulle 1/5 (lettres rares)     nl    23.1   22.1    6.7   10.0                   0.0000   0.0033
M6 nulle 1/5 (lettres rares)     eo    21.8   20.9    7.5    8.5                   0.0000   0.0100
M6 nulle 1/5 (cases déjà utilisées) en    21.5   20.8    7.7    9.1                   0.0000   0.0005
M6 nulle 1/5 (cases déjà utilisées) fr    20.0   19.2    8.1    7.3                   0.0000   0.0066
M6 nulle 1/5 (cases déjà utilisées) de    20.6   20.0    7.3    8.8                   0.0000   0.0033
M6 nulle 1/5 (cases déjà utilisées) it    19.7   19.0    7.8    7.9                   0.0000   0.0066
M6 nulle 1/5 (cases déjà utilisées) es    20.2   19.4    7.9    7.7                   0.0000   0.0033
M6 nulle 1/5 (cases déjà utilisées) la    20.0   19.3    8.4    7.7                   0.0000   0.0033
M6 nulle 1/5 (cases déjà utilisées) nl    21.0   20.4    6.5    9.9                   0.0000   0.0033
M6 nulle 1/5 (cases déjà utilisées) eo    19.0   18.4    7.9    7.2                   0.0000   0.0066
M7 Playfair                      en    24.3   23.5    6.9   11.5                   0.0000   0.0005
M7 Playfair                      fr    24.0   23.1    6.9   11.0                   0.0000   0.0033
M7 Playfair                      de    24.2   23.3    6.7   11.5                   0.0000   0.0033
M7 Playfair                      it    23.9   23.1    7.1   10.6                   0.0000   0.0033
M7 Playfair                      es    23.7   22.7    7.4    9.9                   0.0000   0.0033
M7 Playfair                      la    24.0   23.1    7.0   10.8                   0.0000   0.0033
M7 Playfair                      nl    24.2   23.3    6.8   11.4                   0.0000   0.0033
M7 Playfair                      eo    23.6   22.7    7.2   10.1                   0.0000   0.0033
M11 Vigenère L3-8                en    24.8   24.3    5.8   13.4                   0.0000   0.0005
M11 Vigenère L3-8                fr    24.6   24.1    6.3   13.0                   0.0000   0.0033
M11 Vigenère L3-8                de    24.8   24.3    5.9   13.3                   0.0000   0.0033
M11 Vigenère L3-8                it    24.6   24.1    6.0   13.1                   0.0000   0.0033
M11 Vigenère L3-8                es    24.7   24.1    6.2   13.2                   0.0000   0.0033
M11 Vigenère L3-8                la    24.7   24.2    6.0   13.2                   0.0000   0.0033
M11 Vigenère L3-8                nl    24.8   24.2    6.0   13.3                   0.0000   0.0033
M11 Vigenère L3-8                eo    24.6   24.1    6.1   13.1                   0.0000   0.0033
M12 homophones                   en    24.5   23.7    7.0   11.3                   0.0000   0.0005
M12 homophones                   fr    22.8   21.8    7.8    9.1                   0.0000   0.0033
M12 homophones                   de    23.2   22.2    7.4    9.9                   0.0000   0.0033
M12 homophones                   it    22.5   21.7    7.4    9.7                   0.0000   0.0033
M12 homophones                   es    23.0   22.1    8.8    7.9                   0.0000   0.0033
M12 homophones                   la    22.8   21.9    7.8    9.4                   0.0000   0.0033
M12 homophones                   nl    23.5   22.6    6.3   12.1                   0.0000   0.0033
M12 homophones                   eo    22.1   21.3    6.5   10.3                   0.0000   0.0033
M15 omissions 5%                 en    22.0   21.0    7.9    8.5                   0.0000   0.0010
M15 omissions 5%                 fr    20.6   19.4    8.2    6.1                   0.0000   0.0033
M15 omissions 5%                 de    21.2   20.2    7.1    8.6                   0.0000   0.0033
M15 omissions 5%                 it    20.0   19.1    7.7    7.4                   0.0000   0.0033
M15 omissions 5%                 es    20.7   19.6    7.7    6.8                   0.0000   0.0033
M15 omissions 5%                 la    20.5   19.4    8.2    7.2                   0.0000   0.0033
M15 omissions 5%                 nl    21.4   20.5    6.7    9.6                   0.0000   0.0033
M15 omissions 5%                 eo    19.5   18.5    7.7    6.8                   0.0000   0.0066
M4v Wolseley-numéro              en    12.9   12.7    8.5    2.8                   0.0015   0.0005
M4v Wolseley-numéro              fr    12.5   12.1    8.3    2.4                   0.0000   0.0033
M4v Wolseley-numéro              de    12.8   12.6    8.1    3.0                   0.0033   0.0033
M4v Wolseley-numéro              it    12.5   12.2    8.3    2.6                   0.0000   0.0033
M4v Wolseley-numéro              es    12.5   12.1    8.1    2.6                   0.0000   0.0033
M4v Wolseley-numéro              la    12.6   12.3    8.2    2.6                   0.0000   0.0033
M4v Wolseley-numéro              nl    12.9   12.6    7.7    3.4                   0.0000   0.0033
M4v Wolseley-numéro              eo    12.6   12.3    8.2    2.6                   0.0000   0.0033
M8 fractionnation                en    24.7   24.2    6.1   13.0                   0.0000   0.0005
M8 fractionnation                fr    24.5   23.8    6.5   12.4                   0.0000   0.0033
M8 fractionnation                de    24.6   24.0    6.2   12.8                   0.0000   0.0033
M8 fractionnation                it    24.5   23.8    6.5   12.2                   0.0000   0.0033
M8 fractionnation                es    24.3   23.5    6.8   11.7                   0.0000   0.0100
M8 fractionnation                la    24.4   23.8    6.6   12.2                   0.0000   0.0033
M8 fractionnation                nl    24.7   24.1    6.1   12.9                   0.0000   0.0066
M8 fractionnation                eo    24.3   23.6    6.5   12.0                   0.0000   0.0066
M8 : fraction moyenne de paires respectant l'alternance (ligne, colonne) : 0.304 ; fraction des chiffrés où TOUTES la respectent : 0.002682926829268293
S1 indépendance ligne×colonne : G=86.8 ; p=0.0002  (faible p ⇒ PAS un produit ligne×colonne ⇒ contre la fractionnation M8)
S2 colonne  1 retirée : 18 symboles distincts
S2 colonne  2 retirée : 18 symboles distincts
S2 colonne  3 retirée : 18 symboles distincts
S2 colonne  4 retirée : 18 symboles distincts
S2 colonne  5 retirée : 18 symboles distincts
S2 colonne  6 retirée : 18 symboles distincts
S2 colonne  7 retirée : 18 symboles distincts
S2 colonne  8 retirée : 18 symboles distincts
S2 colonne  9 retirée : 18 symboles distincts
S2 colonne 10 retirée : 18 symboles distincts
S2 colonne 11 retirée : 18 symboles distincts
S2 colonne 12 retirée : 18 symboles distincts
S2 colonne 13 retirée : 18 symboles distincts
S2 colonne 14 retirée : 13 symboles distincts
S3 dépendance symbole ~ colonne (colonnes 1-13) : G=173.0 ; p=0.4905
S3 dépendance symbole ~ ligne (colonnes 1-13) : G=194.3 ; p=0.2872
